23
 energy: -49.864721843284 gnorm: 0.071299251818 xtb: 6.7.1 (edcfbbe)
N            1.19515000000000        0.43134000000000        0.25711000000000
C            1.06847000000000       -0.89872000000000        0.04946000000000
C           -0.16757000000000       -1.49453000000000       -0.10175000000000
C           -1.26286000000000       -0.65624000000000       -0.03964000000000
N           -1.16902000000000        0.67833000000000        0.14590000000000
C            0.06820000000000        1.15550000000000        0.28215000000000
C           -2.65444000000000       -1.19094000000000       -0.16309000000000
O           -3.68895000000000       -0.54884000000000       -0.16588000000000
O           -2.69124000000000       -2.53686000000000       -0.26350000000000
C            2.33069000000000       -1.65621000000000        0.02877000000000
C            3.35728000000000       -1.36037000000000        0.94745000000000
C            4.56148000000000       -2.07151000000000        0.95026000000000
C            4.77013000000000       -3.09047000000000        0.02390000000000
C            3.77367000000000       -3.39280000000000       -0.90164000000000
C            2.56911000000000       -2.68439000000000       -0.89655000000000
F            1.62686000000000       -2.98805000000000       -1.80603000000000
Cl           4.04522000000000       -4.64811000000000       -2.04991000000000
H           -0.27452000000000       -2.56154000000000       -0.24853000000000
H            0.17263000000000        2.22520000000000        0.42930000000000
H           -3.65134000000000       -2.73107000000000       -0.32774000000000
H            3.21595000000000       -0.56308000000000        1.67752000000000
H            5.33498000000000       -1.82512000000000        1.67453000000000
H            5.70845000000000       -3.63933000000000        0.02544000000000
23
 energy: -49.868972693904 gnorm: 0.023329096590 xtb: 6.7.1 (edcfbbe)
N            1.19499212417588        0.42121594140124        0.26196061548001
C            1.08212322310318       -0.89609586515046        0.05323313485934
C           -0.16414124461645       -1.49453740394769       -0.10426748921679
C           -1.26511777332259       -0.65441372058813       -0.04005589862680
N           -1.15243924777119        0.66400474015612        0.14385719896044
C            0.07592493101658        1.12999105911080        0.28330868148367
C           -2.65621214056535       -1.18379484671967       -0.15981815172357
O           -3.66687059108417       -0.53187800379285       -0.16595854524227
O           -2.69766035704278       -2.52627944067203       -0.26234160118847
C            2.34304114657344       -1.65584070855800        0.03448796929903
C            3.35945639881716       -1.35389038401788        0.94178622095075
C            4.54932109836058       -2.06366038680447        0.94460980593825
C            4.76035978863843       -3.08096413097212        0.02739332391284
C            3.77071334985634       -3.38890202879936       -0.89482420336180
C            2.57153452981976       -2.68410208550426       -0.88250735016838
F            1.63073167750609       -2.98319422263246       -1.79450205597556
Cl           4.03044239165081       -4.64133620999504       -2.05066418019615
H           -0.27653887678280       -2.55655640112551       -0.25351969038116
H            0.17944291945416        2.19657653833596        0.43284067925303
H           -3.64373833175122       -2.75353933019143       -0.33385221240847
H            3.20557459599514       -0.55895361294830        1.65810155182473
H            5.31738995063031       -1.82036937944822        1.66432092040347
H            5.69000043733870       -3.63129011713623        0.02394127612385
23
 energy: -49.869780244069 gnorm: 0.007678076041 xtb: 6.7.1 (edcfbbe)
N            1.19558206269851        0.41347699714847        0.27089396426327
C            1.08941600206883       -0.89551462761542        0.05529706633829
C           -0.16151733419122       -1.49593709886143       -0.10865615964555
C           -1.26610771061743       -0.65369964669903       -0.04033536689377
N           -1.14223847232516        0.65584905580163        0.14684844031006
C            0.08165498631842        1.11677889622482        0.29033354537440
C           -2.65992461697414       -1.17676810862992       -0.16510289094613
O           -3.65604837800315       -0.51118697587745       -0.16825235897834
O           -2.69982208308977       -2.51751391424159       -0.26285217743857
C            2.34775014100028       -1.65862011046411        0.03801961743002
C            3.35988377179168       -1.34749228131109        0.93995846391965
C            4.54479274620880       -2.05641142797659        0.94195544960808
C            4.75512866433916       -3.07685078109498        0.03102428208902
C            3.76763879139642       -3.38990776595814       -0.89022775357433
C            2.57015907733847       -2.68629365411248       -0.87561267528566
F            1.62742819079373       -2.98663031006795       -1.78544741776130
Cl           4.01704429881516       -4.64214595445770       -2.05016018428979
H           -0.27757639343983       -2.55480527772740       -0.26302718241918
H            0.18515239273953        2.18267757690225        0.44390982327782
H           -3.63273381296432       -2.78244443460299       -0.33875375889149
H            3.19760053833502       -0.54422498863937        1.63989073782611
H            5.31452564416676       -1.81152659959461        1.65536993398675
H            5.68054149359423       -3.62861856814493        0.02245660170065
23
 energy: -49.869936267910 gnorm: 0.005739445675 xtb: 6.7.1 (edcfbbe)
N            1.19625802335542        0.41080791666592        0.27881248911092
C            1.09009453637518       -0.89632670358209        0.05675834017340
C           -0.16120277378292       -1.49688183003193       -0.11150898466214
C           -1.26618723368813       -0.65353380452027       -0.04092508441253
N           -1.14027472214989        0.65469958372698        0.15074356455175
C            0.08317571212054        1.11519691511211        0.29892498739266
C           -2.66270694014382       -1.17383546281604       -0.16513165073012
O           -3.65352258051445       -0.50024440726981       -0.17326826050287
O           -2.69962811523034       -2.51281917279349       -0.26545750578293
C            2.34746850161773       -1.66050467489415        0.03779919735288
C            3.36177354343083       -1.34153347279850        0.93583700170968
C            4.54654014433665       -2.05089432176509        0.93853024804820
C            4.75424533798671       -3.07598910619332        0.03184261079122
C            3.76524542886359       -3.39385007686442       -0.88680658221793
C            2.56689273408081       -2.69100511420196       -0.87247161302102
F            1.62233691617087       -2.99479368568438       -1.77938566706485
Cl           4.01091067044269       -4.64809368160226       -2.04576807662009
H           -0.27847368564575       -2.55463118963518       -0.27109488554785
H            0.18679349531303        2.18081118203133        0.45715529164482
H           -3.62522995828491       -2.79832265888369       -0.34660757560618
H            3.19581236183737       -0.53305216752580        1.62889820763891
H            5.31916410040168       -1.80395779480889        1.64859218516248
H            5.67884450310710       -3.62905627166513        0.02206176259159
23
 energy: -49.870033783806 gnorm: 0.002802990961 xtb: 6.7.1 (edcfbbe)
N            1.19651833278364        0.40828428543948        0.29176567154261
C            1.08903204104499       -0.89742176408299        0.05797386695369
C           -0.16156122110328       -1.49679109191053       -0.11665078395991
C           -1.26598758774538       -0.65307151065625       -0.04095252551100
N           -1.14021544452297        0.65448298847882        0.16044151114753
C            0.08348423565560        1.11496907339132        0.31460162478951
C           -2.66526808662731       -1.17014719538322       -0.17373696226383
O           -3.65175763591738       -0.48976930042344       -0.18284159815052
O           -2.69850455777915       -2.50718062765111       -0.26922619286681
C            2.34597517692189       -1.66196130023332        0.03558476618092
C            3.36478923504224       -1.33388337418581        0.92799324508698
C            4.55026695090653       -2.04306324308561        0.93197033931587
C            4.75391859876012       -3.07551660642728        0.03188044962731
C            3.76196868697097       -3.40046569836996       -0.88164123511025
C            2.56218166803440       -2.69843031832952       -0.86869716330131
F            1.61483681392160       -3.00983468586478       -1.77011682430255
Cl           4.00399617245732       -4.66114858645776       -2.03444697308629
H           -0.27971123845376       -2.55322076997975       -0.28483231727527
H            0.18723829002532        2.17956620071397        0.48108550100959
H           -3.61589565892105       -2.81423040427382       -0.35415868865561
H            3.19727780565365       -0.51803606613870        1.61269315509727
H            5.32737484036443       -1.79111919789505        1.63654020349834
H            5.67837258252755       -3.62982080667475        0.02230093023371
23
 energy: -49.870072944009 gnorm: 0.002180954076 xtb: 6.7.1 (edcfbbe)
N            1.19606272555477        0.40716435043432        0.30005684763309
C            1.08775010487191       -0.89786117692315        0.05851694162771
C           -0.16223582366356       -1.49544331314343       -0.12046796758665
C           -1.26589862597364       -0.65213249231191       -0.04103366965726
N           -1.14124049094250        0.65485864307661        0.16815045645102
C            0.08276430003427        1.11460095325061        0.32662162997902
C           -2.66624133350073       -1.16885207212642       -0.17550552915215
O           -3.65182082922358       -0.48715030119810       -0.19130883271288
O           -2.69723050128994       -2.50471298004625       -0.27283683821433
C            2.34504116828150       -1.66175385168234        0.03318632883329
C            3.36730699164884       -1.32889674422162        0.92093748237604
C            4.55329036942335       -2.03733432346018        0.92577295064728
C            4.75421578138551       -3.07532716951467        0.03105584921514
C            3.75969992349157       -3.40541779652783       -0.87765227323487
C            2.55941065854294       -2.70352754138704       -0.86591924681062
F            1.61030172004845       -3.02137370934170       -1.76316301903864
Cl           3.99957148289983       -4.67317082830568       -2.02305858012169
H           -0.28063503466783       -2.55101768039258       -0.29441798032860
H            0.18665354930805        2.17799892786393        0.49987883275406
H           -3.61121188941566       -2.81828523187659       -0.36226262916599
H            3.20119644991104       -0.50916643285811        1.60155801454590
H            5.33265969470707       -1.78119723702489        1.62667675753036
H            5.67891960856831       -3.62981199228308        0.02274447443074
23
 energy: -49.870123443858 gnorm: 0.003366053650 xtb: 6.7.1 (edcfbbe)
N            1.19511289849445        0.40562489031961        0.31075520899300
C            1.08632068344594       -0.89814291205495        0.05798178626166
C           -0.16327242803835       -1.49280319900043       -0.12689834587242
C           -1.26610673388776       -0.65046078863315       -0.04070505781050
N           -1.14286474193552        0.65514204032434        0.18056160244128
C            0.08158959376477        1.11314162723930        0.34358705792091
C           -2.66662571718976       -1.16727841113245       -0.18186932080385
O           -3.65257776337233       -0.48642393115206       -0.20412223976693
O           -2.69559571191143       -2.50273938508368       -0.27598499062745
C            2.34418411342849       -1.66090088227232        0.02923750257044
C            3.37058695060568       -1.32225446788588        0.91048374937416
C            4.55706648889841       -2.02952924967818        0.91685877958443
C            4.75495016185007       -3.07501644415099        0.02990303389682
C            3.75700964643456       -3.41212255018020       -0.87200069889092
C            2.55652778695090       -2.71019876511924       -0.86223608880505
F            1.60572760025042       -3.03680916110373       -1.75445273836116
Cl           3.99399465791661       -4.69070363981782       -2.00594867170221
H           -0.28200236441204       -2.54700241560528       -0.30946554941329
H            0.18573374381118        2.17456923079676        0.52750438631376
H           -3.60728606555785       -2.81907125797613       -0.36949927021385
H            3.20739324927480       -0.49809914040999        1.58654973984121
H            5.33848334587834       -1.76739857032352        1.61322644236441
H            5.67998060530040       -3.62933261710016        0.02406368270552
23
 energy: -49.870198092392 gnorm: 0.004616528497 xtb: 6.7.1 (edcfbbe)
N            1.19355306680138        0.40251394493920        0.32766303912149
C            1.08499549888236       -0.89854521192605        0.05653178411903
C           -0.16477744040391       -1.48849870004067       -0.13820343951886
C           -1.26694223734626       -0.64761641382044       -0.04016356224646
N           -1.14496216205835        0.65478783810963        0.20147596127524
C            0.08006370628101        1.10920561007559        0.37164559921757
C           -2.66662756380015       -1.16508954315342       -0.19143821613268
O           -3.65374403437907       -0.48649964019284       -0.22705540833256
O           -2.69353261334631       -2.50096743272141       -0.27934382660123
C            2.34345232746789       -1.65969045744803        0.02301776605966
C            3.37574432876673       -1.31128107200539        0.89360488706560
C            4.56286637784176       -2.01680299374706        0.90242481444576
C            4.75633357999023       -3.07426789651086        0.02842477874933
C            3.75293707350589       -3.42284757134723       -0.86255749816870
C            2.55264666392482       -2.72063475461712       -0.85613855891235
F            1.59935722769646       -3.06083372783342       -1.74067553156788
Cl           3.98416680931622       -4.71925736695433       -1.97783327878655
H           -0.28442320668321       -2.54008831884745       -0.33543522565527
H            0.18469146264552        2.16744073296401        0.57287589561485
H           -3.60404336963418       -2.81680057196601       -0.38049704778548
H            3.21758067125591       -0.47955912029729        1.56175910720856
H            5.34735756105896       -1.74433357240984        1.59109727357193
H            5.68163627221625       -3.62814376024976        0.02635068725896
23
 energy: -49.870279087416 gnorm: 0.004599419845 xtb: 6.7.1 (edcfbbe)
N            1.19162424395030        0.39725040081521        0.35058659879637
C            1.08431872817452       -0.89935140560554        0.05515320105895
C           -0.16618697090599       -1.48370479721127       -0.15315344565091
C           -1.26832091299550       -0.64459177414806       -0.03913265974248
N           -1.14693277468677        0.65260866711756        0.22963993558241
C            0.07855063302804        1.10239492520878        0.40885755091332
C           -2.66617483871383       -1.16207643158818       -0.20543004244967
O           -3.65374166509636       -0.48517833648279       -0.26045105717959
O           -2.69234672381365       -2.49927315698980       -0.28215902069491
C            2.34310419467491       -1.65881515232862        0.01569498805265
C            3.38292172469311       -1.29580020021737        0.87156977404272
C            4.57088180682818       -1.99930711380937        0.88309159068942
C            4.75826079265649       -3.07272981191041        0.02695925890883
C            3.74757697615658       -3.43692494972567       -0.84945773032214
C            2.54765159250442       -2.73436244339984       -0.84736810758134
F            1.59071847815931       -3.09148378368330       -1.72161962581337
Cl           3.96967677777378       -4.75585177845358       -1.94117714803315
H           -0.28753416200545       -2.53120978033329       -0.37081184257804
H            0.18351164750933        2.15633233763496        0.63324123796685
H           -3.60270729395480       -2.81248093150222       -0.39415253333852
H            3.23013985998237       -0.45349948370120        1.52789673102224
H            5.35994228502832       -1.71318287936717        1.56086626359474
H            5.68339560105260       -3.62657212031908        0.02888608275551
23
 energy: -49.870338324545 gnorm: 0.003282619402 xtb: 6.7.1 (edcfbbe)
N            1.18988193698567        0.39099215450649        0.37187231351434
C            1.08430815827804       -0.90076789219087        0.05551588888181
C           -0.16694845586118       -1.48063910142298       -0.16506846628223
C           -1.26960802027617       -0.64311703469486       -0.03799679236432
N           -1.14820179742928        0.64849441058208        0.25438186874339
C            0.07733688038921        1.09443138359071        0.44222617257964
C           -2.66544995194870       -1.15909766895958       -0.21862977435030
O           -3.65153677814548       -0.48164635784109       -0.29423188745667
O           -2.69384075357085       -2.49775817264488       -0.28378704580612
C            2.34320619004719       -1.65898354050855        0.01078119513228
C            3.38976051654340       -1.28184920907480        0.85264331538618
C            4.57870450245561       -1.98342728327247        0.86537680180230
C            4.76037831913184       -3.07056394960513        0.02564658013369
C            3.74309159781225       -3.44882760084441       -0.83721014327414
C            2.54320038416064       -2.74647799050661       -0.83826458127252
F            1.58239032203802       -3.11772451982031       -1.70257164410871
Cl           3.95609716529126       -4.78592871223967       -1.90924220396109
H           -0.29029673004424       -2.52377163026844       -0.40083446545296
H            0.18223538774108        2.14436746032155        0.68502327643698
H           -3.60506707838141       -2.80635689473746       -0.40635937502451
H            3.24059248619596       -0.42962254248976        1.49686170948723
H            5.37290699155796       -1.68497107334354        1.53183723305076
H            5.68518872702910       -3.62456423453573        0.02956002420486
23
 energy: -49.870374579114 gnorm: 0.001790224764 xtb: 6.7.1 (edcfbbe)
N            1.18848970837037        0.38491250514620        0.38780308266637
C            1.08438772970000       -0.90286825538137        0.05771086008852
C           -0.16726939884554       -1.47995149835533       -0.17136553028189
C           -1.27048721758192       -0.64340727648636       -0.03700582831289
N           -1.14887720126273        0.64365724866441        0.27118126299736
C            0.07643449641103        1.08726027393158        0.46520860000373
C           -2.66491716192776       -1.15629913015476       -0.22960420228136
O           -3.64761493992050       -0.47611841561984       -0.32255990940027
O           -2.69807931285015       -2.49593983173428       -0.28470888310877
C            2.34352679389097       -1.66017321065292        0.00908107440381
C            3.39520263582613       -1.27198379434334        0.83976262172808
C            4.58534831988169       -1.97147306675548        0.85180148848572
C            4.76265300340741       -3.06803412218431        0.02419853145810
C            3.74041970023872       -3.45676126060946       -0.82805002402985
C            2.53995027327364       -2.75544876454289       -0.83019522666009
F            1.57568759809640       -3.13642438348006       -1.68622399166841
Cl           3.94665388633349       -4.80477829846833       -1.88716198234757
H           -0.29250080288322       -2.51944987913260       -0.41947659789150
H            0.18087926671543        2.13399886773381        0.72109105991878
H           -3.61045715206570       -2.79964869415118       -0.41488367082478
H            3.24745025479062       -0.41265248171922        1.47429896734061
H            5.38403147232147       -1.66433195419291        1.50878668084632
H            5.68741804808007       -3.62189457751172        0.02784161686986
23
 energy: -49.870400435695 gnorm: 0.001993626373 xtb: 6.7.1 (edcfbbe)
N            1.18684855434649        0.37705474522302        0.40529999472048
C            1.08390548124635       -0.90681090960261        0.06189006358593
C           -0.16788932584465       -1.48143612104743       -0.17492850785820
C           -1.27130811486225       -0.64507017323192       -0.03618026427946
N           -1.14958758226299        0.63762338152280        0.28721797815846
C            0.07529326053221        1.07897855716010        0.48933448353892
C           -2.66503382461638       -1.15220875904340       -0.24260507919080
O           -3.64151925735871       -0.46632375969863       -0.35630849489149
O           -2.70648600728182       -2.49237600524539       -0.28568151965861
C            2.34385091823536       -1.66282107284488        0.00927877447626
C            3.40105044121825       -1.26268785273256        0.82762752686052
C            4.59329333052359       -1.95857241728655        0.83710254239715
C            4.76639031656569       -3.06405978209578        0.02136337491652
C            3.73891100407744       -3.46427075846805       -0.81917927331315
C            2.53677026737916       -2.76547693270996       -0.82058505224940
F            1.56824374818086       -3.15719075722469       -1.66652207618522
Cl           3.93872277860070       -4.82197812579093       -1.86561084861336
H           -0.29550717053483       -2.51737482981458       -0.43415365310655
H            0.17928420606210        2.12258956769316        0.75574335929823
H           -3.62008665324742       -2.79045925225162       -0.42334252762738
H            3.25396984915210       -0.39612438688165        1.45182195559724
H            5.39730784771211       -1.64214180940711        1.48301410628173
H            5.69190593217654       -3.61667254622176        0.02293313714203
23
 energy: -49.870413898389 gnorm: 0.001793443717 xtb: 6.7.1 (edcfbbe)
N            1.18601736489596        0.37304141293602        0.41165723435581
C            1.08277005585201       -0.91010344300302        0.06594757683471
C           -0.16895616909792       -1.48368321380244       -0.17292189938215
C           -1.27169902813701       -0.64633932400629       -0.03550768811959
N           -1.14996877744634        0.63551132574801        0.29072390914691
C            0.07485187224436        1.07572673734572        0.49547715626893
C           -2.66594639921216       -1.14950944887852       -0.24854149764389
O           -3.63831963580216       -0.45989165629828       -0.37303189114420
O           -2.71243230414463       -2.48934161591404       -0.28550656917266
C            2.34363765984346       -1.66489889910916        0.01112433233464
C            3.40344211225868       -1.26007829641554        0.82390841749035
C            4.59714503586097       -1.95337983044489        0.83094034695598
C            4.76910423505475       -3.06148163602398        0.01858152519754
C            3.73935179965083       -3.46649217679611       -0.81676639283087
C            2.53564465302830       -2.77000649484503       -0.81584597036343
F            1.56496847216586       -3.16701024891014       -1.65662736391137
Cl           3.93800491801104       -4.82667980389436       -1.85922893317884
H           -0.29768261277599       -2.51891463418356       -0.43421571296201
H            0.17880862308838        2.11802328253592        0.76889953103163
H           -3.62618950783720       -2.78527296720448       -0.42704383796588
H            3.25660437871772       -0.39169104149663        1.44532293307823
H            5.40325667918428       -1.63323366411667        1.47219140784723
H            5.69591657459671       -3.61210436322300        0.01799338613278
23
 energy: -49.870433765929 gnorm: 0.001341674989 xtb: 6.7.1 (edcfbbe)
N            1.18478175575145        0.36683491423146        0.42177105151234
C            1.08047327868375       -0.91597769795755        0.07304585387812
C           -0.17124681973328       -1.48796895280039       -0.16765505284894
C           -1.27237794762771       -0.64820320255229       -0.03473091576393
N           -1.15051716994083        0.63327816495053        0.29444378280444
C            0.07415844065868        1.07093185901044        0.50675733650269
C           -2.66784200459070       -1.14492344844797       -0.25829463414630
O           -3.63332408239372       -0.44933870306830       -0.39974119765824
O           -2.72241650611914       -2.48398911492511       -0.28447583315447
C            2.34286286675888       -1.66872430033562        0.01514219468291
C            3.40635452657989       -1.25785301727217        0.82000947890044
C            4.60291208586992       -1.94611144481205        0.82192108475781
C            4.77433141584095       -3.05610663945396        0.01207917976076
C            3.74088751473079       -3.46842249241636       -0.81497727413060
C            2.53426395613660       -2.77641695631677       -0.80882243797509
F            1.56017173907585       -3.18166531343772       -1.64140365009181
Cl           3.93814083860227       -4.83300220773598       -1.85116160058231
H           -0.30151035241508       -2.52310999058215       -0.42885273612207
H            0.17893096462347        2.11213035122111        0.78099774914642
H           -3.63594271580856       -2.77716762114053       -0.43260303913486
H            3.26017063915152       -0.38782713703979        1.43913944197195
H            5.41167092738963       -1.62093316154137        1.45691252595837
H            5.70339664877526       -3.60324388757796        0.00802869173221
23
 energy: -49.870449232625 gnorm: 0.001729787447 xtb: 6.7.1 (edcfbbe)
N            1.18394925939584        0.36090102807004        0.43078245127846
C            1.07832010800291       -0.92191088547416        0.08127534465174
C           -0.17402702011256       -1.49175243632303       -0.16098211829909
C           -1.27340048460807       -0.64911395083237       -0.03372605090062
N           -1.15035482415263        0.63228075300959        0.29569873664897
C            0.07444440071581        1.06661732094148        0.51407410451919
C           -2.66938957168009       -1.14078271546165       -0.26786574995901
O           -3.62922257940362       -0.44074319612431       -0.42895221334336
O           -2.73070522603470       -2.47967516058635       -0.28090349883727
C            2.34144391634267       -1.67309847311467        0.02034568133440
C            3.40869507133969       -1.25651195717812        0.81750803131020
C            4.60826067150261       -1.93950572745616        0.81338858877280
C            4.77926912736967       -3.05059727810532        0.00465971040207
C            3.74135968702453       -3.47012977806314       -0.81332495446947
C            2.53208575551274       -2.78285342573629       -0.80125456677942
F            1.55459601569975       -3.19527177306938       -1.62627502173163
Cl           3.93728128852619       -4.83827213913564       -1.84508215937049
H           -0.30567696737710       -2.52728504992320       -0.42067205979942
H            0.18039883728009        2.10672781446663        0.79341586811334
H           -3.64381823526540       -2.76950352398857       -0.43880763221483
H            3.26386367533184       -0.38564241023746        1.43614150357477
H            5.41992892340689       -1.60859900528004        1.44217814359643
H            5.71102817118283       -3.59308803039844       -0.00409213849795
23
 energy: -49.870462318789 gnorm: 0.001322121789 xtb: 6.7.1 (edcfbbe)
N            1.18322747969044        0.35430445352574        0.44076552149325
C            1.07604549000354       -0.92869158625688        0.09195313172143
C           -0.17742619836101       -1.49585921645670       -0.15211797461622
C           -1.27479756155489       -0.64914799060785       -0.03359015164906
N           -1.14962552671065        0.63220560020296        0.29529559045602
C            0.07531537575499        1.06223538784315        0.52087579017306
C           -2.67036246685722       -1.13616910002191       -0.28012991062715
O           -3.62360720135572       -0.43345378095680       -0.46014130937890
O           -2.73895553086701       -2.47453923467513       -0.27900191437521
C            2.33937702641133       -1.67886825655384        0.02840836202625
C            3.41086103880914       -1.25589568231476        0.81663229254181
C            4.61412216698682       -1.93235995456379        0.80375837963629
C            4.78452898233227       -3.04424945619229       -0.00441845786812
C            3.74134710249103       -3.47156784412203       -0.81143116362441
C            2.52877296973298       -2.79052679456725       -0.79105941719659
F            1.54649416711092       -3.21097033029120       -1.60658842099821
Cl           3.93588428007875       -4.84143956089604       -1.84129287056055
H           -0.31075770022239       -2.53230108453387       -0.40763617714171
H            0.18298946012436        2.10163054425379        0.80280973299161
H           -3.65114198747376       -2.76123681240755       -0.44584983210827
H            3.26715831709761       -0.38521647059633        1.43599145417884
H            5.42894567429063       -1.59549165353155        1.42531820122367
H            5.71993464248772       -3.58020117628047       -0.02102085629804
23
 energy: -49.870466855562 gnorm: 0.002127371514 xtb: 6.7.1 (edcfbbe)
N            1.18259783961109        0.34929630882556        0.44989049985273
C            1.07445640227950       -0.93379799899645        0.10142350959507
C           -0.17988058804724       -1.49902700714321       -0.14282518027392
C           -1.27579112729271       -0.64909545225207       -0.03180137116038
N           -1.14900874958846        0.63225730572441        0.29525540950875
C            0.07585876953451        1.05910873617374        0.52724558147286
C           -2.67038023420460       -1.13287788722675       -0.28904281378084
O           -3.61893494318279       -0.42784554345036       -0.49238924054242
O           -2.74428597122021       -2.47119705377794       -0.27464489264431
C            2.33775298964462       -1.68357519077529        0.03562083366653
C            3.41273935274550       -1.25560777216341        0.81621211499256
C            4.61856061343063       -1.92709349564799        0.79577685700495
C            4.78833808727976       -3.03908547685734       -0.01214399556284
C            3.74098424015389       -3.47249382847917       -0.81000840044523
C            2.52559824393912       -2.79686126358692       -0.78202377830890
F            1.53928619516244       -3.22343208412447       -1.58958053761912
Cl           3.93360610183334       -4.84329789649899       -1.83948196107371
H           -0.31475652118538       -2.53583364970636       -0.39666755764468
H            0.18467195170489        2.09821362425917        0.80887292350714
H           -3.65555400796288       -2.75536695707650       -0.45219404669620
H            3.27014515373865       -0.38426558756600        1.43498754451926
H            5.43622665116867       -1.58541785679622        1.41061788424340
H            5.72609955045755       -3.57051397285812       -0.03556938261093
23
 energy: -49.870469107572 gnorm: 0.000960057524 xtb: 6.7.1 (edcfbbe)
N            1.18264058333358        0.34929190869704        0.45069088491473
C            1.07435956477188       -0.93385252729541        0.10217226854482
C           -0.17997138167787       -1.49893866849234       -0.14273429740560
C           -1.27577347773371       -0.64875395100355       -0.03224756248712
N           -1.14880053755662        0.63266613907637        0.29491530056698
C            0.07605136961386        1.05946833873299        0.52733113432330
C           -2.66994396078870       -1.13294324229387       -0.29003602654125
O           -3.61844531716639       -0.42866709268769       -0.49306431192465
O           -2.74358270912792       -2.47120698670731       -0.27507542079747
C            2.33746689698798       -1.68399444886506        0.03657018081692
C            3.41271170297710       -1.25578763221614        0.81675193637593
C            4.61856707870529       -1.92708809214819        0.79572153709210
C            4.78818771554504       -3.03883032106279       -0.01254727727802
C            3.74045441767109       -3.47269348499149       -0.80976687033414
C            2.52502267958958       -2.79725531463162       -0.78113247476926
F            1.53856041260507       -3.22382704305111       -1.58831522419476
Cl           3.93264873180026       -4.84327782543765       -1.84000091257619
H           -0.31513134104233       -2.53569430970354       -0.39641121520537
H            0.18491886941793        2.09873827215540        0.80897421683612
H           -3.65451509110894       -2.75607167091078       -0.45225739456828
H            3.27024817983168       -0.38392379551839        1.43494259765503
H            5.43679311640317       -1.58491786660847        1.40974420938379
H            5.72586249694886       -3.57025038503704       -0.03669527842783
