23
 energy: -50.040317938243 gnorm: 0.073743020984 xtb: 6.7.1 (edcfbbe)
N            1.18700000000000        0.46177000000000        0.19589000000000
C            1.06719000000000       -0.87482000000000        0.04702000000000
C           -0.16164000000000       -1.48978000000000       -0.07786000000000
C           -1.26345000000000       -0.65864000000000       -0.04427000000000
N           -1.17960000000000        0.68322000000000        0.08446000000000
C            0.05427000000000        1.17676000000000        0.19665000000000
C           -2.65053000000000       -1.21034000000000       -0.13806000000000
O           -3.69276000000000       -0.58086000000000       -0.13380000000000
O           -2.67218000000000       -2.55770000000000       -0.22550000000000
C            2.33178000000000       -1.62805000000000        0.04572000000000
C            3.32514000000000       -1.36017000000000        1.01017000000000
C            4.52948000000000       -2.07130000000000        1.03070000000000
C            4.75882000000000       -3.05258000000000        0.07596000000000
C            3.79989000000000       -3.32401000000000       -0.89020000000000
C            2.59438000000000       -2.62468000000000       -0.91074000000000
F            4.02464000000000       -4.26485000000000       -1.81778000000000
F            5.91265000000000       -3.73318000000000        0.09394000000000
H           -0.25675000000000       -2.56335000000000       -0.17267000000000
H            0.14996000000000        2.25251000000000        0.29935000000000
H           -3.63178000000000       -2.76292000000000       -0.26513000000000
H            3.15624000000000       -0.58687000000000        1.75964000000000
H            5.28469000000000       -1.86141000000000        1.78170000000000
H            1.87852000000000       -2.85716000000000       -1.69455000000000
23
 energy: -50.044693251448 gnorm: 0.023803135487 xtb: 6.7.1 (edcfbbe)
N            1.18677089174540        0.45219202115792        0.20463386454737
C            1.08455281217534       -0.87215362479773        0.04804714546812
C           -0.15555874033270       -1.48876788714970       -0.08486034837285
C           -1.26474658457569       -0.65733484321222       -0.04684405653791
N           -1.16313086644264        0.66820238051755        0.08377220287941
C            0.06110739604952        1.15148139727809        0.20056145062150
C           -2.65181208102952       -1.20352276958971       -0.13738489185292
O           -3.67007362948089       -0.56421370769440       -0.13199643401469
O           -2.67873417085756       -2.54790442686334       -0.22697801391109
C            2.34694799264983       -1.62885249935625        0.04818369986199
C            3.32846750020467       -1.35316673019767        1.00211661714660
C            4.51819403764369       -2.06177188689496        1.02664742248356
C            4.74840409214860       -3.04411104709368        0.07829682690284
C            3.78663406968831       -3.31763694333001       -0.88571192475101
C            2.58846643706637       -2.62418920380259       -0.89870670482829
F            4.00838864048263       -4.25902733796540       -1.81452712055969
F            5.90256122181306       -3.72574435938341        0.09539603386200
H           -0.25421501481705       -2.55810327535177       -0.18340611106015
H            0.15469236893386        2.22431156019728        0.30516268611976
H           -3.62402284353435       -2.78624365262235       -0.27075540646291
H            3.15197609705599       -0.58338490930664        1.74018744991820
H            5.27108284982153       -1.85567198964728        1.77236197943772
H            1.87000752359160       -2.85279626489172       -1.67355636689758
23
 energy: -50.045589081133 gnorm: 0.007564649002 xtb: 6.7.1 (edcfbbe)
N            1.18668593911029        0.44658235494527        0.21915816704032
C            1.09443744046646       -0.86980936809478        0.05088524009150
C           -0.15048942761155       -1.48811567575575       -0.09466504043770
C           -1.26484348083189       -0.65680615435267       -0.05072684398615
N           -1.15333488623001        0.65984504922973        0.08620144675636
C            0.06541126953531        1.13930825829061        0.21002364364488
C           -2.65478409774963       -1.19771927059709       -0.14275810727290
O           -3.65848459831690       -0.54481850673165       -0.13236117757341
O           -2.67969926530538       -2.54034377962298       -0.23181829580436
C            2.35308308435559       -1.63153615440925        0.05235767261272
C            3.33108704489896       -1.34423951691807        0.99824841017505
C            4.51541843628658       -2.05259713868616        1.02197249554590
C            4.74192966786253       -3.04018749163663        0.07912866555957
C            3.77523558471408       -3.31910777090166       -0.88079603039242
C            2.57929801892203       -2.62877409493710       -0.88962159441311
F            3.99423717513938       -4.26427694917608       -1.80760022567700
F            5.89615220248169       -3.72245540636932        0.09430184302658
H           -0.25030419663104       -2.55483450460561       -0.20246253348598
H            0.15754997373325        2.21140382061252        0.32100421878482
H           -3.61124303391308       -2.81711571434168       -0.27798516259336
H            3.15243995006787       -0.56543863204501        1.72110438104061
H            5.27279310401376       -1.84803924750460        1.76058471552692
H            1.85338409500170       -2.85933410639201       -1.65353588816887
23
 energy: -50.045817208878 gnorm: 0.006533829594 xtb: 6.7.1 (edcfbbe)
N            1.18660410207910        0.44567571736909        0.23374959652334
C            1.09653558051044       -0.86831161124514        0.05337910515850
C           -0.14826304838798       -1.48736227512041       -0.10301224419528
C           -1.26425328924528       -0.65683854111418       -0.05465895759002
N           -1.15176439424285        0.65827630160135        0.09085194715624
C            0.06565286990817        1.13824651642735        0.22319783646866
C           -2.65658991226555       -1.19574356520104       -0.14685405853261
O           -3.65511408561583       -0.53518796779970       -0.13529591104249
O           -2.67761809825713       -2.53655635606250       -0.23935863967301
C            2.35358954082105       -1.63186738445785        0.05408433536264
C            3.33593236790508       -1.33449492727299        0.99272088852326
C            4.51912943750923       -2.04529684315384        1.01608342798980
C            4.73907067913129       -3.04024946317456        0.07904174485859
C            3.76742049787034       -3.32612073049065       -0.87477446859862
C            2.57119033959758       -2.63629304836547       -0.88228538001206
F            3.98352901954350       -4.27687563221927       -1.79706065675053
F            5.89303292696692       -3.72284848663882        0.09257283996987
H           -0.24729646260405       -2.55300247478799       -0.22088398009516
H            0.15683136438994        2.21020344016377        0.33979415258236
H           -3.60109607002616       -2.83629727447544       -0.28747227955681
H            3.15795155040022       -0.54783728650622        1.70713384596521
H            5.28261504028493       -1.83879554440661        1.74822958002547
H            1.83887004372704       -2.87083256306881       -1.63854272453737
23
 energy: -50.046025145085 gnorm: 0.003911333938 xtb: 6.7.1 (edcfbbe)
N            1.18575161296192        0.44568514048679        0.25891842319374
C            1.09697209634968       -0.86584189828919        0.05633492459400
C           -0.14572104566051       -1.48465046713739       -0.11816696202055
C           -1.26276043224765       -0.65645411969574       -0.06042488143604
N           -1.15249141162459        0.65794044825920        0.10249746881871
C            0.06393377035549        1.13938375733719        0.24765884763769
C           -2.65784542074100       -1.19406390094225       -0.15844151292415
O           -3.65223880492158       -0.52683622751061       -0.14204748918969
O           -2.67207164696473       -2.53202825581026       -0.25305664559536
C            2.35279436876974       -1.63037776434478        0.05476424316793
C            3.34504561988573       -1.31837988479569        0.98070352377933
C            4.52743642477190       -2.03244678392858        1.00392877722591
C            4.73532979170724       -3.04168611464171        0.07866452208809
C            3.75523780948379       -3.34052413566281       -0.86300380092438
C            2.55901139737039       -2.64957881234762       -0.86999139544195
F            3.96465991016900       -4.30401708845363       -1.77418614045709
F            5.88792522554137       -3.72623774945005        0.09137365111458
H           -0.24270781771278       -2.54863883169925       -0.25416173232903
H            0.15331860885688        2.21025531361555        0.37863694977599
H           -3.58506798657193       -2.85966713794763       -0.30182404503237
H            3.17138989817133       -0.51823343260294        1.68213076193828
H            5.30074816345721       -1.81959566469415        1.72508276514332
H            1.81730986859310       -2.89241638974434       -1.61475025312699
23
 energy: -50.046139606996 gnorm: 0.003793190133 xtb: 6.7.1 (edcfbbe)
N            1.18444891962374        0.44553823384718        0.27744000786953
C            1.09616685355637       -0.86424801208528        0.05798318576550
C           -0.14466449861356       -1.48130252035612       -0.12934474172231
C           -1.26172258757693       -0.65531876255725       -0.06357324095090
N           -1.15431110088521        0.65834574190470        0.11464529212373
C            0.06168136778486        1.13969212836326        0.26957981747768
C           -2.65771982018430       -1.19386912424403       -0.16482979865292
O           -3.65186964636107       -0.52607439375111       -0.15000227557973
O           -2.66696724131556       -2.52997797389128       -0.26533360146707
C            2.35192579740413       -1.62817293607073        0.05378835169311
C            3.35275915535929       -1.30602013900265        0.96852912526314
C            4.53483852491201       -2.02120235685010        0.99199251176317
C            4.73336130792346       -3.04312648578705        0.07819688230845
C            3.74629431193819       -3.35290906973736       -0.85239635621843
C            2.55101705810440       -2.65985720932582       -0.85997445133795
F            3.94846637188332       -4.32894284999013       -1.75217930472326
F            5.88458849016581       -3.72984855396426        0.09151323337124
H           -0.24025436330222       -2.54372723151545       -0.27911760219540
H            0.14998400519549        2.20919306462241        0.41179343846288
H           -3.57462274369928       -2.86898667208982       -0.31659113352698
H            3.18435891329611       -0.49631505709882        1.66081197106785
H            5.31471219088250       -1.80065405530681        1.70425289820099
H            1.80348873390846       -2.91062576511334       -1.59654420899236
23
 energy: -50.046280165334 gnorm: 0.005295874306 xtb: 6.7.1 (edcfbbe)
N            1.18262990187758        0.44486482108252        0.29632542330701
C            1.09500325730168       -0.86272450228205        0.05838831776161
C           -0.14421711779640       -1.47644676988670       -0.14181350370466
C           -1.26108116373517       -0.65313103445067       -0.06499200611662
N           -1.15693150335971        0.65897256910407        0.13217617548890
C            0.05894338518354        1.13892748435873        0.29509058351184
C           -2.65646043531570       -1.19396244070572       -0.17516603757576
O           -3.65312323168726       -0.52978306574929       -0.16112472851334
O           -2.66079086102936       -2.52920968131519       -0.27835095096390
C            2.35112199476818       -1.62520277423043        0.05083482728929
C            3.36128199087673       -1.29239691067936        0.95233177438901
C            4.54305426617322       -2.00793291166452        0.97699800720156
C            4.73207100282677       -3.04490328939167        0.07801005337413
C            3.73728253394468       -3.36718942294895       -0.83946521727320
C            2.54376649255110       -2.67110500654655       -0.84897653706815
F            3.93005410306383       -4.35885189848532       -1.72440914312904
F            5.88156857740388       -3.73450667542147        0.09357344749235
H           -0.23885451829388       -2.53667635700474       -0.30726653843047
H            0.14627877354914        2.20620276247211        0.45331372048179
H           -3.56567144519419       -2.87193264459504       -0.33177223912272
H            3.19970179931493       -0.47289707983656        1.63493607477878
H            5.32874600681225       -1.77672846111317        1.67945950511175
H            1.79158619076417       -2.93179671070988       -1.57746100829023
23
 energy: -50.046475404007 gnorm: 0.006715676996 xtb: 6.7.1 (edcfbbe)
N            1.18003839986281        0.44333715249953        0.32142117437917
C            1.09429254918904       -0.86047883386767        0.05807634248543
C           -0.14386668063792       -1.46882292782784       -0.15858484182625
C           -1.26100555875846       -0.64919976281800       -0.06509315703988
N           -1.16045219494126        0.65922263385922        0.16048520398611
C            0.05535500037095        1.13595563641102        0.33386055801471
C           -2.65383742357031       -1.19453314065435       -0.18676849911736
O           -3.65563114578942       -0.53797067111207       -0.17992896536458
O           -2.65170703083230       -2.52962335305319       -0.29688732505331
C            2.35080405010261       -1.62098869575492        0.04509408554248
C            3.37345644839702       -1.27234624817216        0.92686268682025
C            4.55442369630489       -1.98833829381435        0.95408502555768
C            4.73081083072602       -3.04748413957946        0.07818551065959
C            3.72481560399698       -3.38767072025832       -0.82008234005470
C            2.53421478189015       -2.68715020028655       -0.83344430979482
F            3.90309093934039       -4.40233378739161       -1.68235239526988
F            5.87770858872271       -3.74143916132697        0.09826779658249
H           -0.23820231430348       -2.52541594973405       -0.34598603893030
H            0.14159987564594        2.19971621033068        0.51456598175588
H           -3.55616930475621       -2.87058968861178       -0.35757772628634
H            3.22235891686531       -0.43844707269671        1.59467280192008
H            5.34748122432303       -1.74048354563013        1.64230615689694
H            1.77638074785152       -2.96332544051006       -1.55053772586345
23
 energy: -50.046660166478 gnorm: 0.006265124983 xtb: 6.7.1 (edcfbbe)
N            1.17735038965571        0.44055747979080        0.34959498445165
C            1.09493264131558       -0.85805232600036        0.05818152813941
C           -0.14315581744084       -1.46075457626485       -0.17526696289783
C           -1.26161041262855       -0.64527355915573       -0.06274581944049
N           -1.16367220219116        0.65734630934545        0.19524733749434
C            0.05195076229521        1.13038596396461        0.37844958228717
C           -2.65042372073388       -1.19458353646696       -0.20376432240535
O           -3.65730167520401       -0.54569071399022       -0.20500317007714
O           -2.64295570891441       -2.53056699896646       -0.31714485545749
C            2.35134080817100       -1.61715887225910        0.03842319683772
C            3.38770074801543       -1.24842210826041        0.89627060564162
C            4.56743218763387       -1.96547964823833        0.92656575601068
C            4.72974856403016       -3.04983869744255        0.07850306041054
C            3.71052963892267       -3.41048121438070       -0.79711068937004
C            2.52270992266940       -2.70606289919390       -0.81491724000902
F            3.87245113301200       -4.45011312197242       -1.63330974088724
F            5.87393813684312       -3.74804740287001        0.10382781042480
H           -0.23812888320235       -2.51259412043427       -0.38755061839223
H            0.13674439612357        2.18969747271935        0.58646475875144
H           -3.54901415593025       -2.86664102103793       -0.38892736658907
H            3.24818257958233       -0.39721027754891        1.54501051330293
H            5.36926626883087       -1.69870482600719        1.59743918130048
H            1.75794439914454       -3.00072130532956       -1.51759752952698
23
 energy: -50.046793521289 gnorm: 0.003942044869 xtb: 6.7.1 (edcfbbe)
N            1.17525961232503        0.43643000672827        0.37257233591601
C            1.09614711859152       -0.85705532514297        0.05998220256446
C           -0.14255956791592       -1.45551401953941       -0.18469024550843
C           -1.26258813997617       -0.64334642974224       -0.05923596703560
N           -1.16587337707653        0.65303456677009        0.22434351033333
C            0.04947283598577        1.12306286361199        0.41629463485856
C           -2.64783201225878       -1.19384967089326       -0.21596796605168
O           -3.65686772667666       -0.54824854386983       -0.23066893056373
O           -2.63908254541399       -2.53084123665138       -0.33408488690434
C            2.35228651209642       -1.61546458958777        0.03371958797077
C            3.39978727481428       -1.22874616597623        0.86974128024065
C            4.57888218651887       -1.94628504441400        0.90178665684303
C            4.72991714960124       -3.05046416946795        0.07812401237497
C            3.69942570412390       -3.42801835606203       -0.77722789488651
C            2.51283287384551       -2.72215041538210       -0.79792328839432
F            3.84866350466173       -4.48625402410214       -1.59171503636097
F            5.87249650708815       -3.75075595303883        0.10711037456445
H           -0.23907499497270       -2.50273693020300       -0.41530862222308
H            0.13302629053393        2.17815342390008        0.64396911186284
H           -3.54775856145268       -2.85946297892483       -0.42055508852357
H            3.26909220597445       -0.36291666256225        1.50035207021172
H            5.38877787898619       -1.66432496920063        1.55642911309640
H            1.74152927059648       -3.03265537624915       -1.48640696438505
23
 energy: -50.046884578699 gnorm: 0.002207730751 xtb: 6.7.1 (edcfbbe)
N            1.17357022569607        0.43125683706984        0.39176676227001
C            1.09719668064785       -0.85782100776952        0.06307470725981
C           -0.14214190769857       -1.45386926170642       -0.18901452286954
C           -1.26353931397600       -0.64371495523947       -0.05576484928125
N           -1.16721164048455        0.64711347877991        0.24786638807122
C            0.04772722641993        1.11525863763245        0.44639083061613
C           -2.64666580492191       -1.19158248787730       -0.22980746091684
O           -3.65415142387012       -0.54403283689880       -0.25519206002811
O           -2.64068120506890       -2.52934548532802       -0.34801299251925
C            2.35343917144516       -1.61558229494768        0.03118993822314
C            3.40980458813994       -1.21287046264023        0.84799996342637
C            4.58931181298727       -1.92955684672373        0.87996792109340
C            4.73125670430167       -3.04926368494501        0.07681443577835
C            3.69153660836790       -3.44131917478186       -0.76084383287187
C            2.50473748266787       -2.73603230656041       -0.78256510290567
F            3.83164924154785       -4.51362524236147       -1.55729277814096
F            5.87337805282554       -3.74968612668790        0.10768408641853
H           -0.24047319421601       -2.49733960235739       -0.43352639068776
H            0.13005134029439        2.16658511538813        0.69138644843678
H           -3.55110946557419       -2.85182988934066       -0.44662116720712
H            3.28474395201102       -0.33526243135756        1.46227319953548
H            5.40662226842728       -1.63619356737170        1.51989751662415
H            1.72690860003051       -3.05969640397477       -1.45703104032515
23
 energy: -50.046950689949 gnorm: 0.002397181903 xtb: 6.7.1 (edcfbbe)
N            1.17206600672668        0.42526543404763        0.40792526199368
C            1.09729566525213       -0.86045025476437        0.06714371136592
C           -0.14240281023719       -1.45496761199860       -0.18983898811309
C           -1.26438302407896       -0.64542272808010       -0.05295182990627
N           -1.16836360221644        0.64104007433050        0.26641166491293
C            0.04618959566785        1.10756709783226        0.47198729610028
C           -2.64709551081509       -1.18809442383387       -0.24064475303039
O           -3.65068074709157       -0.53493815973442       -0.27826382706726
O           -2.64619302824587       -2.52595568433681       -0.36069748405599
C            2.35433629387168       -1.61695229378267        0.03036626645710
C            3.41803764897316       -1.20037812283440        0.83041417770623
C            4.59894184231540       -1.91481064209321        0.86079925962972
C            4.73378557870927       -3.04674700643080        0.07444994383949
C            3.68660907098991       -3.45184155867190       -0.74760117472594
C            2.49873517000231       -2.74825188424881       -0.76884659500832
F            3.82017863430109       -4.53576766269219       -1.52853354218057
F            5.87650769168698       -3.74581650525734        0.10562695346629
H           -0.24258183519701       -2.49566609937486       -0.44389199357028
H            0.12772484007289        2.15565692282227        0.72892985157180
H           -3.55736734322795       -2.84385601836188       -0.46994115533436
H            3.29661270531745       -0.31325014698955        1.43074147900354
H            5.42307367844093       -1.61188775009392        1.48730292934901
H            1.71493347878236       -3.08288497545248       -1.43024745240367
23
 energy: -50.047003323745 gnorm: 0.002608358277 xtb: 6.7.1 (edcfbbe)
N            1.17079448666492        0.41880439541482        0.42049525976219
C            1.09623749298247       -0.86476762529358        0.07242835336825
C           -0.14364506890356       -1.45797750364394       -0.18759644294387
C           -1.26519141981390       -0.64764272471071       -0.05018197811730
N           -1.16923350657833        0.63585878576786        0.27947427896503
C            0.04515218561631        1.10063871773537        0.49023334823323
C           -2.64873455086818       -1.18354726354275       -0.25137573433324
O           -3.64723540953006       -0.52332271911857       -0.29934384027000
O           -2.65401470592551       -2.52111656369788       -0.37094708753098
C            2.35458643515450       -1.61940795228325        0.03133869137946
C            3.42440378875789       -1.19132866517474        0.81714543742076
C            4.60742328209573       -1.90240264073188        0.84467265801075
C            4.73736375519649       -3.04318788110745        0.07098466990744
C            3.68425984253172       -3.45979657324325       -0.73747516629341
C            2.49466033948977       -2.75884563150524       -0.75679326133590
F            3.81378771074565       -4.55246996121079       -1.50610598266091
F            5.88175095725220       -3.73953727965006        0.10069995537336
H           -0.24559590334483       -2.49696463844554       -0.44746847701074
H            0.12638748541385        2.14601945804297        0.75897848914666
H           -3.56514677050006       -2.83591345051389       -0.48842690981889
H            3.30506735788296       -0.29748076846152        1.40708808735589
H            5.43716361442423       -1.59147542369420        1.45961388854146
H            1.70571860125571       -3.10254609093125       -1.40679823714941
23
 energy: -50.047048521082 gnorm: 0.002097523252 xtb: 6.7.1 (edcfbbe)
N            1.16966647155833        0.41213400663225        0.43232613331392
C            1.09432080452162       -0.87023485804339        0.07864593525671
C           -0.14578477860513       -1.46179190288820       -0.18374653532201
C           -1.26608798236776       -0.64959113350050       -0.04773337698965
N           -1.16993636979792        0.63204023220882        0.28959420798921
C            0.04443475565222        1.09437000659560        0.50705863590596
C           -2.65096820167663       -1.17848523457040       -0.26105476559779
O           -3.64426034812065       -0.51132222056244       -0.31932185310066
O           -2.66241389886952       -2.51554068671102       -0.37995899449233
C            2.35410394693663       -1.62276113788268        0.03374473973436
C            3.42934512617958       -1.18470708266754        0.80673183441427
C            4.61509894110343       -1.89136230249799        0.83020389148577
C            4.74170819128339       -3.03895625651406        0.06637341724506
C            3.68337148620480       -3.46639165010310       -0.72928507755791
C            2.49164678737818       -2.76879658791336       -0.74542325791141
F            3.81002320821094       -4.56638281759709       -1.48754661704405
F            5.88853714063378       -3.73163811487788        0.09309366659827
H           -0.24945987230487       -2.49985961657723       -0.44665742867291
H            0.12625645750738        2.13752286918905        0.78092178076720
H           -3.57321793590251       -2.82777987660518       -0.50546508848434
H            3.31177077470340       -0.28553883789870        1.38876989985150
H            5.44957361167804       -1.57252846742796        1.43455864698868
H            1.69823168409322       -3.12080832978645       -1.38518979437805
23
 energy: -50.047085853372 gnorm: 0.001752569178 xtb: 6.7.1 (edcfbbe)
N            1.16878174600425        0.40581262298013        0.44139934322010
C            1.09198246173041       -0.87617439609717        0.08602294193227
C           -0.14847329426662       -1.46568316137643       -0.17812332592577
C           -1.26706234436165       -0.65094330759916       -0.04554531631749
N           -1.17022536293351        0.62978976655625        0.29461029652853
C            0.04437066736906        1.08931113453285        0.51663901070757
C           -2.65321139391433       -1.17361691507418       -0.26877885709902
O           -3.64196059195461       -0.50073926247176       -0.33753920259558
O           -2.66997608363227       -2.51018641668170       -0.38682831648829
C            2.35297802190402       -1.62666115615483        0.03771511482272
C            3.43299418674937       -1.18034624862494        0.79949686282777
C            4.62161475160465       -1.88231227367295        0.81805955612683
C            4.74629116166513       -3.03446686794731        0.06092815429320
C            3.68325752669894       -3.47133397627773       -0.72306440016775
C            2.48913221494775       -2.77767019352089       -0.73478270954478
F            3.80797670728820       -4.57651515709834       -1.47377377597778
F            5.89606713449292       -3.72277653711209        0.08300468968822
H           -0.25371544868459       -2.50350136112166       -0.44172076956335
H            0.12706137475440        2.13080397794716        0.79910580058340
H           -3.58039441731270       -2.81993702709552       -0.52049156024749
H            3.31665233449853       -0.27815844512078        1.37690577470821
H            5.45970968297919       -1.55629128752954        1.41336443681317
H            1.69210896437341       -3.13681351143882       -1.36596374832491
23
 energy: -50.047131095017 gnorm: 0.001723202882 xtb: 6.7.1 (edcfbbe)
N            1.16778201292350        0.39720417687875        0.45490725050447
C            1.08855059669103       -0.88491447693444        0.09772315537624
C           -0.15274990547469       -1.47096510580259       -0.16904330998934
C           -1.26867394051701       -0.65181754279432       -0.04320179383143
N           -1.17002638322733        0.62864168833680        0.29904169072487
C            0.04493164051536        1.08333378755401        0.52978782150875
C           -2.65593548966003       -1.16699522009163       -0.28111276241639
O           -3.63924514996853       -0.48807373361435       -0.36171198963126
O           -2.67919450890338       -2.50327287573544       -0.39545969083133
C            2.35054494979549       -1.63329875508311        0.04570998009655
C            3.43652479649381       -1.17693324307788        0.79302156033834
C            4.62966446081960       -1.87139940687622        0.80283790129679
C            4.75298929492712       -3.02764395625046        0.05182133967983
C            3.68334856111862       -3.47677721358446       -0.71597030493975
C            2.48541344931482       -2.78959546866001       -0.71956447592002
F            3.80577848002554       -4.58734245511788       -1.45888284764519
F            5.90765031518371       -3.70850010150459        0.06461985938170
H           -0.26016080111184       -2.50910410809235       -0.43146018642354
H            0.12986351806464        2.12336920786213        0.81382125115820
H           -3.58909542329551       -2.80907941102938       -0.53923411800440
H            3.32202242700375       -0.27167120928697        1.36642256667697
H            5.47222230176870       -1.53525702985455        1.38607966856435
H            1.68375479751253       -3.15831754724043       -1.33951256567465
23
 energy: -50.047165182247 gnorm: 0.001521613312 xtb: 6.7.1 (edcfbbe)
N            1.16698526968006        0.39037341319393        0.46556356447508
C            1.08600641868736       -0.89212176538970        0.10953577946385
C           -0.15625949854662       -1.47504613808482       -0.15916620042015
C           -1.27013992713807       -0.65185671141395       -0.04165204117161
N           -1.16933767913996        0.62887235569647        0.29845105714171
C            0.04583886088164        1.07937576885423        0.53588069759297
C           -2.65734634364775       -1.16215342929204       -0.28910289603354
O           -3.63725752445022       -0.47944710254211       -0.38300030732298
O           -2.68504504550110       -2.49860955586854       -0.40181970286520
C            2.34825485309711       -1.63950554827246        0.05494746292312
C            3.43911997678783       -1.17534935214359        0.79031333556735
C            4.63609863844980       -1.86323670018757        0.79085334874356
C            4.75842069384860       -3.02171807527738        0.04278067963946
C            3.68278088612159       -3.48036193939732       -0.71086303853607
C            2.48137718121952       -2.79931578624481       -0.70556097330594
F            3.80293977511442       -4.59410819923710       -1.44957175259617
F            5.91746013458084       -3.69534173747740        0.04483241072663
H           -0.26563565772754       -2.51366067698850       -0.41906382136708
H            0.13257673275191        2.11902188517567        0.82282415810313
H           -3.59485528827404       -2.80014685608824       -0.55605987808597
H            3.32583341769773       -0.26906874239559        1.36241910349251
H            5.48210100446760       -1.51947944428242        1.36427803502046
H            1.67604312103917       -3.17552566233613       -1.31617902118535
23
 energy: -50.047192524202 gnorm: 0.001281991834 xtb: 6.7.1 (edcfbbe)
N            1.16614453348841        0.38426244941320        0.47763964032250
C            1.08388689904690       -0.89854934681701        0.12228920110252
C           -0.15929116279332       -1.47865558775430       -0.14978617547927
C           -1.27144732437527       -0.65134434887008       -0.04144535423007
N           -1.16822662818038        0.62996550887603        0.29675158695164
C            0.04685525047500        1.07653038481725        0.54165173716243
C           -2.65765751356716       -1.15791774496657       -0.30057547321285
O           -3.63461645890251       -0.47308725793430       -0.40248872016885
O           -2.68894860145740       -2.49487053219413       -0.40936687026999
C            2.34588235736044       -1.64590991044752        0.06611127277010
C            3.44134467428654       -1.17476766899576        0.79003734531479
C            4.64170690930191       -1.85655953167886        0.78015714391505
C            4.76289249568655       -3.01612241384440        0.03328125248433
C            3.68107303090642       -3.48356584149376       -0.70587922687204
C            2.47634270369861       -2.80860990258891       -0.69048335053974
F            3.79891225437404       -4.59926132138814       -1.44238535578233
F            5.92632218138170       -3.68185589458441        0.02227147632120
H           -0.27081048158551       -2.51780017648374       -0.40720000153730
H            0.13525136258310        2.11654629573515        0.82773895234890
H           -3.59841269321097       -2.79271802594188       -0.56991339446288
H            3.32969599511011       -0.26668640156550        1.36051489433053
H            5.49232924895028       -1.50512576777322        1.34267731988291
H            1.66673096742235       -3.19230696351849       -1.29095790035186
23
 energy: -50.047207686492 gnorm: 0.001278952535 xtb: 6.7.1 (edcfbbe)
N            1.16507293129328        0.37922541366435        0.48853668718173
C            1.08196024433859       -0.90389428010610        0.13524521811036
C           -0.16165501657132       -1.48200983268782       -0.13820460284499
C           -1.27228532521192       -0.65122756416047       -0.03942507846087
N           -1.16754519366760        0.63075996063504        0.29454179943204
C            0.04712309459425        1.07421980763573        0.54666444144149
C           -2.65739058077876       -1.15451596785686       -0.30895216867944
O           -3.63221813280897       -0.46750948716539       -0.42326168782167
O           -2.69151858863525       -2.49193792796603       -0.41581536305777
C            2.34405026562169       -1.65101626009280        0.07715391961864
C            3.44457746888628       -1.17352889905449        0.78954067863260
C            4.64773498458046       -1.84999725908107        0.76922562675917
C            4.76686252853680       -3.01077948260481        0.02353684164747
C            3.67895175062414       -3.48609150400706       -0.70138610593855
C            2.47151962322466       -2.81623116165275       -0.67589788314718
F            3.79391205841552       -4.60363009415038       -1.43615302562421
F            5.93342041986239       -3.67034680258029        0.00013364345036
H           -0.27516941994453       -2.52149025044098       -0.39303075308013
H            0.13663206584528        2.11469603349573        0.82789888722135
H           -3.60104953264082       -2.78629362099936       -0.58588485294455
H            3.33367238201679       -0.26607469452238        1.35979190819721
H            5.50131900532479       -1.49484081400098        1.32293384688165
H            1.65798296709406       -3.20589531230019       -1.26655197697500
23
 energy: -50.047214301610 gnorm: 0.001183076690 xtb: 6.7.1 (edcfbbe)
N            1.16443275835830        0.37669529204643        0.49600015025286
C            1.08095674918888       -0.90648187004697        0.14227501490114
C           -0.16268202773803       -1.48362487858101       -0.13406237426836
C           -1.27243795543028       -0.65114129004208       -0.04015816307199
N           -1.16708788753246        0.63123697119897        0.29325179734186
C            0.04721177316990        1.07325750278939        0.54992845306239
C           -2.65676398730944       -1.15299499059594       -0.31427025569016
O           -3.63022487125466       -0.46506481506992       -0.43355874679472
O           -2.69201966623193       -2.49041214126996       -0.42164733580838
C            2.34288349384055       -1.65387669110492        0.08372676217168
C            3.44603969671415       -1.17318367858779        0.78960580604207
C            4.65038323781682       -1.84706770093310        0.76353029652945
C            4.76765732199424       -3.00908551806374        0.01904780932705
C            3.67655186522031       -3.48864403846755       -0.69767314543616
C            2.46808094420905       -2.82112981421642       -0.66665450951232
F            3.78982322737354       -4.60715540588383       -1.43146620423666
F            5.93616223518643       -3.66459448516601       -0.01200949904831
H           -0.27739406334761       -2.52313842014364       -0.38773498750764
H            0.13698439876113        2.11399554799294        0.83354067234406
H           -3.60107033112499       -2.78387708130832       -0.59492109449042
H            3.33794081430202       -0.26159923835818        1.35605836385727
H            5.50863834225974       -1.48622024952572        1.30890194877809
H            1.65189393157412       -3.21430300666196       -1.25107075874311
23
 energy: -50.047217560370 gnorm: 0.001346996911 xtb: 6.7.1 (edcfbbe)
N            1.16387999618877        0.37563038826768        0.50042279661746
C            1.08053621365155       -0.90742655002261        0.14642876020553
C           -0.16294538511311       -1.48428360616689       -0.13168033226518
C           -1.27238246143921       -0.65119806351235       -0.04028549572573
N           -1.16707018522895        0.63120200814626        0.29377504679334
C            0.04687244011388        1.07262581306292        0.55267384339879
C           -2.65621002717175       -1.15221555323602       -0.31898637060782
O           -3.62864178732083       -0.46390581336664       -0.43888115557228
O           -2.69199288432471       -2.48951425960802       -0.42666355329170
C            2.34268729644040       -1.65445589422320        0.08685982827159
C            3.44836569006057       -1.17068836185878        0.78733308873614
C            4.65300175063894       -1.84372935580396        0.75833523777432
C            4.76853011759822       -3.00733207360449        0.01585660823807
C            3.67483353208998       -3.49030879789152       -0.69494869129748
C            2.46580962429062       -2.82401360302811       -0.66075085677836
F            3.78597523194729       -4.61099330824952       -1.42647894775469
F            5.93724831919963       -3.66194701537660       -0.01833964091989
H           -0.27814343220311       -2.52373974849438       -0.38545450924672
H            0.13649089629095        2.11323007358788        0.83876636477787
H           -3.60051305137910       -2.78271432695854       -0.60080008603773
H            3.34052441880489       -0.25960294015596        1.35309059122071
H            5.51209181474758       -1.48251868961701        1.30050496961319
H            1.64701187211725       -3.22051032188948       -1.24013749614977
23
 energy: -50.047220964222 gnorm: 0.000467966301 xtb: 6.7.1 (edcfbbe)
N            1.16374093595285        0.37593356496287        0.50086894870076
C            1.08070301923868       -0.90682088278120        0.14609418435401
C           -0.16273599283567       -1.48394662544046       -0.13100511695071
C           -1.27239849783597       -0.65140360487846       -0.03896608615244
N           -1.16760437160068        0.63059240147335        0.29586571039787
C            0.04622581840363        1.07201607361296        0.55526213998936
C           -2.65628334573665       -1.15241499251695       -0.31819633446885
O           -3.62922429296452       -0.46397399880601       -0.43817576691556
O           -2.69108207602427       -2.48953192509953       -0.42866395534565
C            2.34282178828417       -1.65382039232516        0.08620297844674
C            3.44884608432878       -1.17008981148048        0.78558916465714
C            4.65336478136858       -1.84360433122241        0.75691074383172
C            4.76810843740861       -3.00807075734452        0.01634053538238
C            3.67414569880937       -3.49080033035231       -0.69384585920635
C            2.46553062021426       -2.82375636334951       -0.66021558645921
F            3.78445946133033       -4.61229149773732       -1.42347907492916
F            5.93659296239841       -3.66332550186519       -0.01700083969244
H           -0.27758951381761       -2.52327594882463       -0.38538198286556
H            0.13573818202054        2.11237883127499        0.83923923625047
H           -3.59938287241900       -2.78292361347472       -0.60502858810480
H            3.34200034768372       -0.25772694082937        1.34953185478497
H            5.51307536508592       -1.48183322693742        1.29795753747505
H            1.64690746070627       -3.21972012605786       -1.23926384318007
