23
 energy: -49.865212580444 gnorm: 0.074052479103 xtb: 6.7.1 (edcfbbe)
N            1.19951000000000        0.44895000000000        0.18082000000000
C            1.06890000000000       -0.88696000000000        0.03564000000000
C           -0.16493000000000       -1.49365000000000       -0.07943000000000
C           -1.26056000000000       -0.65475000000000       -0.03964000000000
N           -1.16627000000000        0.68678000000000        0.08544000000000
C            0.07184000000000        1.17192000000000        0.18775000000000
C           -2.65218000000000       -1.19696000000000       -0.12160000000000
O           -3.68980000000000       -0.56035000000000       -0.11138000000000
O           -2.68365000000000       -2.54447000000000       -0.20478000000000
C            2.32752000000000       -1.64933000000000        0.02779000000000
C            3.32385000000000       -1.39603000000000        0.99061000000000
C            4.52348000000000       -2.11743000000000        1.00587000000000
C            4.75083000000000       -3.09924000000000        0.04551000000000
C            3.78178000000000       -3.35249000000000       -0.92069000000000
C            2.58162000000000       -2.64153000000000       -0.93352000000000
F            3.98113000000000       -4.28675000000000       -1.86235000000000
Cl           6.22651000000000       -3.98339000000000        0.06703000000000
H           -0.26801000000000       -2.56675000000000       -0.17128000000000
H            0.17575000000000        2.24721000000000        0.28716000000000
H           -3.64491000000000       -2.74324000000000       -0.23651000000000
H            3.16253000000000       -0.62575000000000        1.74504000000000
H            5.27037000000000       -1.90373000000000        1.76626000000000
H            1.86241000000000       -2.86343000000000       -1.71763000000000
23
 energy: -49.869650800232 gnorm: 0.024224376268 xtb: 6.7.1 (edcfbbe)
N            1.19802745960262        0.44029631927714        0.18969031890517
C            1.08544623633327       -0.88361171830255        0.03611671364370
C           -0.15975532393288       -1.49200123523215       -0.08705844895813
C           -1.26278546354344       -0.65297909654242       -0.04241196849683
N           -1.15117843465159        0.67223194673158        0.08466909548323
C            0.07721445800427        1.14724721305445        0.19179050455660
C           -2.65406546508533       -1.18995686334407       -0.12092392943439
O           -3.66808053193744       -0.54398028835295       -0.10977109703441
O           -2.69059796053876       -2.53447461360289       -0.20634694750727
C            2.34165917810723       -1.64938367840027        0.03008398603106
C            3.32766334420495       -1.38841983146736        0.98257314235516
C            4.51114808176672       -2.10823379339465        1.00083712005570
C            4.74255946515670       -3.09197384928547        0.04907826192434
C            3.76956368586959       -3.34359473038469       -0.91182107691519
C            2.57607113825851       -2.64149968289392       -0.92078011626927
F            3.97064677427256       -4.27835580895786       -1.85221033273835
Cl           6.21714823272492       -3.98136178858514        0.06142690508522
H           -0.26594015036894       -2.56087286740969       -0.18269415248531
H            0.17895393471027        2.21964168478644        0.29318293950907
H           -3.63775596705395       -2.76657325213221       -0.24219615459203
H            3.15951634407969       -0.62168779565949        1.72606206254052
H            5.25674150869563       -1.90095539805383        1.75362322911457
H            1.85551945532542       -2.86087087184799       -1.69681005477315
23
 energy: -49.870568489016 gnorm: 0.007578360814 xtb: 6.7.1 (edcfbbe)
N            1.19693958716587        0.43544205496201        0.20469828032963
C            1.09490731747624       -0.88070714054796        0.03888242161583
C           -0.15536282937698       -1.49074864346228       -0.09758571685342
C           -1.26371333195212       -0.65210661870397       -0.04664196969473
N           -1.14257444926958        0.66420859028674        0.08705000392148
C            0.08029238312198        1.13549545825533        0.20145229733959
C           -2.65765140510570       -1.18400393149061       -0.12659358872789
O           -3.65723948798820       -0.52478080848965       -0.11040756146776
O           -2.69216050684333       -2.52678963490984       -0.21141871513338
C            2.34717225225584       -1.65152470769861        0.03416849043253
C            3.33104100301958       -1.37925368611778        0.97876304404211
C            4.50830708609359       -2.09878067297958        0.99617090662699
C            4.73807027030083       -3.08850470874281        0.05086630909523
C            3.75852697011154       -3.34319372272612       -0.90389712222358
C            2.56669450386811       -2.64651888281646       -0.91124322319111
F            3.96078940174375       -4.28263738322590       -1.84019812559529
Cl           6.21080846217119       -3.98274137936657        0.05403566531531
H           -0.26238144822506       -2.55697991962541       -0.20303052911822
H            0.18041034521844        2.20719280533109        0.30955001521998
H           -3.62582311675171       -2.79743407915518       -0.24953143575689
H            3.16162839887703       -0.60308131861294        1.70688507330780
H            5.25945200076250       -1.89472452580433        1.74080338310051
H            1.83958659332621       -2.86919714435918       -1.67666790258470
23
 energy: -49.870809762620 gnorm: 0.006596539337 xtb: 6.7.1 (edcfbbe)
N            1.19653538295427        0.43483755045919        0.22011218049157
C            1.09705657032908       -0.87891365506567        0.04153696601606
C           -0.15326545341639       -1.48966864581673       -0.10657932346161
C           -1.26341460235182       -0.65204735312926       -0.05094666387783
N           -1.14144066853162        0.66270347407508        0.09187260396563
C            0.08009363074100        1.13453013404326        0.21529244664674
C           -2.65969772291690       -1.18198860384756       -0.13101954133603
O           -3.65408315621692       -0.51517791572606       -0.11362074443980
O           -2.69037283666475       -2.52299413901021       -0.21940873035916
C            2.34758258126661       -1.65165213281764        0.03596708073140
C            3.33649721848802       -1.36921198490161        0.97295484539144
C            4.51246490571720       -2.09103360654343        0.99052614717071
C            4.73590623186615       -3.08865891669521        0.05132880882024
C            3.75040048041589       -3.34982320730533       -0.89661178276370
C            2.55810066059640       -2.65440249797275       -0.90351312059512
F            3.95132665872951       -4.29574583311789       -1.82752953444899
Cl           6.20729851585865       -3.98488302457727        0.04917682620251
H           -0.25938337527134       -2.55479061960843       -0.22282141946928
H            0.17908599357635        2.20613305853623        0.32913615490696
H           -3.61608585440933       -2.81681140532329       -0.25936988209558
H            3.16806389847276       -0.58480986502734        1.69237596614239
H            5.27030273978983       -1.88509964707434        1.72838894157227
H            1.82474820097737       -2.88186116355378       -1.66113822521079
23
 energy: -49.871036718923 gnorm: 0.004253848636 xtb: 6.7.1 (edcfbbe)
N            1.19556783209270        0.43493119394483        0.24722850653320
C            1.09770382351308       -0.87625751629451        0.04498031670000
C           -0.15068020315722       -1.48667437236827       -0.12287776205763
C           -1.26203587568054       -0.65170542908488       -0.05732408408301
N           -1.14239141065569        0.66231954649837        0.10408130168850
C            0.07816649947685        1.13563447753365        0.24127289489281
C           -2.66113988182253       -1.18029512598114       -0.14349543871255
O           -3.65122893350431       -0.50665357015519       -0.12114452498244
O           -2.68509541647872       -2.51846669077626       -0.23414146025445
C            2.34673880749215       -1.65016451240316        0.03700218423296
C            3.34649365197784       -1.35248936563206        0.96030604370613
C            4.52189373714029       -2.07704502862798        0.97828202056258
C            4.73282283581987       -3.08972034114978        0.05122592794590
C            3.73740020364971       -3.36435627978330       -0.88360175976914
C            2.54487559616170       -2.66860518919681       -0.89029484056355
F            3.93248525319762       -4.32464078664998       -1.80232774744707
Cl           6.20123258963992       -3.98957344403016        0.04497167892414
H           -0.25467174225596       -2.55006334276242       -0.25868459475075
H            0.17518253821304        2.20617124022175        0.37031621260210
H           -3.60038469806716       -2.84063268303864       -0.27465775207137
H            3.18279917641782       -0.55371964739156        1.66605076357310
H            5.29017190101456       -1.86384571839816        1.70471891834080
H            1.80181371581502       -2.90551741447440       -1.63577680501023
23
 energy: -49.871166842094 gnorm: 0.004263434648 xtb: 6.7.1 (edcfbbe)
N            1.19434855458224        0.43456987934258        0.26785586621327
C            1.09702585514909       -0.87466459575230        0.04706205515160
C           -0.14945340888255       -1.48315932414302       -0.13515400054322
C           -1.26084295188454       -0.65063497680467       -0.06092224798667
N           -1.14412297656468        0.66261758267261        0.11720034478336
C            0.07599598403860        1.13578602178883        0.26526233901558
C           -2.66095351381729       -1.18010488547851       -0.15077475691456
O           -3.65069681974158       -0.50571695360006       -0.13006413573715
O           -2.67982678212447       -2.51638136485732       -0.24768486990731
C            2.34585535728032       -1.64800046081616        0.03631122457368
C            3.35496740713491       -1.33918041747552        0.94719989180837
C            4.53035415340167       -2.06457239499341        0.96550762191341
C            4.73091830269856       -3.09085086452683        0.05063434494789
C            3.72750288021696       -3.37761413125817       -0.87220477579419
C            2.53590474330674       -2.67993091528312       -0.87918417064079
F            3.91463003172297       -4.35176118417970       -1.77869632188797
Cl           6.19710312786450       -3.99328388660306        0.04441847199454
H           -0.25201650210354       -2.54482936286853       -0.28617133193936
H            0.17185890283042        2.20488829204969        0.40645646991722
H           -3.58962300818951       -2.85056917446154       -0.29081601107383
H            3.19688533933917       -0.53001290389844        1.64302427414820
H            5.30562947915779       -1.84227391617450        1.68238851206200
H            1.78627584458429       -2.92569006267899       -1.61553879410408
23
 energy: -49.871327990407 gnorm: 0.005787902280 xtb: 6.7.1 (edcfbbe)
N            1.19266946649580        0.43338736550533        0.28913327631225
C            1.09587036547227       -0.87332617155963        0.04801382812931
C           -0.14886336728974       -1.47814338103996       -0.14863912758164
C           -1.25995486985693       -0.64847348351968       -0.06253599880374
N           -1.14651271663826        0.66308467685679        0.13627249430860
C            0.07347382760061        1.13467555316562        0.29337736500196
C           -2.65953620680644       -1.18020357579955       -0.16233511260964
O           -3.65180464471595       -0.50938400053268       -0.14269314566299
O           -2.67325494831673       -2.51558125193007       -0.26231407134884
C            2.34500173878682       -1.64511823829413        0.03365513765980
C            3.36433287584240       -1.32427337302423        0.92964135813466
C            4.53975844906191       -2.04980945871178        0.94886040695584
C            4.72953575204659       -3.09226133024008        0.04992510405075
C            3.71745860298193       -3.39323296187145       -0.85857547272793
C            2.52764840439856       -2.69248679090506       -0.86671027224223
F            3.89345196401471       -4.38427687413385       -1.74934714631274
Cl           6.19335887768349       -3.99761509267174        0.04726905191550
H           -0.25052573471040       -2.53735624543963       -0.31689980371274
H            0.16840744560452        2.20138033459825        0.45206325394017
H           -3.58010441759336       -2.85390547331763       -0.30800747188670
H            3.21362092284690       -0.50435787279321        1.61479890517706
H            5.32132928032338       -1.81494763706509        1.65488328829390
H            1.77235893276797       -2.94914471727669       -1.59372584699054
23
 energy: -49.871550370945 gnorm: 0.007265552784 xtb: 6.7.1 (edcfbbe)
N            1.19017565397377        0.43106569707398        0.31697965849115
C            1.09499721791141       -0.87147648084999        0.04877206485228
C           -0.14852401162955       -1.47037558387336       -0.16575352026627
C           -1.25968295418670       -0.64452493114112       -0.06237408287566
N           -1.14979037677978        0.66308481834371        0.16663301285908
C            0.07012602577595        1.13110428516659        0.33538862372015
C           -2.65669171960269       -1.18081979959669       -0.17540054338287
O           -3.65435799697952       -0.51783795061350       -0.16417449246115
O           -2.66365358362786       -2.51607827873067       -0.28290050021845
C            2.34459563934442       -1.64097981167763        0.02841843296563
C            3.37768342631815       -1.30254846257450        0.90234939781375
C            4.55260137539970       -2.02840809373664        0.92324296524568
C            4.72822496303344       -3.09440313238895        0.04902249148825
C            3.70396214547279       -3.41514364693347       -0.83856293655601
C            2.51705007262240       -2.70993611728923       -0.84916644424479
F            3.86285401898156       -4.43024385635545       -1.70571676210619
Cl           6.18865720658067       -4.00465008535203        0.05408430980947
H           -0.25006063985506       -2.52557758660387       -0.35735172595982
H            0.16412877714992        2.19402028119146        0.51793448810008
H           -3.57009289800327       -2.85249316383026       -0.33710932519821
H            3.23841700048311       -0.46721812873522        1.57155551519054
H            5.34230240338941       -1.77469583375949        1.61334326619181
H            1.75479825422781       -2.98323413773388       -1.56310389345843
23
 energy: -49.871761533121 gnorm: 0.006770022628 xtb: 6.7.1 (edcfbbe)
N            1.18734595845646        0.42749701231562        0.34795264530060
C            1.09539619419802       -0.86944330349806        0.05029201125364
C           -0.14803134476288       -1.46211611170821       -0.18199756941904
C           -1.26035670507469       -0.64052171213215       -0.05923626776606
N           -1.15303235558989        0.66084910024341        0.20386054502466
C            0.06669838073531        1.12474962546792        0.38344705629896
C           -2.65318452559223       -1.18092276894555       -0.19426968207319
O           -3.65636736223748       -0.52607539905809       -0.19285029310666
O           -2.65452392589265       -2.51717976544775       -0.30534990685831
C            2.34508018386119       -1.63702816841333        0.02219224655716
C            3.39349854803516       -1.27661747849739        0.86939123612839
C            4.56722195271450       -2.00348318125126        0.89226850430986
C            4.72731547828321       -3.09645713725674        0.04813827078754
C            3.68880220117176       -3.43907994624440       -0.81465158297417
C            2.50458280774741       -2.73005279854758       -0.82841482991215
F            3.82898451586808       -4.48017507291273       -1.65434495364629
Cl           6.18390753750774       -4.01280569381944        0.06222611501141
H           -0.25046649476180       -2.51214186880712       -0.39962550945978
H            0.15940848807155        2.18285187443819        0.59492788613445
H           -3.56279422840644       -2.84794632056129       -0.37270665324570
H            3.26714104215447       -0.42288323053214        1.51814978308655
H            5.36695356214790       -1.72910152293389        1.56271745358525
H            1.73414009136544       -3.02328613189827       -1.52600650501706
23
 energy: -49.871916665032 gnorm: 0.004217837335 xtb: 6.7.1 (edcfbbe)
N            1.18490449476706        0.42278824991423        0.37334288943140
C            1.09647319069573       -0.86866339918847        0.05336887317097
C           -0.14769437217454       -1.45666074111136       -0.19047899319367
C           -1.26163229352912       -0.63852099816250       -0.05475025292978
N           -1.15557659456891        0.65602574329601        0.23545740449350
C            0.06388114451292        1.11652874125089        0.42478202461053
C           -2.65055118667212       -1.18016616672356       -0.20804054856826
O           -3.65625945004337       -0.52902928947137       -0.22228396735582
O           -2.65060496007928       -2.51756886884332       -0.32428839575928
C            2.34609295332701       -1.63503354721301        0.01756447052629
C            3.40714745005418       -1.25506810842724        0.84019577388731
C            4.58009422288155       -1.98234614234215        0.86402978937084
C            4.72778705044254       -3.09692035684448        0.04685590383478
C            3.67704913880357       -3.45737612331206       -0.79341808328921
C            2.49395522533316       -2.74697662431133       -0.80946941610062
F            3.80308668922355       -4.51836585462916       -1.60933911550727
Cl           6.18165775910445       -4.01772645942448        0.06755486499728
H           -0.25193635671609       -2.50165683542137       -0.42718806613140
H            0.15537041733013        2.16998413927653        0.65716493506452
H           -3.56189527311825       -2.83963490802191       -0.40885523520544
H            3.29086493507043       -0.38564038389006        1.46922618112620
H            5.38938396835175       -1.69182244044410        1.51571410818049
H            1.71612184700380       -3.05751962595602       -1.49103514465332
23
 energy: -49.872021673377 gnorm: 0.002496764719 xtb: 6.7.1 (edcfbbe)
N            1.18278909019474        0.41722911803263        0.39518206017535
C            1.09758965523690       -0.86940799818898        0.05726430474439
C           -0.14736080575290       -1.45483981648219       -0.19455043316853
C           -1.26288749277123       -0.63891720792980       -0.05070352689135
N           -1.15736836606978        0.64942239110527        0.26179398079896
C            0.06162466211534        1.10779729643600        0.45876879772492
C           -2.64942096047072       -1.17766562095377       -0.22388951933687
O           -3.65341201703476       -0.52446912313260       -0.25011191244633
O           -2.65251520239899       -2.51586584415151       -0.34056392870450
C            2.34742796448352       -1.63476224370291        0.01469174906284
C            3.41873034257306       -1.23714838362855        0.81540146738195
C            4.59194148669849       -1.96343569020166        0.83892538549945
C            4.72938538258314       -3.09566469282049        0.04520851014403
C            3.66820525424637       -3.47182507636908       -0.77486598489898
C            2.48489059918278       -2.76201250984899       -0.79220575078424
F            3.78440706374221       -4.54898515048567       -1.56978852598952
Cl           6.18203690484879       -4.01839038170574        0.06882305436156
H           -0.25357609037690       -2.49572487163191       -0.44648586770438
H            0.15168488681695        2.15702487789508        0.71080323674095
H           -3.56563034458041       -2.83109970459367       -0.43894235936171
H            3.30902606698241       -0.35458899193897        1.42603460604879
H            5.41031480156545       -1.66071766364403        1.47318285641414
H            1.69983711818570       -3.08732271205879       -1.45786219981084
23
 energy: -49.872097624594 gnorm: 0.002704850917 xtb: 6.7.1 (edcfbbe)
N            1.18095845342226        0.41068657711373        0.41354450650317
C            1.09777608718624       -0.87208767186380        0.06193534545422
C           -0.14763684258400       -1.45588612431200       -0.19495509407044
C           -1.26392196725634       -0.64078666341560       -0.04727349575894
N           -1.15894416436389        0.64245394570567        0.28310708272997
C            0.05962035701408        1.09894526315667        0.48827595543620
C           -2.64987887628592       -1.17363773924231       -0.23628968404949
O           -3.64945244953759       -0.51417747770963       -0.27626278134792
O           -2.65867017217092       -2.51185356464033       -0.35586093599046
C            2.34845270684007       -1.63598833207551        0.01347542321646
C            3.42817338263345       -1.22311674455200        0.79483963918309
C            4.60282050140088       -1.94688176121577        0.81682175925098
C            4.73220934259564       -3.09295484594754        0.04269022303332
C            3.66234228387228       -3.48358589015070       -0.75914870029567
C            2.47794657785282       -2.77553470311124       -0.77655575260951
F            3.77167604802318       -4.57450514475601       -1.53533693264390
Cl           6.18531907287319       -4.01476893260790        0.06612270488518
H           -0.25584796850391       -2.49359229463368       -0.45742510097976
H            0.14862734499631        2.14433112535949        0.75395544381603
H           -3.57246893782426       -2.82198333267500       -0.46639084529439
H            3.32274380105775       -0.32964844433770        1.38921133486958
H            5.42952768198119       -1.63353691212055        1.43487183366110
H            1.68634773677769       -3.11326033196863       -1.42724192899874
23
 energy: -49.872156066744 gnorm: 0.002860738742 xtb: 6.7.1 (edcfbbe)
N            1.17952125614266        0.40353657980306        0.42806121917472
C            1.09671627742878       -0.87660046701929        0.06758610243355
C           -0.14891985784964       -1.45892986212247       -0.19282474487005
C           -1.26477731515608       -0.64314780331561       -0.04412477825397
N           -1.16005015197573        0.63647795080777        0.29877854258680
C            0.05833242031565        1.09090052346346        0.50988724606320
C           -2.65158263944157       -1.16831415280653       -0.24871596057895
O           -3.64536196827993       -0.50095700753756       -0.29967598604562
O           -2.66717085404681       -2.50604211918782       -0.36871067404247
C            2.34870779067745       -1.63855589050517        0.01411078565320
C            3.43550944494361       -1.21259234995603        0.77871273790667
C            4.61253301781286       -1.93258812198343        0.79794356609649
C            4.73607367992002       -3.08916665793352        0.03917058027427
C            3.65908693620178       -3.49312877580229       -0.74648148166804
C            2.47295438501743       -2.78784924135635       -0.76247004317727
F            3.76405080937578       -4.59483239694059       -1.50727046303388
Cl           6.19127129168615       -4.00750359717997        0.05979213223139
H           -0.25904578104485       -2.49456695715601       -0.46237055821656
H            0.14683904031938        2.13293315824875        0.79013167425624
H           -3.58067552185370       -2.81300381006573       -0.48842006483702
H            3.33248069869360       -0.31125574019688        1.36062094750517
H            5.44566262542189       -1.61002854477756        1.40222275512087
H            1.67556441569148       -3.13615471648058       -1.39984353457871
23
 energy: -49.872203261992 gnorm: 0.002272655319 xtb: 6.7.1 (edcfbbe)
N            1.17842783883197        0.39620744249898        0.44096206826480
C            1.09466825280492       -0.88240949483877        0.07407380021086
C           -0.15121256432755       -1.46284677752682       -0.18891136542801
C           -1.26564761028503       -0.64515316333098       -0.04129996877160
N           -1.16077641135078        0.63217186659796        0.31049886799019
C            0.05763871542962        1.08377764881894        0.52886511953715
C           -2.65388632463599       -1.16248830264045       -0.25921434583507
O           -3.64190784846373       -0.48757316624363       -0.32054606189807
O           -2.67608401937463       -2.49947434396738       -0.37950355234382
C            2.34806472578523       -1.64228148228552        0.01647463077339
C            3.44057755595381       -1.20564799190428        0.76670343946573
C            4.62063782867798       -1.92090088117999        0.78191953429787
C            4.74064197618895       -3.08476492850250        0.03448632838357
C            3.65793718614168       -3.50060384515676       -0.73673153417530
C            2.46957601920996       -2.79894703596288       -0.74963228402213
F            3.75977230216361       -4.61076601415751       -1.48505558534269
Cl           6.19910081021186       -3.99795272904543        0.05060557906463
H           -0.26319172108356       -2.49732065540502       -0.46204396863161
H            0.14674881601361        2.12302794591109        0.81467730270311
H           -3.58907436247493       -2.80387398701560       -0.50802677406728
H            3.33954300845698       -0.29810718220412        1.33919515771181
H            5.45879303208312       -1.58903635146810        1.37406397597124
H            1.66737279404314       -3.15640657099157       -1.37545036385874
23
 energy: -49.872241685308 gnorm: 0.001889625317 xtb: 6.7.1 (edcfbbe)
N            1.17761220504289        0.38928942461282        0.45084621524151
C            1.09217590557911       -0.88870024010012        0.08148666858741
C           -0.15405666804712       -1.46674234059660       -0.18382286018951
C           -1.26657850407069       -0.64642948113053       -0.03905187629187
N           -1.16097633357431        0.62967311250726        0.31663130398247
C            0.05770395112034        1.07811807320475        0.53984269192327
C           -2.65619296078970       -1.15696739437198       -0.26718242344666
O           -3.63932007289881       -0.47596748106613       -0.33879235553720
O           -2.68389527414110       -2.49323043150747       -0.38786215094714
C            2.34679686086994       -1.64650012485257        0.02036998529115
C            3.44438362358897       -1.20060567391622        0.75794753598277
C            4.62755574280466       -1.91095601795449        0.76828064024502
C            4.74541279552195       -3.08017885772818        0.02897010553529
C            3.65764631195170       -3.50663050167514       -0.72921188959220
C            2.46681596936363       -2.80905702243416       -0.73764203915815
F            3.75700447430515       -4.62298490526534       -1.46825880748343
Cl           6.20772023156125       -3.98748930694598        0.03934875137896
H           -0.26769297487255       -2.50074883477757       -0.45844745728934
H            0.14780875230328        2.11529790888386        0.83583832916816
H           -3.59631704318217       -2.79527566442010       -0.52523005239878
H            3.34448254656704       -0.28985092913339        1.32505719690938
H            5.46892050722357       -1.57097720596800        1.35074216346116
H            1.66070995377324       -3.17445610536507       -1.35374967537223
23
 energy: -49.872285479827 gnorm: 0.001915719408 xtb: 6.7.1 (edcfbbe)
N            1.17682275395419        0.38045361008349        0.46424618475358
C            1.08871216815259       -0.89750011683154        0.09256824496592
C           -0.15836375814828       -1.47162925491349       -0.17617297112829
C           -1.26811395696428       -0.64694321948375       -0.03698228273274
N           -1.16049045694188        0.62868413417629        0.32142111118555
C            0.05862368494518        1.07207176403053        0.55287332499954
C           -2.65886346441994       -1.15004645679313       -0.27899190347358
O           -3.63672733775517       -0.46335952042564       -0.36015974403381
O           -2.69267723315483       -2.48581267384570       -0.39747763844242
C            2.34419832827051       -1.65337257383255        0.02816370068694
C            3.44726995146484       -1.19735581582229        0.75107590814604
C            4.63485567345441       -1.90054306533710        0.75310191092443
C            4.75175682406420       -3.07395012567997        0.02046651566102
C            3.65785991573658       -3.51276680104538       -0.72146603642706
C            2.46333148670888       -2.82145953594838       -0.72191449167000
F            3.75453130405670       -4.63462421798727       -1.45197766421804
Cl           6.22036090935026       -3.97168027626223        0.02040082018744
H           -0.27414335929801       -2.50572362053088       -0.45065180288017
H            0.15116734293660        2.10757006769540        0.85123364322098
H           -3.60445839496414       -2.78405738405193       -0.54443877889418
H            3.34931848942557       -0.28306890339594        1.31363306734963
H            5.48001890828118       -1.54964028475145        1.32360193654960
H            1.65273022084514       -3.19661572904736       -1.32644305473035
23
 energy: -49.872319742916 gnorm: 0.001889399505 xtb: 6.7.1 (edcfbbe)
N            1.17610137725937        0.37330011832646        0.47448443957975
C            1.08607597082745       -0.90499878181023        0.10425563140751
C           -0.16199695858095       -1.47551721374778       -0.16641399247529
C           -1.26964827592105       -0.64669178716779       -0.03523008963301
N           -1.15965887181885        0.62912992082928        0.32056698058101
C            0.05973826695339        1.06804991770326        0.55854851167119
C           -2.66037602877794       -1.14483705229999       -0.28623786628427
O           -3.63516153213822       -0.45452653329715       -0.37947317901874
O           -2.69853659463579       -2.48071957002682       -0.40436920816751
C            2.34180675754588       -1.65986012750943        0.03756015743006
C            3.44936868370828       -1.19615913305512        0.74841918352785
C            4.64070914886991       -1.89288720615862        0.74125939920196
C            4.75728299497129       -3.06808805831472        0.01155307124767
C            3.65784214313456       -3.51643044356158       -0.71609432229806
C            2.45974046726222       -2.83128118697273       -0.70746439366205
F            3.75198227841593       -4.64166341466115       -1.44182948747277
Cl           6.23183715942619       -3.95645443771879       -0.00108977643057
H           -0.27977244955437       -2.50989242499535       -0.43861753061396
H            0.15442306763687        2.10316547644268        0.85785713850377
H           -3.61039482726399       -2.77422573703655       -0.56201246805282
H            3.35212702137489       -0.28176077739766        1.31029051629234
H            5.48851892576110       -1.53496117014055        1.30254013472102
H            1.64571127554413       -3.21406037742995       -1.30239285005506
23
 energy: -49.872347750609 gnorm: 0.001723934202 xtb: 6.7.1 (edcfbbe)
N            1.17537786679654        0.36708665507823        0.48661827112810
C            1.08396982083627       -0.91159039834730        0.11611107180649
C           -0.16510986946696       -1.47871392577665       -0.15941396493334
C           -1.27105219427402       -0.64560541000300       -0.03653519619335
N           -1.15827168657647        0.63096630925978        0.31789296417514
C            0.06114829342366        1.06571130288210        0.56336216151606
C           -2.66087138504426       -1.14046879629800       -0.29648173449368
O           -3.63325670624509       -0.44846175068557       -0.39525689371260
O           -2.70208191810014       -2.47674339721408       -0.41273736287471
C            2.33913015587754       -1.66687770951868        0.04896191053056
C            3.45075457390234       -1.19608709724878        0.74909218666535
C            4.64538167683164       -1.88673397195409        0.73190493248714
C            4.76119389572846       -3.06346290603981        0.00327448059552
C            3.65602818553664       -3.52071741428637       -0.71020175461804
C            2.45470572163128       -2.84146640182374       -0.69196720658136
F            3.74854015719100       -4.64751978072053       -1.43411265477526
Cl           6.24223383272921       -3.94091808986668       -0.02599804529633
H           -0.28508147476396       -2.51351802733090       -0.43017085098012
H            0.15777081790472        2.10157465535941        0.86318645654177
H           -3.61353039989291       -2.76682522996253       -0.57523550442747
H            3.35545761525620       -0.27875290846610        1.30891616714222
H            5.49817014624714       -1.52070740368926        1.28227030918842
H            1.63711287447150       -3.23153830334770       -1.27736974289051
23
 energy: -49.872367330834 gnorm: 0.001693230371 xtb: 6.7.1 (edcfbbe)
N            1.17412765658126        0.35985649976704        0.50007146600072
C            1.08134430903031       -0.91937133781724        0.13330666225657
C           -0.16845225352917       -1.48342618810581       -0.14465653812432
C           -1.27231527864625       -0.64513864286276       -0.03473804414061
N           -1.15698475429578        0.63248960259675        0.31366574921337
C            0.06206564728294        1.06277430485733        0.56756265085603
C           -2.66099669820982       -1.13507104532799       -0.30947550850773
O           -3.63031024002526       -0.44023021167882       -0.41825755035782
O           -2.70663941719754       -2.47189577017277       -0.42271692576723
C            2.33656955510603       -1.67451002385832        0.06432459200903
C            3.45386452887228       -1.19584588701567        0.75018189722627
C            4.65240940316635       -1.87904602600161        0.71917935983633
C            4.76712244120453       -3.05575221866250       -0.00934364167269
C            3.65452977867135       -3.52343059201843       -0.70395393681398
C            2.44902179429686       -2.85174672347410       -0.67226070399092
F            3.74431238534621       -4.65254107125044       -1.42542688328796
Cl           6.25443480672312       -3.92170440922717       -0.06047058710985
H           -0.29127928775591       -2.51873655145815       -0.41183138909034
H            0.16051227973457        2.09961343843667        0.85985860815302
H           -3.61830599778631       -2.75686843573701       -0.59415164820549
H            3.35828405261140       -0.28035701996187        1.31057191929876
H            5.50872675447790       -1.50920944825277        1.25845043725771
H            1.62567853434128       -3.25122224277460       -1.24377998503890
23
 energy: -49.872372552459 gnorm: 0.002153659750 xtb: 6.7.1 (edcfbbe)
N            1.17336603776513        0.35566156475903        0.50867502643161
C            1.07964634441215       -0.92384183449722        0.14334311938828
C           -0.17023876093419       -1.48644834222385       -0.13639241972591
C           -1.27258713483849       -0.64545561381199       -0.03401594988962
N           -1.15633531621902        0.63278956114732        0.31103157809552
C            0.06235981600683        1.06090963914149        0.57062172568586
C           -2.66071970323936       -1.13234093846885       -0.31460961360876
O           -3.62815563561771       -0.43506012722880       -0.43314371551205
O           -2.70885423633263       -2.46910061234349       -0.42961872254521
C            2.33477462585811       -1.67931703466523        0.07381004388198
C            3.45528900263370       -1.19645300845912        0.75107868919823
C            4.65568960038471       -1.87572087965797        0.71229646788753
C            4.76858552369996       -3.05346370963090       -0.01514331778552
C            3.65228289982699       -3.52670610758132       -0.69868166474754
C            2.44512325663637       -2.85865812604605       -0.65944128813841
F            3.74090336680326       -4.65631874074634       -1.41918477421332
Cl           6.25970989030940       -3.91148779202847       -0.08062279027894
H           -0.29492771012837       -2.52184960223228       -0.40107731048357
H            0.16145263671154        2.09809249093867        0.86264730266674
H           -3.62066433777999       -2.75160778476906       -0.60848943391105
H            3.36271873761956       -0.27632336663119        1.30690398462831
H            5.51800584310095       -1.49818388092018        1.24035566969641
H            1.62029525332144       -3.26048575404442       -1.22423260672059
23
 energy: -49.872377199532 gnorm: 0.001102427570 xtb: 6.7.1 (edcfbbe)
N            1.17321240320014        0.35582001043757        0.51037528960178
C            1.07972402174081       -0.92359289801700        0.14366215562616
C           -0.16996613956700       -1.48644134331968       -0.13734063617791
C           -1.27228809403669       -0.64561757264561       -0.03491724402698
N           -1.15636784910932        0.63259409133579        0.31183429139073
C            0.06210900281275        1.06090441752058        0.57264079753266
C           -2.66032505317220       -1.13244331934791       -0.31550807830352
O           -3.62737404961954       -0.43497436109458       -0.43345021738251
O           -2.70842381939410       -2.46893312190552       -0.43222170239819
C            2.33506721722296       -1.67877027456195        0.07386025175474
C            3.45647715600233       -1.19454602871062        0.74938037407482
C            4.65677553947182       -1.87370872972511        0.71022626254863
C            4.76866352329682       -3.05282830073153       -0.01585594598685
C            3.65148094187106       -3.52762780028302       -0.69754009059559
C            2.44448117635265       -2.85955877536195       -0.65795303685614
F            3.73880267511326       -4.65924614987775       -1.41626309332746
Cl           6.25886993152508       -3.91166294325890       -0.08139428012064
H           -0.29468106379623       -2.52177207426448       -0.40251915931105
H            0.16092716992803        2.09795629338339        0.86705720294361
H           -3.61987994490415       -2.75195974355450       -0.61034358210513
H            3.36385148200734       -0.27456275925104        1.30470418195592
H            5.51847032709710       -1.49697130595793        1.23820396745650
H            1.61811344595745       -3.26342731080849       -1.22052770829361
23
 energy: -49.872379887810 gnorm: 0.000555946297 xtb: 6.7.1 (edcfbbe)
N            1.17305789821914        0.35662235953778        0.51027486047644
C            1.07998666147706       -0.92266751162957        0.14349727905736
C           -0.16951147919468       -1.48625528737160       -0.13672861370926
C           -1.27215901676708       -0.64608999443539       -0.03372092500110
N           -1.15690551415130        0.63187699940990        0.31392235914702
C            0.06146168327337        1.06078286383593        0.57384215410224
C           -2.65974570474446       -1.13280341319463       -0.31768079983533
O           -3.62695589691533       -0.43558294675175       -0.43278554174454
O           -2.70759138548069       -2.46914368467259       -0.43432239299825
C            2.33539163217697       -1.67763350828279        0.07318810844904
C            3.45737821703148       -1.19340259847102        0.74737519633257
C            4.65725233787410       -1.87350440878169        0.70881193087533
C            4.76821294399396       -3.05343735860054       -0.01535457313989
C            3.65061922689445       -3.52787331086313       -0.69647019006591
C            2.44405996108932       -2.85893808888998       -0.65746225261726
F            3.73706824683065       -4.66000029715605       -1.41384827647021
Cl           6.25768771717112       -3.91323858346205       -0.08012700160017
H           -0.29374577681623       -2.52161479145551       -0.40249745930013
H            0.15969152773852        2.09718581163810        0.86952879217656
H           -3.61883539772390       -2.75230464522584       -0.61201888025874
H            3.36530178826952       -0.27337141502457        1.30162317308556
H            5.51896494907846       -1.49712866178865        1.23621372860499
H            1.61703538067590       -3.26284752836461       -1.21915067556638
