23
 energy: -45.819661049881 gnorm: 0.074161244402 xtb: 6.7.1 (edcfbbe)
N            1.19391000000000        0.45902000000000        0.18088000000000
C            1.06905000000000       -0.87840000000000        0.04286000000000
C           -0.16233000000000       -1.48990000000000       -0.07266000000000
C           -1.26091000000000       -0.65475000000000       -0.04231000000000
N           -1.17249000000000        0.68793000000000        0.07526000000000
C            0.06378000000000        1.17765000000000        0.18056000000000
C           -2.65003000000000       -1.20262000000000       -0.12778000000000
O           -3.69039000000000       -0.57005000000000       -0.12478000000000
O           -2.67718000000000       -2.55059000000000       -0.20667000000000
C            2.32836000000000       -1.63848000000000        0.04450000000000
C            2.59250000000000       -2.63347000000000       -0.91681000000000
C            3.79144000000000       -3.35522000000000       -0.90276000000000
C            4.74534000000000       -3.09621000000000        0.07727000000000
C            4.49750000000000       -2.11345000000000        1.02645000000000
C            3.31180000000000       -1.38550000000000        1.01487000000000
F            5.41383000000000       -1.86532000000000        1.97144000000000
H           -0.25976000000000       -2.56401000000000       -0.15757000000000
H            0.16392000000000        2.25363000000000        0.27588000000000
H           -3.63786000000000       -2.75142000000000       -0.23889000000000
H            1.87009000000000       -2.84312000000000       -1.70402000000000
H            3.98026000000000       -4.11313000000000       -1.65909000000000
H            5.67990000000000       -3.64725000000000        0.10528000000000
H            3.15823000000000       -0.62171000000000        1.77309000000000
23
 energy: -45.824089706193 gnorm: 0.025107341454 xtb: 6.7.1 (edcfbbe)
N            1.19334715414193        0.44880694257227        0.18836657135678
C            1.08604605943689       -0.87668226953575        0.04362210018438
C           -0.15717875174136       -1.48921960070458       -0.08021420704943
C           -1.26276898681018       -0.65355971266821       -0.04555476119733
N           -1.15638719709646        0.67291834673341        0.07432453924294
C            0.07044977426046        1.15204324106669        0.18327691333681
C           -2.65155870636191       -1.19550918837405       -0.12715893109788
O           -3.66836979226336       -0.55340312660084       -0.12302276279796
O           -2.68423175073680       -2.54081296376609       -0.20779644144601
C            2.34235899406342       -1.64180504542069        0.04539053145443
C            2.58900673805036       -2.63441705475387       -0.90515986910345
C            3.78075581063637       -3.34388313600653       -0.89601100174983
C            4.73663705405132       -3.09178870224670        0.07396976594006
C            4.48724204580238       -2.10917139898613        1.01731763742218
C            3.31328646473516       -1.37734083202659        1.00876558943250
F            5.40549460513240       -1.86014977825152        1.96364266614416
H           -0.25848092882956       -2.55916527347243       -0.16910542320450
H            0.16848833211130        2.22521521573388        0.28077314090986
H           -3.63086793649988       -2.77456322133967       -0.24425044252445
H            1.86142706315939       -2.83773177413330       -1.68035228695463
H            3.96394882697777       -4.09907768140745       -1.64679342202688
H            5.66623548932677       -3.64259842626622        0.10297421155924
H            3.15407963845361       -0.61447456014563        1.75799588216901
23
 energy: -45.825015454371 gnorm: 0.007727131206 xtb: 6.7.1 (edcfbbe)
N            1.19337695921491        0.44259430207110        0.20198188692342
C            1.09612013444656       -0.87500783894636        0.04666842240913
C           -0.15261138951497       -1.48887962377889       -0.08982861922502
C           -1.26325484331442       -0.65327641800530       -0.04950204941338
N           -1.14655467043777        0.66442420851906        0.07644105642827
C            0.07494993565343        1.13927278257414        0.19193774206839
C           -2.65474747416155       -1.18940122457084       -0.13251361082686
O           -3.65704023510158       -0.53379032686619       -0.12368827805919
O           -2.68600485133849       -2.53323110100147       -0.21207494256823
C            2.34844629217489       -1.64595650388755        0.04856073634608
C            2.58094892300133       -2.63914929818332       -0.89744694937955
C            3.76986918861705       -3.34441868298975       -0.88951458107656
C            4.73181630661159       -3.09075035298011        0.07219222801753
C            4.48392229671519       -2.10321722876414        1.00947154480202
C            3.31586954738820       -1.36742479510049        1.00587137131681
F            5.40796367584556       -1.85096666403828        1.95384317485986
H           -0.25546830965525       -2.55628279052296       -0.18834712519676
H            0.17163073896105        2.21194384721870        0.29426271489212
H           -3.61912700737437       -2.80523222431198       -0.25086954383678
H            1.84281783570013       -2.84165355305799       -1.65878486418374
H            3.95001496758093       -4.10015306847192       -1.63727364523380
H            5.65981958576540       -3.63909976179692        0.10104084150863
H            3.15620239322220       -0.59671368310854        1.74257248942760
23
 energy: -45.825226495607 gnorm: 0.006236722146 xtb: 6.7.1 (edcfbbe)
N            1.19356693147838        0.44161720823927        0.21543747652773
C            1.09807252966846       -0.87386541268266        0.04927295687939
C           -0.15073248363049       -1.48835174486137       -0.09749722866813
C           -1.26277969882769       -0.65343897279211       -0.05322434226729
N           -1.14502852915317        0.66313659519252        0.08037702284534
C            0.07542244114420        1.13841494621895        0.20352687530288
C           -2.65657543398209       -1.18733347984174       -0.13631173363626
O           -3.65403098024872       -0.52440459435589       -0.12695550813722
O           -2.68442916703878       -2.52958783778685       -0.21892406285398
C            2.34875407531934       -1.64692984915336        0.05082838013697
C            2.57299193973591       -2.64689883405232       -0.89015045382809
C            3.76270281448281       -3.35126698511219       -0.88415172333580
C            4.73005206654408       -3.09123904748116        0.07123471148401
C            4.48645994226911       -2.09754196142624        1.00332764463306
C            3.32035006976921       -1.35866022673969        1.00193384512331
F            5.41716195739788       -1.84072927778750        1.94233395436441
H           -0.25306412010730       -2.55485754780951       -0.20556037986234
H            0.17129776162139        2.21105518995383        0.31086211107197
H           -3.61006641545730       -2.82329041074395       -0.25957035621044
H            1.82782793320346       -2.85156236062055       -1.64362198331097
H            3.94001743008320       -4.11161874140013       -1.62845499397295
H            5.65813054792259       -3.63856017811659        0.09966747863387
H            3.16285838780554       -0.58045647684077        1.73062030908053
23
 energy: -45.825412450688 gnorm: 0.004081884079 xtb: 6.7.1 (edcfbbe)
N            1.19309121232958        0.44161937480106        0.23863368067398
C            1.09835956103166       -0.87179861880974        0.05233162925014
C           -0.14860603537055       -1.48609138668711       -0.11140152181342
C           -1.26140749861999       -0.65320526981752       -0.05875235539581
N           -1.14555166972339        0.66313814868615        0.09045422268069
C            0.07413529114093        1.13978435132201        0.22537017594458
C           -2.65787335830245       -1.18549824570742       -0.14733594150706
O           -3.65144029476260       -0.51619390441003       -0.13411603010005
O           -2.67968237243854       -2.52523094469747       -0.23115980664563
C            2.34788051543651       -1.64589359476087        0.05271441793945
C            2.56124340608574       -2.65977988607996       -0.87773078951259
C            3.75096009108319       -3.36582359752256       -0.87345495957264
C            4.72700698499645       -3.09310211793782        0.07064808152827
C            4.49299588176370       -2.08667964990237        0.99200906361063
C            3.32898640573238       -1.34396230921040        0.99225613764279
F            5.43463689820625       -1.82134368164516        1.92021660417938
H           -0.24925283294058       -2.55126054068712       -0.23610612075058
H            0.16858385779505        2.21162098138518        0.34495833235867
H           -3.59570878623572       -2.84504130393565       -0.27233847181785
H            1.80646454913456       -2.87151777239114       -1.61988145279683
H            3.92228901029453       -4.13629800601578       -1.61008427584083
H            5.65532993352689       -3.64014498000981        0.09869343196608
H            3.17651924983646       -0.55366704596653        1.70907594797862
23
 energy: -45.825515102124 gnorm: 0.004085941394 xtb: 6.7.1 (edcfbbe)
N            1.19198949160833        0.44162550393150        0.25604465963312
C            1.09752959426003       -0.87033323005559        0.05406826348889
C           -0.14768252985106       -1.48310852310829       -0.12198598707532
C           -1.26039673892979       -0.65213898186853       -0.06204222087799
N           -1.14706517829946        0.66374596392553        0.10107760656257
C            0.07221250028302        1.14039481754806        0.24516621046447
C           -2.65781811506030       -1.18517187513220       -0.15344718575967
O           -3.65101272533966       -0.51516578808958       -0.14219313355522
O           -2.67499814235283       -2.52322397771388       -0.24221287657812
C            2.34696589392060       -1.64386878233447        0.05270621840863
C            2.55327140577611       -2.66975722919782       -0.86739330913305
C            3.74186250815628       -3.37834940302481       -0.86342577527543
C            4.72474164331313       -3.09488881699462        0.07068593520707
C            4.49942534281848       -2.07670985032412        0.98158620725743
C            3.33641413187237       -1.33244213140234        0.98166538440211
F            5.44923425714738       -1.80290581852694        1.89958312261756
H           -0.24706354089920       -2.54696305463681       -0.25944477162347
H            0.16578352148415        2.21106539454443        0.37521109775397
H           -3.58601333529964       -2.85416686043795       -0.28569639437315
H            1.79300469503262       -2.88927811646542       -1.60196004442641
H            3.90680178172079       -4.15872475591662       -1.59170702363718
H            5.65275781257538       -3.64304562310870        0.09903299851424
H            3.18901572606337       -0.53295886161088        1.68968101800493
23
 energy: -45.825640254863 gnorm: 0.005129877891 xtb: 6.7.1 (edcfbbe)
N            1.19033796270541        0.44113740721636        0.27408081515704
C            1.09637550609106       -0.86896392895134        0.05466669394628
C           -0.14728689775419       -1.47878392748935       -0.13388273013803
C           -1.25974508295975       -0.65002943498442       -0.06395248339089
N           -1.14923214154485        0.66456473748743        0.11654999160143
C            0.06985327270589        1.13999298537536        0.26858007940454
C           -2.65673959768488       -1.18514510170659       -0.16349864736127
O           -3.65201559721960       -0.51821000857907       -0.15333720264956
O           -2.66937414747377       -2.52243073272821       -0.25366868038658
C            2.34605174803617       -1.64121766505050        0.05082609304442
C            2.54580155532738       -2.68076520488330       -0.85607709932846
C            3.73249045382140       -3.39264165962446       -0.85090549932345
C            4.72254657067479       -3.09720505124291        0.07163679152084
C            4.50694489078089       -2.06475359577046        0.96904282308216
C            3.34462049103589       -1.31977484757369        0.96713448164247
F            5.46473984480441       -1.77974738465412        1.87469196438370
H           -0.24575391104612       -2.54076789480537       -0.28584194940662
H            0.16270806411786        2.20878365185071        0.41314595246363
H           -3.57770932896717       -2.85735736207241       -0.29903393960315
H            1.78166169853411       -2.91026197917463       -1.58372591884652
H            3.88969057955265       -4.18474029527019       -1.56832020856583
H            5.64969495160668       -3.64751560055930        0.10124877616002
H            3.20329911485590       -0.51053710680961        1.66563989659382
23
 energy: -45.825815888481 gnorm: 0.006283180163 xtb: 6.7.1 (edcfbbe)
N            1.18794098721832        0.43975699789509        0.29837532778594
C            1.09560578197284       -0.86710777318376        0.05479075745790
C           -0.14700656672500       -1.47198848056437       -0.14999775143153
C           -1.25961467641207       -0.64619324180978       -0.06500387064680
N           -1.15211873615609        0.66518000837614        0.14176595543022
C            0.06681133119358        1.13761903015441        0.30441621783267
C           -2.65447315614764       -1.18549024683021       -0.17491526345948
O           -3.65416005498453       -0.52519755458887       -0.17228602270399
O           -2.66122369650974       -2.52271724123537       -0.26985928039574
C            2.34543643529132       -1.63776358198781        0.04637923431077
C            2.53578111387894       -2.69670873335028       -0.84043656797522
C            3.71950857783320       -3.41311906083786       -0.83171083392379
C            4.71975936435130       -3.10089885323907        0.07382288474777
C            4.51769205644515       -2.04699974794581        0.94995726184065
C            3.35640298954196       -1.30106995706834        0.94374894449642
F            5.48611510019526       -1.74361667527952        1.83689121089679
H           -0.24512843957617       -2.53082533642911       -0.32253000808167
H            0.15889332756498        2.20341193429143        0.46996351159175
H           -3.56899157371618       -2.85654664768485       -0.32176734843933
H            1.76700450927205       -2.94149591339559       -1.55847127185012
H            3.86535309873380       -4.22227629787105       -1.53222285368694
H            5.64498529434687       -3.65489063035844        0.10630303282634
H            3.22438693238805       -0.47743199705706        1.62778673337736
23
 energy: -45.825989209030 gnorm: 0.005924104604 xtb: 6.7.1 (edcfbbe)
N            1.18546591662879        0.43697418517088        0.32628421210477
C            1.09607451739774       -0.86526401757626        0.05516252618644
C           -0.14647705314068       -1.46464508068243       -0.16652216278796
C           -1.26016268127903       -0.64217069567793       -0.06376879684659
N           -1.15479099906940        0.66402330876642        0.17403952536826
C            0.06398142818088        1.13276999833555        0.34711942413613
C           -2.65149009940627       -1.18526784440532       -0.19192346840970
O           -3.65570774240481       -0.53183904300616       -0.19813218631591
O           -2.65338121178301       -2.52349403530524       -0.28779319909362
C            2.34549746992680       -1.63506547600016        0.04061814803625
C            2.52364416140912       -2.71615906919887       -0.82208492237235
C            3.70463715802679       -3.43654067827161       -0.80835085999167
C            4.71725038069531       -3.10477486752083        0.07637498464053
C            4.53015582846672       -2.02591144560432        0.92610620281525
C            3.37025439982147       -1.27844194221428        0.91492993284442
F            5.51102947098547       -1.69938123600058        1.79027925373333
H           -0.24520355983224       -2.51925501210474       -0.36308323653669
H            0.15498201572912        2.19470617879365        0.53853802079645
H           -3.56250424159310       -2.85309121103021       -0.34985266330238
H            1.74865285733800       -2.97850484216203       -1.52749063771947
H            3.83779577461554       -4.26513171739151       -1.48841888766885
H            5.63999434375783       -3.66264375325310        0.11277336079517
H            3.24926186552918       -0.43726170366102        1.58019542958817
23
 energy: -45.826118449443 gnorm: 0.003781832472 xtb: 6.7.1 (edcfbbe)
N            1.18356344161319        0.43273842680253        0.34939590759965
C            1.09712905771999       -0.86475132271899        0.05679379067218
C           -0.14609208860105       -1.45970971848160       -0.17640846058786
C           -1.26112326847171       -0.63996687483019       -0.06089739873217
N           -1.15671018530849        0.66053622814139        0.20240696523946
C            0.06193631518104        1.12606773460261        0.38459127406757
C           -2.64920643523755       -1.18425743234800       -0.20441433287115
O           -3.65543302081510       -0.53387986126269       -0.22524296765865
O           -2.65004326330580       -2.52364569841062       -0.30309676298325
C            2.34611600397834       -1.63423557110155        0.03586974417245
C            2.51333855193538       -2.73320938591492       -0.80561481946667
C            3.69295694342103       -3.45543766761901       -0.78751804643832
C            4.71664238409006       -3.10667240135948        0.07769414951208
C            4.54126486544994       -2.00757007433645        0.90333483840676
C            3.38214240660540       -1.25924824850481        0.88906329031468
F            5.53289895333197       -1.66065330360398        1.74696021597982
H           -0.24639982332818       -2.51005864445224       -0.39137808122534
H            0.15191482549703        2.18418903625403        0.59593277558222
H           -3.56164723707803       -2.84628204260143       -0.37928019069303
H            1.73173443797768       -3.01043492009773       -1.49778876845450
H            3.81619589903784       -4.29984720774589       -1.44929270087801
H            5.63764689290277       -3.66666547847967        0.11729535627100
H            3.27013434340454       -0.40337557193142        1.53659422217105
23
 energy: -45.826206185531 gnorm: 0.002014148496 xtb: 6.7.1 (edcfbbe)
N            1.18216389044915        0.42747293959979        0.36779511817150
C            1.09798176451979       -0.86593239412742        0.05939917455162
C           -0.14602837252610       -1.45819045213388       -0.18075287419369
C           -1.26212234947117       -0.64005606516476       -0.05742341522072
N           -1.15787298553106        0.65543380363270        0.22550066389615
C            0.06061554055371        1.11878801125305        0.41406289468320
C           -2.64824539598232       -1.18182937809415       -0.21806182184442
O           -3.65303516247563       -0.52974323244097       -0.25096143723654
O           -2.65206780923885       -2.52216432541368       -0.31527608399478
C            2.34702698596945       -1.63500979204400        0.03298342570897
C            2.50539473426004       -2.74766026105873       -0.79125114208309
C            3.68497239625492       -3.46965912759911       -0.77057951469601
C            4.71790622371565       -3.10636194097847        0.07746506280498
C            4.55098727485519       -1.99201662681009        0.88302818248479
C            3.39159190030406       -1.24421421883327        0.86832960236096
F            5.55145136867327       -1.62906957220884        1.70949877213642
H           -0.24835754928902       -2.50507576757509       -0.40916147898571
H            0.14960974649952        2.17345112960745        0.64225892294407
H           -3.56555663203636       -2.83852018340513       -0.40352935189464
H            1.71702387668541       -3.03667945136746       -1.47025836945249
H            3.80125872014175       -4.32618529353314       -1.41725490793165
H            5.63844954104110       -3.66632631220409        0.11884050000931
H            3.28581229262783       -0.37682148910087        1.50034807778174
23
 energy: -45.826268185658 gnorm: 0.002257704297 xtb: 6.7.1 (edcfbbe)
N            1.18098475091954        0.42160216862869        0.38257057466878
C            1.09792571736179       -0.86879202189699        0.06282829035109
C           -0.14664669308260       -1.45936353228519       -0.18157804618311
C           -1.26302511521230       -0.64155301614183       -0.05457031435681
N           -1.15879758503267        0.65010739646256        0.24324956958872
C            0.05953801435727        1.11168928849958        0.43816345696809
C           -2.64878012665425       -1.17834493126358       -0.22842149647154
O           -3.64984201754789       -0.52114826251431       -0.27450931977467
O           -2.65787101797496       -2.51894617443966       -0.32600273008105
C            2.34777006758468       -1.63675643585902        0.03187205809912
C            2.49976517909401       -2.76006938507341       -0.77860524940506
C            3.68007585247053       -3.48069253461329       -0.75719448199527
C            4.72050255134747       -3.10461289674875        0.07601135858225
C            4.55980344165981       -1.97856525055004        0.86547111171532
C            3.39913776148884       -1.23264765781884        0.85218050053347
F            5.56772676253552       -1.60272723396756        1.67731967573531
H           -0.25107441221339       -2.50378911907357       -0.41885655126344
H            0.14798041488371        2.16340504752267        0.67814333471970
H           -3.57230808573739       -2.83043927625903       -0.42481653737912
H            1.70528473389114       -3.05889382067164       -1.44550209222213
H            3.79157633281169       -4.34660794163077       -1.39173851723830
H            5.64179565460626       -3.66296346511240        0.11759549153379
H            3.29743781844362       -0.35626094519380        1.47138991387480
23
 energy: -45.826317022296 gnorm: 0.002579927307 xtb: 6.7.1 (edcfbbe)
N            1.18000297048901        0.41541570189129        0.39363509838364
C            1.09680641702790       -0.87316363517333        0.06744013674287
C           -0.14814462106133       -1.46242201815948       -0.17936481525277
C           -1.26389401653977       -0.64364046506692       -0.05188000210027
N           -1.15940732531950        0.64550436524669        0.25531979646221
C            0.05890949315076        1.10533297011829        0.45479739158051
C           -2.65046669035011       -1.17398018465648       -0.23846187295146
O           -3.64659906867336       -0.51024213571701       -0.29529718853336
O           -2.66588401248355       -2.51442987077565       -0.33435035906870
C            2.34788423917957       -1.63947254237894        0.03280391244544
C            2.49610479151737       -2.77037868360405       -0.76760973040608
C            3.67799242070669       -3.48841846104098       -0.74756617381662
C            4.72418267269488       -3.10155537180949        0.07329347127069
C            4.56738992746337       -1.96766731759545        0.85133414905005
C            3.40473119506310       -1.22473680631684        0.84073226910956
F            5.58141583907921       -1.58164506681384        1.65090980877462
H           -0.25456771500281       -2.50542285633891       -0.42159350912596
H            0.14733232424415        2.15466111410367        0.70533952219339
H           -3.58050259365514       -2.82253538893817       -0.44115610601415
H            1.69661780543009       -3.07739495107328       -1.42422452125266
H            3.78657177524798       -4.36093516005042       -1.37320894086589
H            5.64712739538037       -3.65725790954697        0.11361005041512
H            3.30535677641158       -0.34198532630394        1.45049761295975
23
 energy: -45.826360504158 gnorm: 0.002248007210 xtb: 6.7.1 (edcfbbe)
N            1.17905193279131        0.40896028107457        0.40416516234680
C            1.09487361756464       -0.87866687479807        0.07330095472023
C           -0.15042932950959       -1.46636500382131       -0.17539309537339
C           -1.26484821444588       -0.64560327672954       -0.04955462180672
N           -1.15987489684566        0.64194485521077        0.26445641899397
C            0.05850170331986        1.09947754177192        0.46990406615127
C           -2.65278238828781       -1.16911122278099       -0.24753289362892
O           -3.64366399052726       -0.49864104591397       -0.31539243402238
O           -2.67464436337327       -2.50913318575699       -0.34174262494785
C            2.34731802615975       -1.64301875740336        0.03539887254178
C            2.49320491174386       -2.78013359624484       -0.75683661039291
C            3.67721352658297       -3.49481276709130       -0.73983763672958
C            4.72853313121071       -3.09778191787121        0.06946920862565
C            4.57462755212883       -1.95763624521295        0.83867501469346
C            3.40935174208600       -1.21876614271894        0.83173021184591
F            5.59415909224303       -1.56218223239636        1.62657470928240
H           -0.25875677163919       -2.50864167242746       -0.42004591744755
H            0.14767445417899        2.14683751963173        0.72560957098857
H           -3.58912014404916       -2.81448690889441       -0.45653422064271
H            1.68954591726625       -3.09503792218504       -1.40426683982342
H            3.78372327073100       -4.37239678479478       -1.35854418888003
H            5.65373061196206       -3.65014150343292        0.10717015757727
H            3.31157060870906       -0.33103313721476        1.43422673592805
23
 energy: -45.826397889948 gnorm: 0.001853501945 xtb: 6.7.1 (edcfbbe)
N            1.17820567821757        0.40262374234992        0.41290137804423
C            1.09248809932363       -0.88476762302175        0.08076258124754
C           -0.15323177807882       -1.47051210514160       -0.16947402835356
C           -1.26589615796063       -0.64708231171718       -0.04744592257416
N           -1.16001609769551        0.63966821254129        0.26911132129588
C            0.05858594377510        1.09452752920224        0.47898822431394
C           -2.65517180664053       -1.16429807476149       -0.25556978950073
O           -3.64121474760211       -0.48799306881587       -0.33448495151700
O           -2.68285703185967       -2.50387197465991       -0.34750190937626
C            2.34608726384622       -1.64721493118951        0.03981320297100
C            2.49058694702800       -2.78888925161963       -0.74635658769293
C            3.67726593100787       -3.49938790312523       -0.73411975372645
C            4.73321644478914       -3.09340990768568        0.06453458999858
C            4.58103334431217       -1.94927648417207        0.82802882185575
C            3.41292695962576       -1.21494569122012        0.82552378191193
F            5.60548049533203       -1.54523641157051        1.60494168540360
H           -0.26327302030045       -2.51263691466036       -0.41437850179840
H            0.14882249874705        2.14043833792229        0.74241902781413
H           -3.59707236862874       -2.80660892932933       -0.47037426365233
H            1.68347023825768       -3.11115101208777       -1.38580904242334
H            3.78221410631265       -4.38059056408842       -1.34791449720417
H            5.66099018385154       -3.64198456836516        0.09826840775130
H            3.31631887434060       -0.32377009478438        1.42313622521132
23
 energy: -45.826444973204 gnorm: 0.001769035713 xtb: 6.7.1 (edcfbbe)
N            1.17706466027682        0.39336964613793        0.42722136245367
C            1.08871665732876       -0.89429257768034        0.09367937885840
C           -0.15789889605281       -1.47654184769402       -0.15905174026834
C           -1.26770505654347       -0.64830203517222       -0.04502532585253
N           -1.15974819360528        0.63815775925557        0.27342055009497
C            0.05919755688096        1.08815723140470        0.49282112570360
C           -2.65835793863473       -1.15735225648765       -0.26883097259663
O           -3.63798901299505       -0.47411452380849       -0.36227613527462
O           -2.69377117704041       -2.49653484596352       -0.35525569724500
C            2.34336133755491       -1.65464390030946        0.04902682544006
C            2.48623790684581       -2.80145658982792       -0.73020487113383
C            3.67745185568611       -3.50475484623315       -0.72724047043526
C            4.74040228125212       -3.08633700905406        0.05554678527421
C            4.58988726670308       -1.93822625482136        0.81365661044765
C            3.41705633430221       -1.21164373485280        0.81950425205217
F            5.62127360505465       -1.52178284200035        1.57430733379845
H           -0.27037630604424       -2.51903847091330       -0.40213207828449
H            0.15196635267174        2.13271782377510        0.75661199986309
H           -3.60754574416725       -2.79509147705006       -0.48928984788275
H            1.67455515521080       -3.13405877905617       -1.35865855296238
H            3.78061187190281       -4.38936092718064       -1.33628045400784
H            5.67251196202229       -3.62835673682238        0.08111497749688
H            3.32205752139075       -0.31688280564566        1.41233494446037
23
 energy: -45.826479483670 gnorm: 0.001521422754 xtb: 6.7.1 (edcfbbe)
N            1.17608621231287        0.38575082511665        0.43899875387606
C            1.08575715209700       -0.90232815207664        0.10703570285146
C           -0.16185142294563       -1.48126407614940       -0.14788080234034
C           -1.26934621846635       -0.64860398615313       -0.04335763733928
N           -1.15903576712756        0.63806697312755        0.27254301333113
C            0.06015749159250        1.08369816800791        0.49887034783483
C           -2.66011864060143       -1.15212566123656       -0.27815593510281
O           -3.63538541113756       -0.46441205692584       -0.38769573483920
O           -2.70108978034237       -2.49135773722562       -0.36091164689144
C            2.34074983566161       -1.66157275640368        0.05942386075842
C            2.48154382045291       -2.81191522721477       -0.71520298975147
C            3.67681169879932       -3.50842314442730       -0.72215687445134
C            4.74628214508152       -3.08007567786663        0.04623040468474
C            4.59721472517395       -1.92960632199152        0.80171729461169
C            3.42022380521282       -1.21003433662152        0.81688245152573
F            5.63430944276552       -1.50323748081197        1.54839653689114
H           -0.27650730254708       -2.52425491506307       -0.38818862778323
H            0.15484888194106        2.12788443558659        0.76771105997318
H           -3.61473401896289       -2.78546872669255       -0.50640432178988
H            1.66576924965130       -3.15271377664400       -1.33402464694808
H            3.77822474449805       -4.39510793639669       -1.32869824424680
H            5.68230504066590       -3.61576596310813        0.06244743532762
H            3.32674431622516       -0.31350246882995        1.40742059981765
23
 energy: -45.826505785792 gnorm: 0.001195871861 xtb: 6.7.1 (edcfbbe)
N            1.17511056014926        0.37912824364357        0.45243683686851
C            1.08336738492067       -0.90917274668823        0.12078414649305
C           -0.16519670059229       -1.48507832461386       -0.13764887501797
C           -1.27075889566023       -0.64821162984956       -0.04291009687530
N           -1.15796481584258        0.63893171667320        0.27124589260112
C            0.06113695207139        1.08038216842368        0.50613076897716
C           -2.66052438257588       -1.14778672612936       -0.29053010719403
O           -3.63216726594359       -0.45774295123921       -0.41073930772367
O           -2.70585354034328       -2.48742216227130       -0.36774188810599
C            2.33818546860083       -1.66828627773716        0.07113356365584
C            2.47610202445093       -2.82142270780578       -0.69986148640889
C            3.67499500953509       -3.51148201467895       -0.71743700155958
C            4.75114749612747       -3.07403141149566        0.03617237735738
C            4.60334087970640       -1.92281972316483        0.79080379461682
C            3.42283379073765       -1.20941711599438        0.81649798809428
F            5.64685752241621       -1.48652100078894        1.52299001213720
H           -0.28213137002760       -2.52852277468774       -0.37526399471131
H            0.15758140783607        2.12481172169107        0.77313405250148
H           -3.61912943683523       -2.77764201389808       -0.52063824595181
H            1.65535445201950       -3.16985617834029       -1.30811728185427
H            3.77423149203142       -4.40016719396184       -1.32204755782743
H            5.69079462588455       -3.60339276973720        0.04185722134313
H            3.33164734133391       -0.31064812734944        1.40474918858402
23
 energy: -45.826518357189 gnorm: 0.001609763145 xtb: 6.7.1 (edcfbbe)
N            1.17396034494196        0.37396417402563        0.46426124288500
C            1.08137739766139       -0.91442097485573        0.13366533702406
C           -0.16765720523799       -1.48815625065657       -0.12651333432872
C           -1.27162731424773       -0.64804758344995       -0.04094819730708
N           -1.15728527834806        0.63960850240991        0.26974312910769
C            0.06138325960308        1.07783602729026        0.51245870212610
C           -2.66013955429178       -1.14456450579537       -0.29953025651478
O           -3.62937940413862       -0.45255697087794       -0.43426694624185
O           -2.70852010352073       -2.48469317548113       -0.37311426251281
C            2.33622665001662       -1.67335105343550        0.08201755429984
C            2.47057871434970       -2.82967170122705       -0.68520327197995
C            3.67179679538077       -3.51518019278558       -0.71236461722357
C            4.75467859201284       -3.06932820648392        0.02674230201064
C            4.60987614434522       -1.91569570722481        0.77929084224641
C            3.42644754124439       -1.20763502261600        0.81553876608287
F            5.65783532972308       -1.47359874534625        1.50003962978343
H           -0.28663158917495       -2.53178930815681       -0.36210973649043
H            0.15886623977867        2.12252106768868        0.77581296230220
H           -3.62174176042434       -2.77152299743719       -0.53604141797069
H            1.64603344934936       -3.18293692318418       -1.28420961264223
H            3.76923580832284       -4.40414140881914       -1.31612211489653
H            5.69690948283349       -3.59390554013983        0.02273474193292
H            3.33673645982151       -0.30910350344184        1.40311855830720
23
 energy: -45.826525128315 gnorm: 0.000984919309 xtb: 6.7.1 (edcfbbe)
N            1.17325755668497        0.37185813571604        0.47185934498910
C            1.08057297397017       -0.91640270814686        0.14030308705154
C           -0.16845213808426       -1.48926967891300       -0.12297115825171
C           -1.27171081959150       -0.64785957585740       -0.04166958531043
N           -1.15693680203767        0.64004371827192        0.26900671978985
C            0.06129326343813        1.07696289059964        0.51627189419462
C           -2.65925371814601       -1.14334648647103       -0.30534052408971
O           -3.62717157753806       -0.45095911931275       -0.44510810518184
O           -2.70859181720446       -2.48355490829646       -0.37820680566333
C            2.33542023444834       -1.67529977228080        0.08775855083334
C            2.46748424962760       -2.83326622311210       -0.67719493004749
C            3.66958933198233       -3.51678375055744       -0.70948477954993
C            4.75547878377782       -3.06739630879000        0.02203657233592
C            4.61250457746330       -1.91300835513778        0.77353863183893
C            3.42825671598271       -1.20679368533401        0.81515296239678
F            5.66515086884381       -1.46535843323241        1.48555412859679
H           -0.28849815409470       -2.53282194659230       -0.35798620832853
H            0.15889374625517        2.12175836436137        0.78198507737885
H           -3.62123475381138       -2.76976711681212       -0.54402581335133
H            1.63879056649858       -3.19133359797679       -1.26877453898897
H            3.76411891776497       -4.40896795103415       -1.31031590003991
H            5.69886580671999       -3.58961431639658        0.01277334045024
H            3.34113218705090       -0.30518917469531        1.39983803894693
23
 energy: -45.826527968698 gnorm: 0.001411787436 xtb: 6.7.1 (edcfbbe)
N            1.17266203693887        0.37085146873646        0.47659367972437
C            1.08013617105749       -0.91712696073468        0.14443112399061
C           -0.16874531034215       -1.48955246096728       -0.12080207619234
C           -1.27171565539763       -0.64769478748086       -0.04176716886783
N           -1.15701296407226        0.64010553376725        0.26986708244125
C            0.06086769766566        1.07632693221594        0.51941562439020
C           -2.65856378687059       -1.14268270385412       -0.31035905942796
O           -3.62554647538281       -0.45036212960746       -0.45136755501780
O           -2.70816204177304       -2.48287635195945       -0.38285971511912
C            2.33495189602659       -1.67605216689374        0.09102546546678
C            2.46437022760659       -2.83681360623544       -0.67066000046655
C            3.66686000620535       -3.51951559498163       -0.70589101811390
C            4.75602955428670       -3.06615452479217        0.01905473635821
C            4.61493063605305       -1.91025292913121        0.76837356779796
C            3.43044662445616       -1.20479009942704        0.81308232576722
F            5.66982835896426       -1.46055518368150        1.47540852911056
H           -0.28931609473933       -2.53292667356450       -0.35617185459834
H            0.15829773747663        2.12085767619469        0.78796817255681
H           -3.62019365816240       -2.76907158153795       -0.54992813933922
H            1.63439649270619       -3.19601749926346       -1.25849554109309
H            3.75984963555992       -4.41261050828650       -1.30500708440824
H            5.69981126067932       -3.58748830137607        0.00718748188142
H            3.34477765105818       -0.30196754713959        1.39590142315869
23
 energy: -45.826531021644 gnorm: 0.000585949850 xtb: 6.7.1 (edcfbbe)
N            1.17253470997711        0.37152119586904        0.47678336408263
C            1.08042654955097       -0.91622373566266        0.14374093748858
C           -0.16837705114405       -1.48909724722048       -0.12048213044993
C           -1.27167095802195       -0.64783566325905       -0.04071963455881
N           -1.15759208761349        0.63961096286463        0.27180690417572
C            0.06016377363389        1.07602610950818        0.52185708502712
C           -2.65871973177921       -1.14301446393834       -0.30873072760323
O           -3.62628482636031       -0.45049142325740       -0.45035152133790
O           -2.70707356062465       -2.48311885621091       -0.38471816089400
C            2.33535575172132       -1.67491186841275        0.08984967444815
C            2.46442891917544       -2.83600305785240       -0.67078071150259
C            3.66631588000046       -3.51978151039052       -0.70503616395587
C            4.75533636819251       -3.06724030928424        0.02004848108648
C            4.61534300112226       -1.90994574552827        0.76707253680697
C            3.43120134084818       -1.20364369237668        0.81089903183780
F            5.67060201778488       -1.46041657187464        1.47348795901298
H           -0.28852770460420       -2.53238594136200       -0.35639984727499
H            0.15739398686093        2.12034580825661        0.78873570173021
H           -3.61878296775087       -2.76970600225099       -0.55419627194616
H            1.63367945759571       -3.19612772981131       -1.25734877695348
H            3.75837608680157       -4.41404877073407       -1.30220920683527
H            5.69879351029514       -3.58935304661900        0.00893302756807
H            3.34603753433911       -0.30052844045305        1.39275845004719
