23
 energy: -45.642101476883 gnorm: 0.073349454755 xtb: 6.7.1 (edcfbbe)
N            1.20560000000000        0.45064000000000        0.17760000000000
C            1.07784000000000       -0.88577000000000        0.03352000000000
C           -0.15476000000000       -1.49529000000000       -0.07877000000000
C           -1.25199000000000       -0.65886000000000       -0.03850000000000
N           -1.16101000000000        0.68312000000000        0.08513000000000
C            0.07644000000000        1.17078000000000        0.18645000000000
C           -2.64230000000000       -1.20446000000000       -0.11909000000000
O           -3.68169000000000       -0.57050000000000       -0.10867000000000
O           -2.67163000000000       -2.55214000000000       -0.20243000000000
C            2.33598000000000       -1.64768000000000        0.02548000000000
C            2.59853000000000       -2.62690000000000       -0.95036000000000
C            3.79545000000000       -3.34966000000000       -0.94505000000000
C            4.74985000000000       -3.10871000000000        0.04075000000000
C            4.50785000000000       -2.13974000000000        1.01060000000000
C            3.31848000000000       -1.41065000000000        1.00278000000000
Cl           5.68282000000000       -1.84484000000000        2.23293000000000
H           -0.25379000000000       -2.56887000000000       -0.16863000000000
H            0.17845000000000        2.24617000000000        0.28643000000000
H           -3.63273000000000       -2.75163000000000       -0.23030000000000
H            1.87670000000000       -2.82295000000000       -1.74154000000000
H            3.98409000000000       -4.09612000000000       -1.71297000000000
H            5.67851000000000       -3.67313000000000        0.04508000000000
H            3.14725000000000       -0.65334000000000        1.76584000000000
23
 energy: -45.646504050778 gnorm: 0.024349622866 xtb: 6.7.1 (edcfbbe)
N            1.20495013632754        0.44071177815894        0.18572068211023
C            1.09514647375506       -0.88384603791726        0.03488136267961
C           -0.14945923881420       -1.49425258703414       -0.08593510140998
C           -1.25383333275772       -0.65745659560432       -0.04150526598047
N           -1.14513661767038        0.66831553978260        0.08427181905038
C            0.08285321334575        1.14535755831874        0.18941005713490
C           -2.64375422836762       -1.19723617886081       -0.11836992576280
O           -3.65972329820080       -0.55385691803943       -0.10708132376987
O           -2.67860174997161       -2.54221736031349       -0.20351701696908
C            2.35016559744364       -1.65133106553140        0.02545949053442
C            2.59394034636099       -2.62859323059914       -0.94036200139577
C            3.78451920759452       -3.33867702585774       -0.93836365629060
C            4.73897099688959       -3.10312064095551        0.03795710267720
C            4.49828149069775       -2.13593408247465        1.00318148105524
C            3.32082827016082       -1.40460840801235        0.99499201740817
Cl           5.67497881389576       -1.83833851343062        2.22511355794579
H           -0.25223623716132       -2.56360066113652       -0.18015624857552
H            0.18264310006150        2.21796404720216        0.29135935459661
H           -3.62571533420547       -2.77463038433697       -0.23602447347262
H            1.86693255058084       -2.81837440928735       -1.71964700819644
H            3.96907830996074       -4.08255598971743       -1.70031166457541
H            5.66278406878614       -3.66462882296890        0.04608270869164
H            3.14632746128848       -0.64962001138441        1.74912405251437
23
 energy: -45.647407048120 gnorm: 0.007480061569 xtb: 6.7.1 (edcfbbe)
N            1.20506113538355        0.43460915818475        0.19975092845978
C            1.10538200526547       -0.88202494079150        0.03789016092607
C           -0.14485043762346       -1.49358067357784       -0.09544944147348
C           -1.25427274736050       -0.65697757808567       -0.04513289346610
N           -1.13539533119704        0.66003538241432        0.08679130726104
C            0.08732713133665        1.13269695853912        0.19863787051983
C           -2.64681518011254       -1.19100172162081       -0.12368049197784
O           -3.64838190650050       -0.53428507529919       -0.10769201664269
O           -2.68027310421731       -2.53449477835031       -0.20795803263697
C            2.35600720883934       -1.65605114190371        0.02788000361389
C            2.58514240663127       -2.63399343162508       -0.93405983634671
C            3.77358967522353       -3.33954365337541       -0.93221951826014
C            4.73272995995331       -3.10139556210980        0.03624424043425
C            4.49589188474570       -2.12945889625344        0.99633071659627
C            3.32321601990566       -1.39628745784667        0.99105990443575
Cl           5.67760178543250       -1.82830109959891        2.21599309351776
H           -0.24912255712939       -2.56032979048645       -0.19945596878368
H            0.18576707908231        2.20478423184865        0.30542260636176
H           -3.61401346078189       -2.80491022434138       -0.24313732246442
H            1.84786064183230       -2.82303916751406       -1.69981865743246
H            3.95640715537769       -4.08414963838444       -1.69065371838718
H            5.65534294316781       -3.65919598406011        0.04658691283043
H            3.14973769274556       -0.63363491576205        1.73295015291483
23
 energy: -45.647618842299 gnorm: 0.006238014766 xtb: 6.7.1 (edcfbbe)
N            1.20538242827868        0.43354620686937        0.21337670213173
C            1.10749560975108       -0.88077861999813        0.04016709916709
C           -0.14295562367086       -1.49286606349603       -0.10341887564086
C           -1.25380318203508       -0.65702525106920       -0.04873270808616
N           -1.13375049681431        0.65874854643580        0.09118407683102
C            0.08794644483413        1.13169004594346        0.21071546049965
C           -2.64863720710882       -1.18877863895908       -0.12735209020497
O           -3.64527458543344       -0.52468442947796       -0.11076886826127
O           -2.67870889279188       -2.53065324870717       -0.21506713474196
C            2.35627395659072       -1.65719241259501        0.02947913971064
C            2.57704822942912       -2.64195313327243       -0.92760847953624
C            3.76643387363050       -3.34644011020205       -0.92710377137745
C            4.73037027106076       -3.10198891131393        0.03556827834616
C            4.49825050306536       -2.12402109872702        0.99115013443766
C            3.32733638989235       -1.38783561832812        0.98668799175217
Cl           5.68719417430092       -1.81701058322674        2.20462322614214
H           -0.24670846375757       -2.55863906719126       -0.21719898592700
H            0.18561178890659        2.20367801692793        0.32306477832938
H           -3.60492921443352       -2.82296806670003       -0.25237521159349
H            1.83286961462641       -2.83328197626690       -1.68561656184201
H            3.94703054451474       -4.09576582636304       -1.68191156274598
H            5.65331595104873       -3.65855567988155        0.04636622608262
H            3.15614788611544       -0.61775408040088        1.72105113652712
23
 energy: -45.647808999740 gnorm: 0.003894914929 xtb: 6.7.1 (edcfbbe)
N            1.20512061491626        0.43337208431772        0.23707197106286
C            1.10793243015625       -0.87854803127626        0.04256876440496
C           -0.14085756384542       -1.49031150533012       -0.11819556739666
C           -1.25245694250123       -0.65662748941377       -0.05423438692714
N           -1.13410927554965        0.65871570072019        0.10232007335948
C            0.08687290920593        1.13283301395652        0.23388688182269
C           -2.65002080184922       -1.18664863606046       -0.13852861123318
O           -3.64259307431123       -0.51602323784547       -0.11765870577022
O           -2.67396993216803       -2.52592897851051       -0.22800520105457
C            2.35528569383433       -1.65632267165674        0.03053474123357
C            2.56518854354340       -2.65525637984281       -0.91604606920017
C            3.75462704110006       -3.36131851068333       -0.91653851282893
C            4.72682386334129       -3.10424382429487        0.03551827260414
C            4.50442078519945       -2.11326346074390        0.98077759155796
C            3.33542447371003       -1.37322211461655        0.97672244022897
Cl           5.70559304465540       -1.79565682533293        2.18239064829314
H           -0.24292358710192       -2.55459295290311       -0.24926876560787
H            0.18318955215012        2.20389018363176        0.35932229504322
H           -3.59039854337167       -2.84494657519340       -0.26617434768885
H            1.81157920660479       -2.85380941667987       -1.66300412249168
H            3.92990045785392       -4.12090969551557       -1.66364866199930
H            5.65000321820594       -3.66090917508700        0.04682388510731
H            3.16930788622128       -0.59080150163946        1.69964538748026
23
 energy: -45.647914844310 gnorm: 0.003811131224 xtb: 6.7.1 (edcfbbe)
N            1.20413979035897        0.43325341130972        0.25496901317808
C            1.10710801888880       -0.87696020556125        0.04389659354293
C           -0.13998648784565       -1.48706009099557       -0.12964453650190
C           -1.25145995128289       -0.65542766772641       -0.05764131626399
N           -1.13557678590188        0.65929140606082        0.11384616576990
C            0.08504986431804        1.13330588671723        0.25474792111144
C           -2.65002872391763       -1.18613136180760       -0.14480070665201
O           -3.64220036616196       -0.51475145276667       -0.12562983612363
O           -2.66927478669676       -2.52365216453680       -0.23984638159846
C            2.35429475387143       -1.65423844304403        0.03011378691035
C            2.55727814089369       -2.66545852109803       -0.90608741707134
C            3.74549464414853       -3.37417978931177       -0.90651856732543
C            4.72437185517538       -3.10658028810382        0.03613515625431
C            4.51034961781854       -2.10363987885562        0.97100612708654
C            3.34254123483720       -1.36166896136289        0.96628190646441
Cl           5.72142409692538       -1.77501884256409        2.16101171623549
H           -0.24076715924876       -2.54987187830395       -0.27421595230793
H            0.18052281388364        2.20303242969462        0.39167484706199
H           -3.58057609924549       -2.85409113304451       -0.28051498697683
H            1.79830594546874       -2.87192873556188       -1.64576097565181
H            3.91450680673595       -4.14389295666539       -1.64536085078790
H            5.64692860815756       -3.66497782475143        0.04803043602899
H            3.18149416881929       -0.56988293772058        1.68058785761678
23
 energy: -45.648043706062 gnorm: 0.005136827896 xtb: 6.7.1 (edcfbbe)
N            1.20258229629787        0.43262440101504        0.27350925767850
C            1.10589460453788       -0.87547315398971        0.04412161744887
C           -0.13966104335035       -1.48240660894048       -0.14249566303537
C           -1.25080764968326       -0.65316590035074       -0.05968968450308
N           -1.13772769622187        0.66003200865648        0.13034228848718
C            0.08275477522942        1.13273039718396        0.27934125762791
C           -2.64899557490041       -1.18591517105178       -0.15514502681360
O           -3.64332627477568       -0.51770286651294       -0.13665555283250
O           -2.66361663168207       -2.52262320349581       -0.25221491030359
C            2.35330120452109       -1.65145471658998        0.02803287827636
C            2.55002335152904       -2.67655283756186       -0.89505606331460
C            3.73609934931086       -3.38887556523029       -0.89399657302849
C            4.72208796902228       -3.10966751515018        0.03781257953958
C            4.51724166279086       -2.09220340975634        0.95905133399588
C            3.35046656581065       -1.34905999368821        0.95232031562793
Cl           5.73837411549632       -1.74912363839735        2.13501270933259
H           -0.23951164689530       -2.54313765383568       -0.30242586207247
H            0.17756963081143        2.20036890872582        0.43155271416905
H           -3.57221811773238       -2.85701833520591       -0.29483363587099
H            1.78745133548429       -2.89292492503890       -1.62839337344020
H            3.89730190895482       -4.17040975955425       -1.62229737906018
H            5.64323257654664       -3.67105588580023        0.05103623067494
H            3.19542328889802       -0.54751457543051        1.65735054141628
23
 energy: -45.648224051478 gnorm: 0.006460438500 xtb: 6.7.1 (edcfbbe)
N            1.20031072020037        0.43105743039343        0.29842154686643
C            1.10506062239125       -0.87346662987849        0.04397008143381
C           -0.13942718110396       -1.47512975078253       -0.15973923148991
C           -1.25062854999352       -0.64913170632769       -0.06088861697762
N           -1.14056231613614        0.66048295356460        0.15673086334418
C            0.07983149596224        1.13008681357169        0.31639136336096
C           -2.64669466945703       -1.18607195696264       -0.16692073862498
O           -3.64567526897219       -0.52474314420481       -0.15542493236894
O           -2.65536545829741       -2.52267618734275       -0.26962150363207
C            2.35259904789349       -1.64781798456592        0.02359300021582
C            2.54039475260723       -2.69231345649070       -0.87991976677337
C            3.72309129579638       -3.40978215808354       -0.87500678402160
C            4.71906084906546       -3.11455919086429        0.04104271516524
C            4.52708945252425       -2.07538560482633        0.94092107051795
C            3.36181858633462       -1.33078660965728        0.93025309761907
Cl           5.76168921847764       -1.70911955153870        2.09547542738759
H           -0.23893210745493       -2.53238066020465       -0.34136515713176
H            0.17394457386091        2.19441346403259        0.49049115352022
H           -3.56355070607363       -2.85558301600005       -0.31881694719149
H            1.77370954358083       -2.92353118497612       -1.60474846669308
H            3.87273124860379       -4.20834351038490       -1.58707596362779
H            5.63748038057062       -3.68074435313375        0.05724125048916
H            3.21596446961991       -0.51500400533699        1.62127653861211
23
 energy: -45.648401004651 gnorm: 0.006030923861 xtb: 6.7.1 (edcfbbe)
N            1.19802034444009        0.42803398117925        0.32698947998234
C            1.10556458364429       -0.87148747826301        0.04427457208817
C           -0.13885316161514       -1.46729071460629       -0.17720709531168
C           -1.25105643254972       -0.64494546223846       -0.05981973711516
N           -1.14304668805799        0.65904240804898        0.18981267863641
C            0.07723405799680        1.12485017719066        0.36002586542198
C           -2.64362831004914       -1.18565272049975       -0.18423799793337
O           -3.64737587134500       -0.53140233043952       -0.18093858885698
O           -2.64743437684704       -2.52322466088076       -0.28879872485700
C            2.35259133202053       -1.64507183726081        0.01806485362901
C            2.52863963127713       -2.71128843855414       -0.86251013425279
C            3.70817910918574       -3.43339394841790       -0.85229110428101
C            4.71594630244122       -3.11975978327564        0.04474650031803
C            4.53857558808270       -2.05561032091444        0.91873936262695
C            3.37504601112477       -1.30912412171356        0.90345313265287
Cl           5.78875636570022       -1.66080740817835        2.04687733713629
H           -0.23899229818519       -2.51991622704701       -0.38381036291155
H            0.17037411392163        2.18499688780538        0.56033944707640
H           -3.55724108319878       -2.85133681141541       -0.34813398333705
H            1.75638970438581       -2.95915663326708       -1.57619569354121
H            3.84506513737912       -4.25108018615054       -1.54494410499071
H            5.63120810073485       -3.69071453082517        0.06528978703879
H            3.23997783951338       -0.47618984027617        1.57655451078123
23
 energy: -45.648532558846 gnorm: 0.003808952213 xtb: 6.7.1 (edcfbbe)
N            1.19630979263578        0.42350944272841        0.35070109798524
C            1.10674586412911       -0.87093350716198        0.04605884350745
C           -0.13832984127729       -1.46201142259754       -0.18765200878245
C           -1.25185517434983       -0.64266219892628       -0.05720575243634
N           -1.14468655450770        0.65522985772798        0.21830891641426
C            0.07548760894146        1.11772534949228        0.39783211951140
C           -2.64122844049457       -1.18446772993667       -0.19702210088693
O           -3.64712777946218       -0.53328753433881       -0.20766464595655
O           -2.64404818931371       -2.52315677024075       -0.30511342419720
C            2.35313967881814       -1.64442857183942        0.01375368068520
C            2.51846212696738       -2.72784226109996       -0.84713120927364
C            3.69631483101488       -3.45233028239097       -0.83228630957228
C            4.71446814835660       -3.12269227925448        0.04704126358501
C            4.54900000699262       -2.03843233587758        0.89799940694033
C            3.38631704255961       -1.29106195273359        0.87975985685397
Cl           5.81277176892724       -1.61876574701144        2.00156182957649
H           -0.24008126342254       -2.51002542974235       -0.41322050575979
H            0.16769124366464        2.17381875870776        0.61821517867627
H           -3.55656557157209       -2.84391303179022       -0.37843175844548
H            1.74013859648666       -2.98945681341390       -1.54905476464349
H            3.82344254907865       -4.28531778591256       -1.50781413044026
H            5.62767992614630       -3.69617281357697        0.07152777824449
H            3.25989362968118       -0.44385494081062        1.53611663841423
23
 energy: -45.648621343789 gnorm: 0.002116838616 xtb: 6.7.1 (edcfbbe)
N            1.19508078067720        0.41801470701670        0.36961235090454
C            1.10777948450438       -0.87209234755101        0.04878635806674
C           -0.13805966209744       -1.46028489547396       -0.19243375057078
C           -1.25267603454571       -0.64270113939070       -0.05414221328713
N           -1.14555887269925        0.64991122381925        0.24113312715772
C            0.07444496956717        1.11014934522484        0.42735822599489
C           -2.64019642192132       -1.18187111905277       -0.21086959952692
O           -3.64471007465535       -0.52885877937656       -0.23279503487394
O           -2.64598668606346       -2.52144713360198       -0.31803673910856
C            2.35400194057176       -1.64546331527468        0.01125269107424
C            2.51051017210091       -2.74181380018481       -0.83400986508010
C            3.68814448820328       -3.46643500245235       -0.81631786269144
C            4.71479072541957       -3.12307032594203        0.04756109889674
C            4.55823786763569       -2.02386953912736        0.87995417528236
C            3.39520851079180       -1.27708033639786        0.86101289673008
Cl           5.83305209446196       -1.58480888501743        1.96256224018335
H           -0.24181441206637       -2.50460788803356       -0.43176378974777
H            0.16572950206943        2.16265579449862        0.66452267007027
H           -3.56044445762332       -2.83594602009928       -0.40304192420637
H            1.72574488896381       -3.01422146397548       -1.52404241504774
H            3.80862153160062       -4.31116227798367       -1.47778317111308
H            5.62742020062467       -3.69675998390860        0.07482081174821
H            3.27461946448037       -0.41876681771491        1.50293971914462
23
 energy: -45.648684415589 gnorm: 0.002256083314 xtb: 6.7.1 (edcfbbe)
N            1.19405849606953        0.41202391069239        0.38440763902955
C            1.10787945083365       -0.87491073186491        0.05224124665064
C           -0.13850226989047       -1.46131581198665       -0.19343337961504
C           -1.25343812964585       -0.64411284702932       -0.05166460125039
N           -1.14624551937603        0.64453916987443        0.25820919901601
C            0.07360756202153        1.10292363022882        0.45094084773152
C           -2.64068730390156       -1.17825606722600       -0.22116968571262
O           -3.64156839058800       -0.52003578591459       -0.25553644343505
O           -2.65163638519036       -2.51804306514159       -0.32906153492132
C            2.35468427890683       -1.64745776724448        0.01046428382244
C            2.50494592758264       -2.75362369455050       -0.82268842128242
C            3.68319417470491       -3.47714459093106       -0.80399021219755
C            4.71661412238509       -3.12184814035185        0.04671031304187
C            4.56651703848191       -2.01157246918855        0.86481399785426
C            3.40216690435338       -1.26663997589549        0.84678377348955
Cl           5.85032154790369       -1.55708850002083        1.92964849958887
H           -0.24430745848892       -2.50307074326302       -0.44154046804621
H            0.16438185779279        2.15244373058745        0.69956956319785
H           -3.56703829265323       -2.82788384636391       -0.42416412542857
H            1.71446407559455       -3.03473371205942       -1.50196219491244
H            3.79943653901963       -4.33056299351368       -1.45455414155181
H            5.62989029136910       -3.69419496006429        0.07506331285560
H            3.28520148271564       -0.39996473877247        1.47719253207519
23
 energy: -45.648735007808 gnorm: 0.002473929682 xtb: 6.7.1 (edcfbbe)
N            1.19319482676920        0.40579694253597        0.39550553406189
C            1.10688594476854       -0.87919888226774        0.05675958433293
C           -0.13986729195477       -1.46423689654793       -0.19150124865886
C           -1.25421356376589       -0.64607271679794       -0.04933492823347
N           -1.14669403322042        0.63999588550017        0.26980626308557
C            0.07314360059686        1.09654513717520        0.46724787856638
C           -2.64234792767856       -1.17378168949710       -0.23119444302812
O           -3.63843878373700       -0.50899633374314       -0.27577618912944
O           -2.65943186647238       -2.51339335138156       -0.33754564466280
C            2.35474219862299       -1.65034595575174        0.01157243356893
C            2.50135298481683       -2.76343791771722       -0.81282960588608
C            3.68106201907353       -3.48460888921398       -0.79519521852633
C            4.71974239041101       -3.11928995594875        0.04456661258971
C            4.57364007827754       -2.00169178203852        0.85275782120912
C            3.40729633390083       -1.25964082665787        0.83687406215823
Cl           5.86482300547421       -1.53456824204962        1.90250806008712
H           -0.24762267390361       -2.50452387384452       -0.44455027531282
H            0.16391857817016        2.14363552313850        0.72639031394702
H           -3.57499031867541       -2.82009079842035       -0.44028058661985
H            1.70612448653243       -3.05195919918742       -1.48294369556692
H            3.79472564507946       -4.34425002564006       -1.43777634662430
H            5.63449914827772       -3.68936055357443        0.07231262160993
H            3.29239521863721       -0.38705559806941        1.45890699703207
23
 energy: -45.648780477763 gnorm: 0.002085779522 xtb: 6.7.1 (edcfbbe)
N            1.19236514134528        0.39938811526500        0.40564765243934
C            1.10501607494855       -0.88460763307566        0.06248654504836
C           -0.14208987168891       -1.46808550190430       -0.18760682348822
C           -1.25511671067190       -0.64789488262360       -0.04729365393609
N           -1.14703428329313        0.63659062964011        0.27822731721017
C            0.07288758761246        1.09077802025901        0.48160460889850
C           -2.64467271044434       -1.16883168222676       -0.24007239835277
O           -3.63570443852222       -0.49735590831241       -0.29526941128735
O           -2.66799705163292       -2.50802025421420       -0.34473950860405
C            2.35408167927675       -1.65404729604366        0.01437453055638
C            2.49862959086399       -2.77257308497398       -0.80319976807863
C            3.68034078993921       -3.49058411577745       -0.78833804764335
C            4.72376790327095       -3.11602212140310        0.04132455988946
C            4.58037969717927       -1.99279797348605        0.84210287361699
C            3.41140009667373       -1.25475899107495        0.82958526483340
Cl           5.87795716209207       -1.51422043786722        1.87809659497001
H           -0.25170334692855       -2.50767932252784       -0.44277561245597
H            0.16442816389894        2.13590574214356        0.74548956133868
H           -3.58342339753321       -2.81213289913821       -0.45509829051914
H            1.69964556689295       -3.06799729095941       -1.46547140306550
H            3.79237759787355       -4.35451419528676       -1.42519324681741
H            5.64058097974302       -3.68312805876789        0.06676607826633
H            3.29782377910498       -0.37794085764363        1.44563257718079
23
 energy: -45.648820989512 gnorm: 0.001660425616 xtb: 6.7.1 (edcfbbe)
N            1.19160676247932        0.39300316694657        0.41413993711045
C            1.10260833640095       -0.89076121072685        0.06986354358112
C           -0.14492444962965       -1.47227615913947       -0.18178422685204
C           -1.25616268065015       -0.64927822814112       -0.04546428692226
N           -1.14708840842950        0.63445458578466        0.28237920642947
C            0.07308525626085        1.08588145307286        0.49021085495678
C           -2.64716075583364       -1.16383602349296       -0.24813168042579
O           -3.63344589306488       -0.48644346096187       -0.31429166577574
O           -2.67627435398220       -2.50260096829531       -0.35030903939317
C            2.35273509439558       -1.65845516708943        0.01901697596212
C            2.49621699895429       -2.78089619148516       -0.79360336954321
C            3.68055478937643       -3.49477245064587       -0.78332873776295
C            4.72837544557112       -3.11206898963242        0.03695030481380
C            4.58639240528944       -1.98542346994724        0.83306181655334
C            3.41453364782154       -1.25193669987436        0.82494492734243
Cl           5.88997154271414       -1.49595250620155        1.85600009923580
H           -0.25625019279001       -2.51178816971945       -0.43696365868528
H            0.16575274309710        2.12953001200771        0.76171588112336
H           -3.59147890986520       -2.80413002341642       -0.46851957353250
H            1.69402600758110       -3.08305761753681       -1.44898295018217
H            3.79121066977920       -4.36189934378787       -1.41616286189550
H            5.64763485525604       -3.67563305795672        0.05843042918592
H            3.30202108926871       -0.37218947976021        1.43710807467598
23
 energy: -45.648872376182 gnorm: 0.001611814008 xtb: 6.7.1 (edcfbbe)
N            1.19060367115345        0.38374069677880        0.42779975958716
C            1.09878537894630       -0.90036976487277        0.08257502680778
C           -0.14965693321142       -1.47837793381137       -0.17154215844057
C           -1.25799457649215       -0.65034581213696       -0.04341530672792
N           -1.14670146369840        0.63320534798301        0.28586590081422
C            0.07387963688276        1.07967343069361        0.50298033403326
C           -2.65052575235549       -1.15665664372122       -0.26126070833181
O           -3.63059176461721       -0.47230386720968       -0.34187857535144
O           -2.68730405455237       -2.49511863521364       -0.35756577636972
C            2.34983908739744       -1.66617488775569        0.02850432504251
C            2.49218811186146       -2.79283498412792       -0.77878494866598
C            3.68098677270741       -3.49958459041980       -0.77746797785166
C            4.73554981447390       -3.10559465148876        0.02889465262785
C            4.59471725327694       -1.97572606381694        0.82085006162879
C            3.41803269755963       -1.25008901058473        0.82129909641963
Cl           5.90664901450925       -1.47105744111036        1.82529775149346
H           -0.26340182447443       -2.51840338077449       -0.42454846791182
H            0.16913703139419        2.12201415228770        0.77481213875256
H           -3.60219219594844       -2.79239781602205       -0.48653379368628
H            1.68591015434680       -3.10429354274092       -1.42495450914951
H            3.79013416086887       -4.36924159772573       -1.40700816703778
H            5.65900923288006       -3.66283532300023        0.04207678436393
H            3.30688654709208       -0.36775768120906        1.43028455795330
23
 energy: -45.648910950323 gnorm: 0.001561166561 xtb: 6.7.1 (edcfbbe)
N            1.18971038547499        0.37577643604323        0.43923187117498
C            1.09566925826105       -0.90886745338383        0.09614518551357
C           -0.15380126494512       -1.48340722984587       -0.15998828640957
C           -1.25971764607716       -0.65061971322384       -0.04186017687702
N           -1.14590178951288        0.63323747244371        0.28432490502668
C            0.07499616946347        1.07511759873821        0.50845273896013
C           -2.65253912261135       -1.15103725680033       -0.27076157432356
O           -3.62821823166269       -0.46194209750599       -0.36798463628873
O           -2.69518211109505       -2.48962908620647       -0.36279919762408
C            2.34702349778511       -1.67362535097310        0.03937594217353
C            2.48770901001513       -2.80298532375605       -0.76460637729888
C            3.68065855002757       -3.50278169991397       -0.77317166977326
C            4.74163779344049       -3.09948249291986        0.02013624883866
C            4.60185816787480       -1.96795602129030        0.81032647178695
C            3.42073868184015       -1.24975073225654        0.82063256527466
Cl           5.92091363988520       -1.45135105653293        1.79885583692299
H           -0.26978574057703       -2.52403799515110       -0.40967650691853
H            0.17238238266365        2.11710074391183        0.78446740684809
H           -3.61015691512438       -2.78204298562536       -0.50331817246117
H            1.67764490448969       -3.12192633849882       -1.40242914487586
H            3.78837600486132       -4.37357746389234       -1.40143547695494
H            5.66913124363330       -3.65020622322347        0.02376929463098
H            3.31079313189041       -0.36653573013591        1.42859275265436
23
 energy: -45.648939960065 gnorm: 0.001325605474 xtb: 6.7.1 (edcfbbe)
N            1.18885252265312        0.36896035662820        0.45250674419718
C            1.09326769029492       -0.91599790577306        0.10950557189432
C           -0.15718160564194       -1.48741417392078       -0.15041755865160
C           -1.26115181308807       -0.65021119241491       -0.04193348320442
N           -1.14471044824187        0.63421828670840        0.28264806014890
C            0.07616786036320        1.07181690560107        0.51535237816167
C           -2.65316455656444       -1.14645823210152       -0.28315843253912
O           -3.62517055299522       -0.45480131928546       -0.39095594358446
O           -2.70038426268924       -2.48549902976270       -0.36907321188702
C            2.34441321141301       -1.68064197525859        0.05097119037894
C            2.48260590366195       -2.81202304629573       -0.75062824920042
C            3.67932270268668       -3.50518195503323       -0.76949476436526
C            4.74642630346716       -3.09360033999392        0.01094035185197
C            4.60746154828111       -1.96217842950635        0.80128941148769
C            3.42280489726176       -1.25016037896377        0.82188279633983
Cl           5.93467660927641       -1.43362525106596        1.77340397822116
H           -0.27543833701303       -2.52859153254359       -0.39748912899803
H            0.17542719083698        2.11414836306293        0.78962747316548
H           -3.61510168112825       -2.77389536270121       -0.51650791767495
H            1.66759634587699       -3.13831311803428       -1.37895594397727
H            3.78482695921231       -4.37804810265198       -1.39630728828178
H            5.67757415377505       -3.63794147693658        0.00463881004365
H            3.31481935830210       -0.36509108975601        1.42843515647353
23
 energy: -45.648956248281 gnorm: 0.001468794480 xtb: 6.7.1 (edcfbbe)
N            1.18776775576744        0.36337560838775        0.46410876255311
C            1.09119960667978       -0.92166933619657        0.12240392356824
C           -0.15975559672429       -1.49068246667263       -0.13941008168235
C           -1.26209563957780       -0.64999952815265       -0.04013638511627
N           -1.14391779736079        0.63496783791122        0.28080464638205
C            0.07661103932615        1.06909850433810        0.52113842737586
C           -2.65299157871306       -1.14290642267661       -0.29274217015241
O           -3.62245367059235       -0.44911608855182       -0.41468416627463
O           -2.70359805916632       -2.48248561315423       -0.37414491068544
C            2.34229524312286       -1.68623298578961        0.06205544516826
C            2.47695882051053       -2.82044279688162       -0.73664796375466
C            3.67607496680882       -3.50899505079171       -0.76483328600195
C            4.75003946491165       -3.08886230376186        0.00209803150303
C            4.61400883948567       -1.95530664995012        0.79108128796605
C            3.42620305324577       -1.24900890987336        0.82218175160594
Cl           5.94681784744216       -1.42032380516429        1.75043416804192
H           -0.28009479388567       -2.53207447064502       -0.38446971254656
H            0.17704178237218        2.11175740282971        0.79161043543294
H           -3.61837234104435       -2.76725783126371       -0.53104145941111
H            1.65856652463742       -3.15066247710911       -1.35699043090442
H            3.78052252716194       -4.38069761062187       -1.39217263041896
H            5.68402640875306       -3.62799343021013       -0.01349662695998
H            3.31908559683996       -0.36501157599880        1.42913294431137
23
 energy: -45.648965709897 gnorm: 0.001150093664 xtb: 6.7.1 (edcfbbe)
N            1.18698101076166        0.36068302602559        0.47209813966973
C            1.09020900737397       -0.92421635898581        0.12982338790550
C           -0.16076626291837       -1.49214548937464       -0.13468463985395
C           -1.26227672862668       -0.64991809639407       -0.04032348778533
N           -1.14360103888811        0.63528735241811        0.27980422820187
C            0.07650969639621        1.06780400761382        0.52516548858993
C           -2.65227942573549       -1.14130742416049       -0.29842125294881
O           -3.62023117912465       -0.44659189492766       -0.42824019834302
O           -2.70437606712367       -2.48102160894205       -0.37873308437289
C            2.34141507584469       -1.68855474573770        0.06828956228822
C            2.47396840579231       -2.82398474574078       -0.72860075121883
C            3.67423824266846       -3.51010995537609       -0.76236573623610
C            4.75114836519162       -3.08662415077148       -0.00280201957767
C            4.61687901324704       -1.95270738179803        0.78563017722814
C            3.42801083240122       -1.24866392649369        0.82234566350944
Cl           5.95554835544894       -1.41129199945763        1.73426244236665
H           -0.28230662635462       -2.53342660919299       -0.37869596210997
H            0.17720484979787        2.11053022721381        0.79699528471433
H           -3.61881382157200       -2.76451203650183       -0.54032794632037
H            1.65114254882235       -3.15936281626366       -1.34139957944285
H            3.77569885529055       -4.38507262316861       -1.38693995627602
H            5.68638782079687       -3.62322189882826       -0.02359927868259
H            3.32324907051060       -0.36210085115481        1.42699951869460
23
 energy: -45.648971289756 gnorm: 0.001536757994 xtb: 6.7.1 (edcfbbe)
N            1.18625045060955        0.35916820252386        0.47883510023989
C            1.08964061116951       -0.92529827769279        0.13469027625724
C           -0.16119393526107       -1.49251876146185       -0.13321564632222
C           -1.26229603322077       -0.64963348011850       -0.04135766268875
N           -1.14358598972130        0.63542969445860        0.28078558290106
C            0.07609928564446        1.06695383917362        0.52963758156940
C           -2.65146642872074       -1.14032737941132       -0.30476181758297
O           -3.61807694179770       -0.44555090256786       -0.43645301924745
O           -2.70401388446397       -2.47998493590613       -0.38449392612419
C            2.34073844387422       -1.68977570092111        0.07238579487807
C            2.47015998035607       -2.82850210409390       -0.72091575737952
C            3.67095578930963       -3.51344746756540       -0.75821858831700
C            4.75157355171903       -3.08530528153385       -0.00596529877064
C            4.61970285516089       -1.94939615914387        0.78013640126608
C            3.43049703408937       -1.24635642380194        0.82036406726476
Cl           5.96266903980714       -1.40367430301006        1.72056311250302
H           -0.28348047676871       -2.53353484076482       -0.37819333970028
H            0.17664584420708        2.10937786033171        0.80637176587923
H           -3.61757507859814       -2.76370603208557       -0.54722973788373
H            1.64534468446316       -3.16588820228225       -1.32899348271236
H            3.77019680872693       -4.39034837684025       -1.38046138481748
H            5.68736724213059       -3.62065150596042       -0.02973686698903
H            3.32778714728556       -0.35755946132482        1.42250684577689
23
 energy: -45.648975994665 gnorm: 0.000564623348 xtb: 6.7.1 (edcfbbe)
N            1.18602076385499        0.35971943371243        0.47931980035027
C            1.08992339171091       -0.92437744410773        0.13424363027247
C           -0.16079752775038       -1.49205014572326       -0.13241102548083
C           -1.26228954970449       -0.64985193585555       -0.03982517164491
N           -1.14432189306628        0.63467982961890        0.28348413507537
C            0.07519650663850        1.06630960584463        0.53289054890011
C           -2.65156585997055       -1.14048651687733       -0.30420197409187
O           -3.61872292726686       -0.44541622359845       -0.43619146499344
O           -2.70310727286615       -2.48007362832379       -0.38678117491555
C            2.34115112427348       -1.68857465269416        0.07131497886038
C            2.46996815435958       -2.82803598839440       -0.72042179991787
C            3.67010431746771       -3.51424845618065       -0.75661647183775
C            4.75098525928234       -3.08644481490397       -0.00490616684573
C            4.62042319762750       -1.94874186198229        0.77826127996900
C            3.43153417181962       -1.24488931266744        0.81777725304941
Cl           5.96397533308713       -1.40293615771033        1.71727453846887
H           -0.28256528264296       -2.53289077235528       -0.37822834357545
H            0.17551841838396        2.10839758851350        0.80721603816593
H           -3.61639972002977       -2.76404050264190       -0.55208616060208
H            1.64454894365693       -3.16613065744904       -1.32747794661736
H            3.76854449151666       -4.39187158178310       -1.37725540807451
H            5.68647908470379       -3.62255833514145       -0.02807622710519
H            3.32933687491513       -0.35601746929826        1.41897713259075
