23
 energy: -49.689247159460 gnorm: 0.073884575616 xtb: 6.7.1 (edcfbbe)
N            1.20719000000000        0.44237000000000        0.18983000000000
C            1.07642000000000       -0.89337000000000        0.04368000000000
C           -0.15710000000000       -1.49915000000000       -0.07929000000000
C           -1.25230000000000       -0.65932000000000       -0.04669000000000
N           -1.15766000000000        0.68209000000000        0.07944000000000
C            0.08009000000000        1.16625000000000        0.18992000000000
C           -2.64371000000000       -1.20027000000000       -0.13862000000000
O           -3.68098000000000       -0.56271000000000       -0.13413000000000
O           -2.67574000000000       -2.54752000000000       -0.22465000000000
C            2.33483000000000       -1.65646000000000        0.04361000000000
C            3.32093000000000       -1.40738000000000        1.01383000000000
C            4.51808000000000       -2.13006000000000        1.03400000000000
C            4.75989000000000       -3.11172000000000        0.07246000000000
C            3.79927000000000       -3.36638000000000       -0.91022000000000
C            2.59744000000000       -2.64547000000000       -0.92054000000000
Cl           4.02945000000000       -4.55514000000000       -2.14372000000000
Cl           6.25715000000000       -3.96822000000000        0.15304000000000
H           -0.26052000000000       -2.57215000000000       -0.17199000000000
H            0.18419000000000        2.24143000000000        0.29050000000000
H           -3.63692000000000       -2.74547000000000       -0.26358000000000
H            3.15485000000000       -0.64012000000000        1.77019000000000
H            5.25703000000000       -1.91707000000000        1.80311000000000
H            1.86915000000000       -2.84669000000000       -1.70441000000000
23
 energy: -49.694129978925 gnorm: 0.024468756277 xtb: 6.7.1 (edcfbbe)
N            1.20488648961885        0.43435665063285        0.19810772810382
C            1.09247772842830       -0.88946488397032        0.04377705363211
C           -0.15225767823290       -1.49714364356776       -0.08714446044294
C           -1.25499661833712       -0.65734689684909       -0.04964462706097
N           -1.14342455896288        0.66784774986136        0.07850697440289
C            0.08455132124395        1.14206156151491        0.19353818123472
C           -2.64599087573326       -1.19329074364629       -0.13799888500428
O           -3.65978639844500       -0.54674212343617       -0.13228117073318
O           -2.68296461429473       -2.53757214154941       -0.22630478609311
C            2.34855391451416       -1.65556196684069        0.04681932477367
C            3.32495455749645       -1.39774090397840        1.00876074368403
C            4.50544010023427       -2.12007869202722        1.02986213986595
C            4.74359546796609       -3.10085378206062        0.07523198748495
C            3.78527819659106       -3.35592044402253       -0.90026125644332
C            2.59258573498942       -2.64396096260989       -0.90602168453366
Cl           4.04414592863628       -4.54907071216903       -2.11991041999821
Cl           6.22964483186110       -3.97430149129075        0.12499277904227
H           -0.25826796210762       -2.56599765103733       -0.18310562002590
H            0.18637207566654        2.21437512946265        0.29614977125288
H           -3.63007280136661       -2.76872473491044       -0.26886522783669
H            3.15282074365483       -0.63439960626544        1.75484618661147
H            5.24594696119240       -1.91709971084298        1.78948824144105
H            1.86753745538644       -2.84590000039743       -1.68277297335756
23
 energy: -49.695138468109 gnorm: 0.008141110259 xtb: 6.7.1 (edcfbbe)
N            1.20340452978523        0.42979255607522        0.21293549750872
C            1.10194022393413       -0.88637416371980        0.04685357798466
C           -0.14776887667020       -1.49578885511500       -0.09760599802395
C           -1.25599835087530       -0.65653871116820       -0.05413508186459
N           -1.13522704949823        0.65979828586778        0.08052685369585
C            0.08712581581501        1.13040329187647        0.20276004677153
C           -2.64964317923772       -1.18743650404006       -0.14368024704354
O           -3.64907070239438       -0.52776631167817       -0.13278402379008
O           -2.68469125428928       -2.53004776182582       -0.23125606350598
C            2.35419207667231       -1.65730960716500        0.05128424977176
C            3.32875208882063       -1.38767493787074        1.00699445203693
C            4.50312019157061       -2.11020239515565        1.02734143870190
C            4.73475608371769       -3.09459580499845        0.07715902199512
C            3.77246838094378       -3.35438082172540       -0.89325819432811
C            2.58263123248293       -2.64729948874156       -0.89671398356354
Cl           4.05063715870677       -4.55422122915025       -2.09956736530164
Cl           6.21151255513971       -3.98078265816732        0.10350360621982
H           -0.25415420105048       -2.56201634824298       -0.20337801274401
H            0.18709268937659        2.20203915569902        0.31192205307143
H           -3.61837104652335       -2.79957323878835       -0.27578439252006
H            3.15503236969672       -0.61521653383084        1.73799263911805
H            5.25077620541572       -1.91280369169983        1.77776430615571
H            1.85251305846112       -2.85453422643511       -1.66310438034597
23
 energy: -49.695380271130 gnorm: 0.006406415034 xtb: 6.7.1 (edcfbbe)
N            1.20299190837573        0.42934597523719        0.22834064213742
C            1.10418637822682       -0.88459783699691        0.04993446408061
C           -0.14540440627348       -1.49475279827101       -0.10622750916288
C           -1.25546279788482       -0.65665580967816       -0.05850556581334
N           -1.13422396756660        0.65828617840796        0.08503138789660
C            0.08677358751348        1.12956656371403        0.21629988187668
C           -2.65139247575117       -1.18568351214042       -0.14822651806250
O           -3.64588728686902       -0.51867271512024       -0.13602993829573
O           -2.68270799844387       -2.52660069049459       -0.23912875725621
C            2.35478447892186       -1.65750364094816        0.05334577175976
C            3.33416408591265       -1.37809208960865        1.00203677523388
C            4.50759041684449       -2.10283590303852        1.02290347705879
C            4.73210940622533       -3.09408609107187        0.07781093643183
C            3.76387986876310       -3.36069645854488       -0.88748520185773
C            2.57360963554052       -2.65456868260425       -0.88958930344487
Cl           4.04400713532426       -4.56645419506248       -2.08609426987536
Cl           6.20564972416201       -3.98306731799324        0.09602234571182
H           -0.25060706532701       -2.55993172248598       -0.22268657046099
H            0.18545627913340        2.20115236426471        0.33076683187961
H           -3.60874304821782       -2.81852573621914       -0.28524574279552
H            3.16088700430440       -0.59761528084098        1.72457067187429
H            5.26192015272220       -1.90442457769160        1.76678096379688
H            1.83744898436357       -2.86611602281289       -1.64885477271301
23
 energy: -49.695593478647 gnorm: 0.003938279953 xtb: 6.7.1 (edcfbbe)
N            1.20201472689625        0.42961238998450        0.25483907671495
C            1.10505452771553       -0.88196293398794        0.05391398740228
C           -0.14240683380500       -1.49191207741004       -0.12151718196456
C           -1.25375083504031       -0.65658927220296       -0.06473066712882
N           -1.13517919826370        0.65780382044191        0.09632420375355
C            0.08474094476266        1.13067865152442        0.24105520187084
C           -2.65222717611658       -1.18450451700950       -0.16033210182072
O           -3.64286839726007       -0.51122913828169       -0.14339132084095
O           -2.67704684060449       -2.52277613915945       -0.25335148445559
C            2.35429845510974       -1.65611223817374        0.05482023769354
C            3.34353439853873       -1.36294996144609        0.99082873833896
C            4.51661632840072       -2.09043391562402        1.01231266437999
C            4.72963017704508       -3.09484520480181        0.07765340126478
C            3.75143981712897       -3.37383938386383       -0.87752106579685
C            2.56086763982120       -2.66719738721326       -0.87788739768010
Cl           4.02403710164955       -4.59291186574230       -2.06283854021768
Cl           6.19956029027843       -3.98608895941968        0.09198039505886
H           -0.24514096903801       -2.55549321186426       -0.25668075094402
H            0.18122820302506        2.20127858548188        0.36982635286904
H           -3.59333953611249       -2.84144251492582       -0.29977490318380
H            3.17419652532257       -0.56892970452990        1.70055748122466
H            5.28055824589621       -1.88593865241652        1.74589604088248
H            1.81521240465000       -2.88674636936000       -1.62621236742082
23
 energy: -49.695716727695 gnorm: 0.004214963870 xtb: 6.7.1 (edcfbbe)
N            1.20063641027705        0.42943907667471        0.27532959421259
C            1.10455011264873       -0.88019454951186        0.05623405827306
C           -0.14086621316723       -1.48851963063617       -0.13337577340811
C           -1.25244160489198       -0.65573487085911       -0.06832090838977
N           -1.13692726800353        0.65794204770442        0.10875975858028
C            0.08235841589002        1.13082058047123        0.26435294642465
C           -2.65175722877180       -1.18468470502993       -0.16755617814009
O           -3.64210717879785       -0.51080442324003       -0.15199273885208
O           -2.67141115880699       -2.52113358440381       -0.26650749187304
C            2.35367099776258       -1.65374336260689        0.05443057013996
C            3.35152975544850       -1.35062322913161        0.97890571997149
C            4.52439143113195       -2.07932894975661        1.00053847053399
C            4.72841405921007       -3.09609445727374        0.07676930715249
C            3.74250072701478       -3.38544692179213       -0.86837366388054
C            2.55282340554104       -2.67690291661843       -0.86816083973095
Cl           4.00296904889289       -4.61908344558766       -2.04106165051523
Cl           6.19662136002847       -3.98841968750776        0.09242526367102
H           -0.24186954146985       -2.55048115755724       -0.28325046359138
H            0.17749106937171        2.20007940609684        0.40470723517914
H           -3.58238178853363       -2.85172945511266       -0.31526178471917
H            3.18736930457595       -0.54707568751304        1.67968963792040
H            5.29460456724458       -1.86685831174355        1.72581034834879
H            1.80086131740462       -2.90395176506511       -1.60832141730746
23
 energy: -49.695869425212 gnorm: 0.005475066542 xtb: 6.7.1 (edcfbbe)
N            1.19860371109936        0.42856501051514        0.29671618420342
C            1.10353484600795       -0.87848112253332        0.05727094477549
C           -0.13994556369413       -1.48362610765897       -0.14679179201276
C           -1.25156377406486       -0.65382339325646       -0.07013433597635
N           -1.13946951810077        0.65818778548325        0.12703254144794
C            0.07939199805707        1.12976523809665        0.29190295669524
C           -2.65022767764610       -1.18518945155300       -0.17881231038188
O           -3.64293620537869       -0.51474392938663       -0.16403572786900
O           -2.66449570717990       -2.52071535672711       -0.28070186323833
C            2.35308579482802       -1.65028150198636        0.05194200135013
C            3.36044197557278       -1.33657331565341        0.96285456173817
C            4.53290638138252       -2.06596366390968        0.98490040293025
C            4.72775470942334       -3.09763846618454        0.07544921739320
C            3.73379182699700       -3.39881629563418       -0.85700706146436
C            2.54594652853596       -2.68722997221409       -0.85755873294939
Cl           3.97764738275933       -4.65198948949274       -2.01335593587482
Cl           6.19441112885584       -3.99188028269370        0.09627949360320
H           -0.23963187450210       -2.54323777373156       -0.31359238385414
H            0.17327816181296        2.19674035616335        0.44937881074195
H           -3.57233452709246       -2.85626620684249       -0.33171366270919
H            3.20339111826326       -0.52345073853697        1.65440157968652
H            5.30865257982075       -1.84236389019820        1.70096871768605
H            1.78879670424296       -2.92351743206516       -1.58962360592124
23
 energy: -49.696075780736 gnorm: 0.006550819980 xtb: 6.7.1 (edcfbbe)
N            1.19551940316309        0.42677455516137        0.32449094685154
C            1.10281567585727       -0.87601150905487        0.05777862294104
C           -0.13915189345149       -1.47608516608986       -0.16411620743268
C           -1.25138738317754       -0.65029785526766       -0.07043923305369
N           -1.14310953566686        0.65784834488417        0.15616810190861
C            0.07524153699167        1.12639648886932        0.33301197046017
C           -2.64750086711857       -1.18630763177481       -0.19134782768284
O           -3.64508434209543       -0.52313602608556       -0.18405448826601
O           -2.65474861151259       -2.52158374974926       -0.30046710975273
C            2.35307915990321       -1.64511545950276        0.04658799916610
C            3.37307071890773       -1.31613702320483        0.93824833987980
C            4.54451679653670       -2.04631308583285        0.96123630638949
C            4.72701264048942       -3.09955537770493        0.07360903167182
C            3.72213401864104       -3.41733904949278       -0.83996264748103
C            2.53742779145195       -2.70105010580937       -0.84341196188803
Cl           3.94330442223064       -4.69973127569091       -1.97115930203923
Cl           6.19109361159605       -3.99856544507390        0.10303401385785
H           -0.23804329930834       -2.53185992704886       -0.35396693936761
H            0.16768719529476        2.18978432842627        0.51384353176151
H           -3.56151773135103       -2.85695896777446       -0.35912413976967
H            3.22692911790986       -0.48964367887940        1.61643269898605
H            5.32745988792931       -1.80613982762226        1.66392764876687
H            1.77428168677926       -2.95150255568205       -1.56454935590717
23
 energy: -49.696272840507 gnorm: 0.006226912705 xtb: 6.7.1 (edcfbbe)
N            1.19203491579932        0.42405878729897        0.35541752971117
C            1.10337083714372       -0.87304208045174        0.05870888270983
C           -0.13801990423919       -1.46774417434546       -0.18107994051390
C           -1.25201567139130       -0.64665166980980       -0.06790393362888
N           -1.14700044421869        0.65542498349448        0.19260084965472
C            0.07073182604699        1.12055938660404        0.38061196637817
C           -2.64398436098705       -1.18708386813528       -0.20955087910551
O           -3.64673632571150       -0.53168514085056       -0.21093277368149
O           -2.64501231229611       -2.52315031087833       -0.32225921928021
C            2.35404660706271       -1.63977516171241        0.03971695486026
C            3.38822416617426       -1.29146455629774        0.90837382354724
C            4.55815592386356       -2.02287742103798        0.93292400102129
C            4.72596424357710       -3.10106502371509        0.07182548666229
C            3.70812226787158       -3.43826450827210       -0.81910479338324
C            2.52669857922408       -2.71728314794180       -0.82696305058007
Cl           3.90723049988617       -4.75324661724580       -1.91983737863316
Cl           6.18636651899065       -4.00711295203266        0.10955678777969
H           -0.23689383570329       -2.51848691273205       -0.39715794615060
H            0.16114753830704        2.17929306372039        0.59036561478381
H           -3.55264133998559       -2.85507300659761       -0.39283616033371
H            3.25431308175697       -0.44868516529570        1.56919818001876
H            5.35035122393593       -1.76434998262025        1.61870105359289
H            1.75657596489276       -2.98482452114586       -1.53460505542913
23
 energy: -49.696420594656 gnorm: 0.004369858629 xtb: 6.7.1 (edcfbbe)
N            1.18921112449958        0.42029194727168        0.38077618195641
C            1.10460770939533       -0.87123932498835        0.06098174202857
C           -0.13705752220899       -1.46175023965012       -0.19066017992582
C           -1.25304825035569       -0.64468498397324       -0.06380002271902
N           -1.15015765601195        0.65074013688184        0.22431700028061
C            0.06703373452997        1.11302778415038        0.42216587247859
C           -2.64109035321405       -1.18703084307673       -0.22284166258244
O           -3.64650650283742       -0.53563963168823       -0.23889788705697
O           -2.63977787412920       -2.52404098774474       -0.34088795404277
C            2.35541319403066       -1.63660780845446        0.03415317168582
C            3.40143384341587       -1.27072796121402        0.88170932214675
C            4.57048940540090       -2.00267904774167        0.90740507659797
C            4.72566704526200       -3.10101439804941        0.07002660225556
C            3.69635758050157       -3.45498912037099       -0.80037028832273
C            2.51672044322671       -2.73164877101158       -0.81188568044246
Cl           3.88054485765449       -4.79537681965316       -1.87387190769959
Cl           6.18307500635505       -4.01253306747321        0.11255793368457
H           -0.23690869776706       -2.50751407487316       -0.42639521570619
H            0.15557196397718        2.16715392254791        0.65333453359212
H           -3.54954591121454       -2.84917137465834       -0.42767868280925
H            3.27709907300198       -0.41342527346885        1.52528919054283
H            5.37182912873648       -1.72939551136246        1.57656046370270
H            1.74006865775127       -3.01427455139951       -1.50621760964504
23
 energy: -49.696527224697 gnorm: 0.002768300632 xtb: 6.7.1 (edcfbbe)
N            1.18706498262792        0.41546445899459        0.40192853397861
C            1.10584690002096       -0.87120316465966        0.06430824114059
C           -0.13635179240208       -1.45915850265362       -0.19503386894496
C           -1.25404169192406       -0.64485871512527       -0.05941988307744
N           -1.15239169973151        0.64440699499772        0.25113567459531
C            0.06433238865124        1.10478965015123        0.45611127280847
C           -2.63933313327759       -1.18526150671812       -0.23800078087487
O           -3.64387919943308       -0.53295820918240       -0.26624191351426
O           -2.64002759634370       -2.52309538306674       -0.35649378646999
C            2.35687337143584       -1.63573118431189        0.03051745649174
C            3.41256013525827       -1.25373483972285        0.85894513416446
C            4.58189265453939       -1.98490641302219        0.88492521546339
C            4.72638101067405       -3.09940184420457        0.06815563264160
C            3.68718736667536       -3.46838065267865       -0.78426750017771
C            2.50774638147209       -2.74503562436056       -0.79775961028240
Cl           3.86234922422671       -4.82770362331361       -1.83370661924387
Cl           6.18221209346072       -4.01311123837964        0.11134334169949
H           -0.23769867124598       -2.50075133728809       -0.44593999225366
H            0.15104286864453        2.15457609660038        0.70690619624952
H           -3.55158982457678       -2.84136166180119       -0.45739635730405
H            3.29443345273709       -0.38405168439041        1.48608898588995
H            5.39192790581431       -1.70024380421349        1.53832065531347
H            1.72449287269645       -3.04081781165141       -1.47865602829313
23
 energy: -49.696603316973 gnorm: 0.002570573327 xtb: 6.7.1 (edcfbbe)
N            1.18534819156410        0.40959276894768        0.42006746086822
C            1.10619173194200       -0.87325466061929        0.06841651450674
C           -0.13637956120547       -1.45949384021675       -0.19627108473773
C           -1.25485891604815       -0.64641848819211       -0.05585261013346
N           -1.15415589918516        0.63781363531568        0.27316204563917
C            0.06220426861334        1.09644250717997        0.48579123785787
C           -2.63910091963492       -1.18199802981100       -0.25000584675802
O           -3.64016703536299       -0.52483105340139       -0.29197989820715
O           -2.64452180359155       -2.51998839789739       -0.37102442441111
C            2.35795660971679       -1.63658938632727        0.02867006515536
C            3.42161174440540       -1.24025015098300        0.83996474246854
C            4.59244247526386       -1.96908015657905        0.86500065030597
C            4.72873591969095       -3.09625122554312        0.06535594136537
C            3.68127646099031       -3.47911400764028       -0.77143601550430
C            2.50080060700475       -2.75743078456598       -0.78476146899631
Cl           3.84905542963183       -4.85489607150032       -1.79843350191244
Cl           6.18449344135112       -4.00925879690091        0.10714561499387
H           -0.23943915656329       -2.49793517101128       -0.45810016423230
H            0.14768680873375        2.14234607937844        0.75068296318747
H           -3.55703168857048       -2.83252114915854       -0.48433296835252
H            3.30737715962868       -0.36019955072513        1.45246446605839
H            5.41022867182288       -1.67455193857842        1.50396767713723
H            1.71127545980245       -3.06466213117105       -1.45272139629858
23
 energy: -49.696660594382 gnorm: 0.002681664940 xtb: 6.7.1 (edcfbbe)
N            1.18407260479221        0.40300728118105        0.43358600315398
C            1.10529132220806       -0.87733129538898        0.07361881501839
C           -0.13751137292140       -1.46209920030336       -0.19433426716316
C           -1.25561704202374       -0.64859829328958       -0.05247926669461
N           -1.15525561572972        0.63212180960468        0.28851095341726
C            0.06098954341481        1.08883510100954        0.50635919315741
C           -2.64027702484902       -1.17739510591551       -0.26143054387803
O           -3.63635577539542       -0.51346198912781       -0.31440065077969
O           -2.65187912957895       -2.51511908381513       -0.38264231665895
C            2.35829320143974       -1.63885109293511        0.02893288950549
C            3.42825304684464       -1.23078263750932        0.82591360466355
C            4.60141144460833       -1.95614674673142        0.84861951303551
C            4.73237460899607       -3.09244826613428        0.06176999684136
C            3.67846945048060       -3.48725785575166       -0.76201273708442
C            2.49632684345108       -2.76809332989763       -0.77345019365633
Cl           3.84076353111376       -4.87494503511014       -1.77124493806319
Cl           6.19006216310631       -4.00166029652081        0.10025951727777
H           -0.24231440994754       -2.49856288508164       -0.46285582243691
H            0.14595327246214        2.13151836514166        0.78485856223283
H           -3.56452334284808       -2.82358483887219       -0.50508470466095
H            3.31588319711645       -0.34379342192351        1.42780095153857
H            5.42506357932837       -1.65330690753949        1.47579333342828
H            1.70155590393150       -3.08457427508994       -1.43031789219387
23
 energy: -49.696709324698 gnorm: 0.002296301115 xtb: 6.7.1 (edcfbbe)
N            1.18293281320214        0.39586634596288        0.44658364776821
C            1.10341320975992       -0.88287928108895        0.07957938706173
C           -0.13963795420345       -1.46581350843274       -0.19120914560536
C           -1.25650573203170       -0.65062200874873       -0.04969674166621
N           -1.15601647455180        0.62768280257448        0.30085220314844
C            0.06021941230827        1.08173955624177        0.52573009175788
C           -2.64232765951303       -1.17197198165572       -0.27183339222643
O           -3.63292652859198       -0.50086557856850       -0.33505446087422
O           -2.66038004182969       -2.50913966376912       -0.39310515880467
C            2.35786233598326       -1.64217740898974        0.03070787707650
C            3.43330457396125       -1.22379733114183        0.81477894800139
C            4.60941265065707       -1.94462591845196        0.83369396056712
C            4.73717913491766       -3.08785348440722        0.05684835165285
C            3.67769019697119       -3.49396827155159       -0.75463106259841
C            2.49334060545135       -2.77817360036062       -0.76272320335933
Cl           3.83441838183509       -4.89237444913081       -1.74810843459921
Cl           6.19798498411961       -3.99186603718897        0.09142669107551
H           -0.24620436972851       -2.50108424695188       -0.46382583808023
H            0.14573113023182        2.12170734362225        0.81039637890706
H           -3.57273326732821       -2.81456969893973       -0.52397735925563
H            3.32262038263342       -0.33107683662742        1.40839187255701
H            5.43779340782038       -1.63329222108310        1.45032248819792
H            1.69385880792616       -3.10337452131332       -1.40937710070161
23
 energy: -49.696749263026 gnorm: 0.002097993580 xtb: 6.7.1 (edcfbbe)
N            1.18196682946461        0.38884905779891        0.45654911270433
C            1.10097786750131       -0.88912108886113        0.08668066994265
C           -0.14240424649883       -1.46978297555057       -0.18632535567800
C           -1.25752586728862       -0.65211065540791       -0.04731028241192
N           -1.15631152251558        0.62477352556650        0.30750860048817
C            0.06011575398528        1.07580624130377        0.53718002251458
C           -2.64467387025518       -1.16654249565038       -0.27979387992113
O           -3.63023166469235       -0.48909982305484       -0.35350218446999
O           -2.66846723462606       -2.50308538156628       -0.40131736987923
C            2.35681491459801       -1.64601800721100        0.03404292397169
C            3.43717756127127       -1.21883292526935        0.80668391746941
C            4.61628742570062       -1.93490894353091        0.82075262024511
C            4.74226721458906       -3.08326185502423        0.05117112159610
C            3.67782034756925       -3.49939984039022       -0.74875385298980
C            2.49109682270882       -2.78730009292900       -0.75253595385301
Cl           3.82989727908335       -4.90564012640971       -1.73047220614535
Cl           6.20718042510303       -3.98106869530298        0.08080709800769
H           -0.25059975770073       -2.50450674773120       -0.46072041792738
H            0.14650023101544        2.11369748347199        0.83214971750182
H           -3.58034531074229       -2.80600011132052       -0.54079995228222
H            3.32758629801555       -0.32312781115124        1.39565410476940
H            5.44804823140374       -1.61583716157278        1.42867145251534
H            1.68785227231053       -3.12001157020753       -1.39054990616793
23
 energy: -49.696782422460 gnorm: 0.001789329359 xtb: 6.7.1 (edcfbbe)
N            1.18117314364262        0.38244994787693        0.46631154221690
C            1.09855376702072       -0.89523272911092        0.09407625260435
C           -0.14534802896655       -1.47331890783978       -0.18123496308627
C           -1.25867839334806       -0.65276089759125       -0.04570678883125
N           -1.15618576405367        0.62349303534233        0.31180093497996
C            0.06043265318910        1.07110644073469        0.54747686282054
C           -2.64670632568397       -1.16158751641210       -0.28826467007589
O           -3.62819377863470       -0.47957282612970       -0.36907694283302
O           -2.67518092315962       -2.49777081480179       -0.40818752871651
C            2.35524339392867       -1.65035696925510        0.03868302374976
C            3.43962679187320       -1.21618411725643        0.80173424050506
C            4.62178086109145       -1.92725992543280        0.81003928078314
C            4.74705516879110       -3.07878055003032        0.04507942587182
C            3.67814215108517       -3.50352067299142       -0.74399629220025
C            2.48898778309887       -2.79534637599869       -0.74291538163244
Cl           3.82668698705380       -4.91535056987788       -1.71751513462591
Cl           6.21658094142397       -3.96990265507866        0.06851313863041
H           -0.25503824806374       -2.50793509046525       -0.45598922899395
H            0.14836281097508        2.10767235398226        0.84439430050011
H           -3.58656828815663       -2.79822847328471       -0.55440072107668
H            3.33136438173076       -0.31839527261254        1.38806809323197
H            5.45639219736282       -1.60093970548418        1.41029245852830
H            1.68254671779984       -3.13480770828336       -1.37341190234985
23
 energy: -49.696823780060 gnorm: 0.001737488548 xtb: 6.7.1 (edcfbbe)
N            1.18013887593718        0.37366203406177        0.47955564650122
C            1.09520594304426       -0.90404171368057        0.10616990621853
C           -0.14969722379655       -1.47799891937043       -0.17236192477764
C           -1.26047109091564       -0.65279390964774       -0.04419197673575
N           -1.15549429980260        0.62331911209234        0.31342749144467
C            0.06140516865912        1.06567172391287        0.55754211810383
C           -2.64903912255132       -1.15501523732931       -0.29833219788315
O           -3.62592781976622       -0.46787952694439       -0.39126491306592
O           -2.68307724290771       -2.49102414659032       -0.41677755470516
C            2.35245590802607       -1.65752183780240        0.04775165508161
C            3.44236807517225       -1.21419746683910        0.79771123130094
C            4.62907641059156       -1.91756270086833        0.79606043827700
C            4.75384361784922       -3.07183655760147        0.03514489710587
C            3.67824029145504       -3.50833567107372       -0.73770129175001
C            2.48506316751768       -2.80685280763748       -0.72798616802406
Cl           3.82268347185363       -4.92644821510061       -1.70290952073337
Cl           6.23059851400779       -3.95244893370523        0.04650574954897
H           -0.26164302585573       -2.51278220676481       -0.44602750799883
H            0.15171493046793        2.10124777920433        0.85705349120703
H           -3.59395757804315       -2.78739783569524       -0.57385086533571
H            3.33585248050057       -0.31481503768189        1.38242490888017
H            5.46734795223455       -1.58200426691385        1.38587833571497
H            1.67434259632229       -3.15547365802510       -1.34805194837488
23
 energy: -49.696855162705 gnorm: 0.001622941793 xtb: 6.7.1 (edcfbbe)
N            1.17924644687268        0.36681751985968        0.49144822833355
C            1.09279759362121       -0.91092891828786        0.11800025862662
C           -0.15298229263950       -1.48152528370470       -0.16425695557742
C           -1.26184037990577       -0.65223246067199       -0.04394749322497
N           -1.15448351948880        0.62416090711808        0.31260192533434
C            0.06242697677789        1.06219650887372        0.56393390470766
C           -2.64995558624526       -1.15001687078313       -0.30889964725082
O           -3.62364129614442       -0.45995901663963       -0.40978078440065
O           -2.68800439183429       -2.48625222999578       -0.42478064801625
C            2.35002356406222       -1.66408503791551        0.05778683665375
C            3.44458388812252       -1.21330863441721        0.79667959990549
C            4.63489004732934       -1.91036549126761        0.78558003803691
C            4.75826498191297       -3.06676068295790        0.02690531517886
C            3.67664921734757       -3.51272119072137       -0.73149802790655
C            2.48027099624646       -2.81691263660712       -0.71339385219853
Cl           3.81960750448644       -4.93334917638655       -1.69345544261960
Cl           6.24181424233653       -3.93656837380083        0.02271618440914
H           -0.26712582533355       -2.51650739434341       -0.43672456601740
H            0.15451923107863        2.09772631394390        0.86422367063537
H           -3.59848192879963       -2.77895329939154       -0.58882547188712
H            3.33909597662217       -0.31299185784963        1.38037096059881
H            5.47781708603003       -1.56684963292069        1.36491948510566
H            1.66553746754479       -3.17314306113365       -1.32383351842654
23
 energy: -49.696878416325 gnorm: 0.001539008845 xtb: 6.7.1 (edcfbbe)
N            1.17822889654089        0.36001998998275        0.50352078198737
C            1.09041419098224       -0.91791299994395        0.13195897837793
C           -0.15611151389491       -1.48536639634491       -0.15281763765714
C           -1.26296473466530       -0.65176550641731       -0.04266965930688
N           -1.15339712371370        0.62520275992138        0.30971633825630
C            0.06328749353219        1.05904850212124        0.56879561077719
C           -2.65010691707086       -1.14530198642552       -0.31791797343563
O           -3.62111139384358       -0.45240775700340       -0.43138174908489
O           -2.69194735860866       -2.48193083431583       -0.43277037480415
C            2.34744830966590       -1.67130820868891        0.07030394239621
C            3.44702487097007       -1.21344010023266        0.79726833894392
C            4.64126348862944       -1.90330417488627        0.77468220598895
C            4.76405071947298       -3.05895475493059        0.01591552877152
C            3.67552315484704       -3.51488518871613       -0.72635128960619
C            2.47488212911389       -2.82660526212145       -0.69689650665618
Cl           3.81478391775389       -4.94027292680039       -1.68446713884569
Cl           6.25279721823064       -3.91955134266909       -0.00543613120095
H           -0.27285288120810       -2.52051654604094       -0.42270924685533
H            0.15698052226396        2.09494263064598        0.86638107027681
H           -3.60257275013769       -2.77009293108104       -0.60708064562988
H            3.34277305709273       -0.31186787629376        1.37939235658097
H            5.48724786900821       -1.55574284661740        1.34452278914411
H            1.65538883503897       -3.19051624314255       -1.29618958841807
23
 energy: -49.696891064181 gnorm: 0.001225156278 xtb: 6.7.1 (edcfbbe)
N            1.17739156388083        0.35610840036904        0.51352159787975
C            1.08899881218158       -0.92191077537806        0.14121721282636
C           -0.15772030868157       -1.48766068321918       -0.14734803757467
C           -1.26332891946477       -0.65140566631120       -0.04364653241139
N           -1.15264184128420        0.62607869557074        0.30826067791389
C            0.06361349389837        1.05756193211110        0.57373427600025
C           -2.64948501822138       -1.14266130771835       -0.32560991721928
O           -3.61869860671926       -0.44847772685385       -0.44473250884868
O           -2.69329617874008       -2.47939659282325       -0.44084733558339
C            2.34578998280464       -1.67581478523686        0.07936808879897
C            3.44923803941005       -1.21240030153476        0.79741911965112
C            4.64508890242304       -1.89888752492220        0.76788640824373
C            4.76501753441820       -3.05753661145998        0.01126175590271
C            3.67210385454311       -3.51952990621548       -0.72018105518022
C            2.47007179520205       -2.83453708207505       -0.68383839460155
Cl           3.81076002629858       -4.94408745402610       -1.67930229363210
Cl           6.25845297084071       -3.90892243622547       -0.02546468186044
H           -0.27624115795328       -2.52286935299146       -0.41637378728867
H            0.15800223405596        2.09389467270683        0.87169559096598
H           -3.60366433183227       -2.76542020676823       -0.61918458665831
H            3.34682056487188       -0.30806673978373        1.37642276277480
H            5.49711577263402       -1.54358763332547        1.32695479623838
H            1.64764081543404       -3.20300091388980       -1.27544315633693
23
 energy: -49.696895419200 gnorm: 0.001577490533 xtb: 6.7.1 (edcfbbe)
N            1.17664371865743        0.35389695310814        0.51985293843141
C            1.08820238284927       -0.92410715558344        0.14801272507345
C           -0.15840502982590       -1.48920493888972       -0.14274616134853
C           -1.26336080675904       -0.65155508092585       -0.04335088822377
N           -1.15237006608794        0.62608456985905        0.30837773949012
C            0.06342113513949        1.05636082592683        0.57714628765883
C           -2.64887484630334       -1.14100610718309       -0.33296737433965
O           -3.61655720687376       -0.44592105092660       -0.45333552248944
O           -2.69410510085576       -2.47772530803086       -0.44766100673612
C            2.34532291413348       -1.67750692859302        0.08486664750047
C            3.45188831714192       -1.21023075236343        0.79588885354992
C            4.64871535379272       -1.89460347197687        0.76161748861269
C            4.76688397039547       -3.05473352335965        0.00671856375674
C            3.67038638333131       -3.52131109441923       -0.71673928139453
C            2.46729993289544       -2.83854871461019       -0.67533109829564
Cl           3.80610561765453       -4.94833832576599       -1.67379849058931
Cl           6.26136854667906       -3.90277817641808       -0.03785166649005
H           -0.27784097671887       -2.52444647624970       -0.41157291112737
H            0.15795150959780        2.09268706798833        0.87569217189950
H           -3.60415638651469       -2.76234693020203       -0.62743186484592
H            3.34954257507075       -0.30656190893266        1.37395824052085
H            5.50203505918347       -1.53827334652416        1.31602610507176
H            1.64093300341744       -3.21236012592857       -1.25960149568509
23
 energy: -49.696899153221 gnorm: 0.000713051227 xtb: 6.7.1 (edcfbbe)
N            1.17655858775398        0.35422774144244        0.52003985312336
C            1.08823114693508       -0.92371182440032        0.14816714943414
C           -0.15830609999228       -1.48907449772793       -0.14176746873075
C           -1.26333247951442       -0.65185506102130       -0.04226220922226
N           -1.15280968435484        0.62552848081123        0.30956028365958
C            0.06292261787912        1.05600512277002        0.57846335469882
C           -2.64904746993682       -1.14146026078038       -0.33050646681354
O           -3.61694566718151       -0.44604665695142       -0.45294109755828
O           -2.69294637410170       -2.47781119990914       -0.44984915688450
C            2.34518686954415       -1.67726040433188        0.08500811496257
C            3.45219693062285       -1.21009268732939        0.79482600727478
C            4.64887594321487       -1.89486878528874        0.76051571317899
C            4.76657529104417       -3.05509316294997        0.00668152079635
C            3.66978607444526       -3.52134496621204       -0.71627724944892
C            2.46679129238687       -2.83851283790677       -0.67431210826605
Cl           3.80384236433555       -4.94984863218624       -1.67085988265353
Cl           6.26045283827196       -3.90401871780894       -0.03682974922053
H           -0.27749007701858       -2.52424949720413       -0.41048778318268
H            0.15713980730755        2.09187917067616        0.87739501901479
H           -3.60259358548892       -2.76271229277100       -0.63302287959426
H            3.35176080121591       -0.30358532629133        1.36970051768407
H            5.50314863841665       -1.53756766264523        1.31330549200143
H            1.64103223421537       -3.21105604198450       -1.25877697425330
