26
 energy: -48.813477626798 gnorm: 0.074775463905 xtb: 6.7.1 (edcfbbe)
N            1.22749000000000        0.43455000000000        0.18977000000000
C            1.09421000000000       -0.90032000000000        0.03599000000000
C           -0.14129000000000       -1.50285000000000       -0.08303000000000
C           -1.23474000000000       -0.66167000000000       -0.03911000000000
N           -1.13791000000000        0.67887000000000        0.09465000000000
C            0.10164000000000        1.15986000000000        0.20201000000000
C           -2.62737000000000       -1.20040000000000       -0.12680000000000
O           -3.66392000000000       -0.56210000000000       -0.11243000000000
O           -2.66243000000000       -2.54717000000000       -0.22256000000000
C            2.34868000000000       -1.66866000000000        0.02651000000000
C            2.60172000000000       -2.65652000000000       -0.93856000000000
C            3.79508000000000       -3.38725000000000       -0.93054000000000
C            4.77190000000000       -3.15391000000000        0.04659000000000
C            4.52770000000000       -2.16703000000000        1.01141000000000
C            3.33774000000000       -1.43153000000000        0.99497000000000
Cl           5.67132000000000       -1.82417000000000        2.26083000000000
C            6.03758000000000       -3.96370000000000        0.03841000000000
H           -0.24559000000000       -2.57529000000000       -0.18023000000000
H            0.20850000000000        2.23394000000000        0.31055000000000
H           -3.62433000000000       -2.74213000000000       -0.25411000000000
H            1.87614000000000       -2.85753000000000       -1.72500000000000
H            3.95614000000000       -4.14009000000000       -1.70013000000000
H            3.17147000000000       -0.66602000000000        1.75164000000000
H            6.91222000000000       -3.30911000000000       -0.03155000000000
H            6.10521000000000       -4.57207000000000        0.94602000000000
H            6.07214000000000       -4.64456000000000       -0.81893000000000
26
 energy: -48.818524469083 gnorm: 0.024972046545 xtb: 6.7.1 (edcfbbe)
N            1.22674211142454        0.42516284935726        0.19885390894588
C            1.11157259535674       -0.89816308344890        0.03848568560507
C           -0.13618776776845       -1.50132960787485       -0.08973300834779
C           -1.23660542930651       -0.65992807021842       -0.04211653073847
N           -1.12231233321078        0.66461880338990        0.09362163951562
C            0.10784448545726        1.13482825026488        0.20519343832528
C           -2.62858592806008       -1.19303817754782       -0.12598882996977
O           -3.64217721673908       -0.54580119674171       -0.11069425719834
O           -2.66929818213620       -2.53719787327895       -0.22320508374977
C            2.36142179991584       -1.67270138566061        0.02622480682852
C            2.59634952013092       -2.65997598005250       -0.92931718476228
C            3.78249712894300       -3.37648386017802       -0.92525566548196
C            4.76107827207620       -3.15504073208381        0.03899390569208
C            4.51604827502670       -2.17048616126616        0.99603165639116
C            3.34293783625892       -1.42994818333872        0.98440084587911
Cl           5.67647072026295       -1.84224553894015        2.23278008056850
C            6.02800932079178       -3.95482880003286        0.04058662349680
H           -0.24406254384998       -2.56951519608744       -0.19122995545613
H            0.21238496354678        2.20629836781272        0.31475889548013
H           -3.61743181567457       -2.76469131736812       -0.25949609354346
H            1.86701830328845       -2.85417035164567       -1.70531174310825
H            3.94639258267585       -4.12558654245788       -1.68718724514181
H            3.17866290528484       -0.66814764053947        1.73441212775517
H            6.89752979567515       -3.29944291174552       -0.01002213187539
H            6.10460058761792       -4.54594349788487        0.95343612014257
H            6.05840001301180       -4.63310216243231       -0.81185200525251
26
 energy: -48.819547205001 gnorm: 0.007488732700 xtb: 6.7.1 (edcfbbe)
N            1.22749957065023        0.41863676495437        0.21380900766744
C            1.12239186210350       -0.89683490579032        0.04197732427433
C           -0.13133524254913       -1.50065114498874       -0.09914393675111
C           -1.23654307118658       -0.65945031697782       -0.04579432094435
N           -1.11206030876486        0.65649201767341        0.09589960672117
C            0.11299217563213        1.12179484502003        0.21456633307007
C           -2.63099447533651       -1.18654981167204       -0.13111544797866
O           -3.63039539162398       -0.52620299648549       -0.11095622280111
O           -2.67080782653345       -2.52936922924606       -0.22707345091672
C            2.36641580279050       -1.67823922854588        0.02860592444104
C            2.58699477834267       -2.66669660492229       -0.92416930148584
C            3.77021923792894       -3.37797866980104       -0.92210928547234
C            4.75398183358728       -3.15710389064157        0.03288342868003
C            4.51188252912591       -2.16809767606811        0.98410684023832
C            3.34705392221793       -1.42461393508105        0.97955017300915
Cl           5.68922805622051       -1.85179452612297        2.20952762837005
C            6.02155875762220       -3.94852387957666        0.04206441836217
H           -0.24070397163472       -2.56614954599668       -0.21040093732366
H            0.21622218179430        2.19273381534314        0.32891653032079
H           -3.60593077203801       -2.79417463561584       -0.26605652211614
H            1.84777087516663       -2.86000994003083       -1.68694544077274
H            3.93710969940032       -4.12820783919414       -1.67934403939506
H            3.18812256429676       -0.65594942031914        1.71872228086240
H            6.88417161761103       -3.28599390046241       -0.00019394114067
H            6.10016177675555       -4.52470964608885        0.96300833543966
H            6.05429381842088       -4.62921569936298       -0.80396498435828
26
 energy: -48.819773905427 gnorm: 0.006043634980 xtb: 6.7.1 (edcfbbe)
N            1.22849558897839        0.41671516911978        0.22794026056294
C            1.12486904492152       -0.89634910958826        0.04427329696192
C           -0.12932221897247       -1.50015509006953       -0.10724271940533
C           -1.23563999660389       -0.65953102270161       -0.04951507748869
N           -1.10972406875852        0.65519202933915        0.10018030958285
C            0.11445382842796        1.12018541504532        0.22694230185339
C           -2.63234960422652       -1.18405307040331       -0.13465671839196
O           -3.62685983766670       -0.51639311620578       -0.11383555718636
O           -2.66914919636303       -2.52533142836995       -0.23382510342482
C            2.36638961330968       -1.68022402701045        0.03003117578353
C            2.57833624152597       -2.67514535182339       -0.91830719752488
C            3.76220738134211       -3.38576561316748       -0.91879939824837
C            4.75069807526494       -3.15898254146575        0.03055473754166
C            4.51328733909608       -2.16393533665702        0.97789259564393
C            3.35144225583294       -1.41710723859851        0.97493303744417
Cl           5.70156247249089       -1.84652621103502        2.19415517247699
C            6.01947751973932       -3.94624734620602        0.04252336080943
H           -0.23832428979599       -2.56458767729863       -0.22836531764890
H            0.21717312197204        2.19095213608604        0.34693421378838
H           -3.59708938673472       -2.81139673955147       -0.27487529737976
H            1.83189477673770       -2.87025829320640       -1.67317079110209
H            3.92827344618000       -4.14053346265894       -1.67253123210100
H            3.19593317516198       -0.64154209694513        1.70722111457749
H            6.87850466819364       -3.27912973544918       -0.00184687386979
H            6.09923506672066       -4.51486866307246        0.96840140813928
H            6.05552498322608       -4.63184157810596       -0.79864170139409
26
 energy: -48.819970324346 gnorm: 0.003920517704 xtb: 6.7.1 (edcfbbe)
N            1.22931791990359        0.41418911616075        0.25220242197692
C            1.12548982366147       -0.89619070616358        0.04685200907898
C           -0.12767250407078       -1.49837783137351       -0.12185380067434
C           -1.23398648140040       -0.65909241321056       -0.05501931431308
N           -1.10868245085297        0.65504989916376        0.11115044196989
C            0.11512131286844        1.11981931047633        0.25036974101283
C           -2.63359516913773       -1.18073361775841       -0.14586022702577
O           -3.62372068464928       -0.50615585697879       -0.12106298590824
O           -2.66544247310307       -2.51957374614128       -0.24646400622420
C            2.36482376788227       -1.68184736882743        0.03126408576414
C            2.56591234143790       -2.68990587636809       -0.90679509398640
C            3.75034276196871       -3.40162865044055       -0.91002784648733
C            4.74703412402165       -3.16123804409714        0.02866246506594
C            4.51860945839118       -2.15385346162245        0.96729204742319
C            3.35876324321532       -1.40434386406468        0.96534429563864
Cl           5.72036389389461       -1.82720710988983        2.17000295511578
C            6.01792144027802       -3.94412369776129        0.04264263246329
H           -0.23571061749726       -2.56114090284009       -0.26011384178802
H            0.21738784236408        2.18944773381834        0.38374679894606
H           -3.58424625924688       -2.83090752630148       -0.28860698768896
H            1.80939066713799       -2.89184714242538       -1.65007113938232
H            3.91186255272073       -4.16616197024704       -1.65636112351672
H            3.20842301335608       -0.61690785946316        1.68646315329453
H            6.87330006619272       -3.27245734609723       -0.01107706074794
H            6.10171865528123       -4.50286971799747        0.97475734837906
H            6.05657375538247       -4.63880134954969       -0.79106696838610
26
 energy: -48.820084200729 gnorm: 0.003967633001 xtb: 6.7.1 (edcfbbe)
N            1.22902609311212        0.41162232416482        0.27107536486594
C            1.12438131542495       -0.89668982331035        0.04838611756790
C           -0.12764625857590       -1.49592041840473       -0.13362359522635
C           -1.23310884610743       -0.65773162774992       -0.05860815409073
N           -1.10904190089311        0.65551666120940        0.12300593213084
C            0.11471689674060        1.11885882978991        0.27218392977011
C           -2.63417538455449       -1.17862735542424       -0.15267980409606
O           -3.62315704234201       -0.50223271206778       -0.12977110738534
O           -2.66243094925602       -2.51566763370361       -0.25862081777869
C            2.36322100447639       -1.68228909739035        0.03118972846150
C            2.55771052523849       -2.70239422694530       -0.89590898194747
C            3.74204703120224       -3.41532079041851       -0.89984496966983
C            4.74563193935088       -3.16230028090969        0.02860872034253
C            4.52454030494390       -2.14366037607331        0.95775465219782
C            3.36481629840623       -1.39401327248924        0.95522902607412
Cl           5.73491775599961       -1.80308935688145        2.14887914417936
C            6.01785039335534       -3.94346725704860        0.04229469261785
H           -0.23526150464472       -2.55698695315654       -0.28579135520292
H            0.21714098719045        2.18693222036053        0.41759710011543
H           -3.57629707519914       -2.83815534811544       -0.30350225579956
H            1.79522653466344       -2.91297917477057       -1.63102199416177
H            3.89743205634088       -4.18962731042455       -1.63797541010531
H            3.21837691772419       -0.59730270196729        1.66735688354452
H            6.87190135012842       -3.27068846700909       -0.02228744839895
H            6.10693602718568       -4.49516273737268        0.97829728361552
H            6.05454553008915       -4.64548311389132       -0.78585268162067
26
 energy: -48.820228633700 gnorm: 0.005272283180 xtb: 6.7.1 (edcfbbe)
N            1.22796951442723        0.40754217005164        0.29179608062630
C            1.12218693045588       -0.89818221292689        0.04994829677318
C           -0.12893006263885       -1.49233401442336       -0.14648020566102
C           -1.23299646356584       -0.65509717790379       -0.06095998949577
N           -1.11008048315989        0.65622107715001        0.14001161715639
C            0.11397128351880        1.11643839417732        0.29849683998012
C           -2.63448413005377       -1.17581591007636       -0.16467055452199
O           -3.62437905421519       -0.50075199998333       -0.14389230511130
O           -2.65969390644638       -2.51193966245464       -0.27206958446562
C            2.36108461450802       -1.68299396495719        0.03057414183431
C            2.54969560684001       -2.71761344796492       -0.88197806978161
C            3.73387495228485       -3.43124122833004       -0.88545442846447
C            4.74567066039487       -3.16282487006747        0.02972074242096
C            4.53248918372380       -2.13060403800166        0.94581342090418
C            3.37156614490167       -1.38271576368688        0.94183485874522
Cl           5.75110692413864       -1.76969676280364        2.12281971666582
C            6.01908223903287       -3.94312657530685        0.04131984168028
H           -0.23694346501347       -2.55094096166684       -0.31486899776947
H            0.21718751861931        2.18207041733386        0.45991285861725
H           -3.57080987434701       -2.83839683363264       -0.31993451794963
H            1.78267328839650       -2.94044386846752       -1.60901690761053
H            3.88107908597797       -4.21740687543002       -1.61273575165700
H            3.22938719359538       -0.57598212174013        1.64378340481161
H            6.87256728907287       -3.27080761186946       -0.03759785574630
H            6.11607136691013       -4.48715202088014        0.98092361532986
H            6.04995364264181       -4.65306413613896       -0.78092626731107
26
 energy: -48.820431145195 gnorm: 0.006620270692 xtb: 6.7.1 (edcfbbe)
N            1.22602005642650        0.40039168600729        0.32005952908048
C            1.11928767262670       -0.90126863450702        0.05304942962153
C           -0.13166865319735       -1.48718080669957       -0.16231452520271
C           -1.23405503965283       -0.65065802732435       -0.06240402114655
N           -1.11159822294438        0.65650912778345        0.16648941209567
C            0.11305180247529        1.11081689010058        0.33749280378234
C           -2.63482180340678       -1.17170729068850       -0.17956262066901
O           -3.62720666408257       -0.50018344808292       -0.16928932529170
O           -2.65723677192385       -2.50759194584203       -0.29103857908999
C            2.35829493725938       -1.68494548229080        0.02972047626409
C            2.53906134073422       -2.73978031838967       -0.86152581178202
C            3.72330806236571       -3.45301191586793       -0.86349334636042
C            4.74717957587288       -3.16292562218355        0.03146443370470
C            4.54465254927357       -2.11101768932230        0.92705349899804
C            3.38131800413709       -1.36683338097643        0.92130450320114
Cl           5.77545999465428       -1.71892586918284        2.08154418276219
C            6.02155257354372       -3.94284227983786        0.03967290348671
H           -0.24158436734917       -2.54177231032917       -0.35303275336704
H            0.21788731644843        2.17267703794014        0.52090496866956
H           -3.56802106169986       -2.83154273091186       -0.34771738356205
H            1.76667180642112       -2.98188782110337       -1.57715659853522
H            3.85899213716062       -4.25605392533626       -1.57422276423138
H            3.24588767563175       -0.54589951458896        1.60840617413227
H            6.87458038653144       -3.27234438253189       -0.05994683228209
H            6.13063798100021       -4.47485849017868        0.98468766772939
H            6.04164871169418       -4.66402285565532       -0.77377542200835
26
 energy: -48.820647130764 gnorm: 0.006464909802 xtb: 6.7.1 (edcfbbe)
N            1.22347777109224        0.39005107331575        0.35528714753792
C            1.11690716886639       -0.90593923706931        0.05835160585509
C           -0.13491614784011       -1.48192795388234       -0.17835773620673
C           -1.23619323484669       -0.64600673368203       -0.06137632465524
N           -1.11310998893086        0.65458613444657        0.20185878552341
C            0.11221257112977        1.10135592192459        0.38663904431617
C           -2.63503899551517       -1.16587938450001       -0.20234156068983
O           -3.62970837892244       -0.49752814918196       -0.20605404247909
O           -2.65687529361190       -2.50270645824356       -0.31363499114487
C            2.35557913263868       -1.68870450247668        0.02911825056032
C            2.52548906262100       -2.76759702680600       -0.83592945708156
C            3.71041790749625       -3.47891786515209       -0.83627401159881
C            4.74962886913590       -3.16276096533483        0.03238485562130
C            4.56009018650904       -2.08610380893452        0.90095698473560
C            3.39411644003651       -1.34635904900791        0.89438671433005
Cl           5.80875922634903       -1.65604089618945        2.02364736328988
C            6.02449456778675       -3.94216979747579        0.03794269048200
H           -0.24825792276557       -2.53096024289324       -0.39631774953170
H            0.21875191579886        2.15821887503413        0.59808333092371
H           -3.56975163787933       -2.81904730239914       -0.38448342480901
H            1.74571290099874       -3.03346412406954       -1.53562960362107
H            3.83350483892458       -4.30225453849418       -1.52581305174504
H            3.26806410814620       -0.50748758955430        1.56196262834615
H            6.87639281050827       -3.27411791470114       -0.08655952938925
H            6.14786563916854       -4.45661185980972        0.99107797302882
H            6.03168648310573       -4.67848660486303       -0.76255589159881
26
 energy: -48.820832907084 gnorm: 0.004842421919 xtb: 6.7.1 (edcfbbe)
N            1.22042770585692        0.37833770518321        0.39031236340483
C            1.11551169721630       -0.91135301103812        0.06608568895127
C           -0.13751697584623       -1.47833049954427       -0.18855598979529
C           -1.23866836995056       -0.64328825241367       -0.05806190645037
N           -1.11501538751373        0.64939084222802        0.23768686489224
C            0.11064596158734        1.08907609341503        0.43689504131225
C           -2.63497062220797       -1.15994386894437       -0.22300190479405
O           -3.62986018204315       -0.49166956829961       -0.24907878439381
O           -2.65989309844080       -2.49808066607324       -0.33642864710600
C            2.35402871972670       -1.69284267363167        0.02913035861102
C            2.51225940264515       -2.79401148717810       -0.80994252705098
C            3.69813095646415       -3.50300600478417       -0.80941289098459
C            4.75256038768714       -3.16218765315691        0.03140832975466
C            4.57604757389764       -2.06077796521522        0.87107035671223
C            3.40790982484312       -1.32510956360861        0.86567306509992
Cl           5.84496499435209       -1.59495341248953        1.95777356072998
C            6.02700740934759       -3.94149386787890        0.03660809715043
H           -0.25482395989730       -2.52110180295459       -0.43091899244660
H            0.21799656800532        2.14048200819136        0.67360913755641
H           -3.57658979918966       -2.80214491352891       -0.42791335986345
H            1.72379673652470       -3.08245734532842       -1.49078631972598
H            3.81040937730734       -4.34584288895594       -1.47680415994878
H            3.29182641451519       -0.46862967820443        1.51240548921525
H            6.87743375040455       -3.27677684624449       -0.11245698512507
H            6.16303497862358       -4.43541111833862        0.99907539483587
H            6.02264593608510       -4.69473356120547       -0.74800128054214
26
 energy: -48.820973364093 gnorm: 0.003745829967 xtb: 6.7.1 (edcfbbe)
N            1.21708511725550        0.36695745986532        0.42218129767080
C            1.11507767791770       -0.91667382406850        0.07524210335451
C           -0.13881264766923       -1.47755251584071       -0.19223916695455
C           -1.24075100832889       -0.64359390076050       -0.05329420362346
N           -1.11727172131360        0.64122198691723        0.27024272939446
C            0.10812354843581        1.07583793290554        0.48185366349157
C           -2.63456360353934       -1.15397890907755       -0.24618132559090
O           -3.62606682012831       -0.48157545255028       -0.29269235996077
O           -2.66647360465621       -2.49342751037976       -0.35765826649286
C            2.35410172720870       -1.69622505553580        0.02981620770198
C            2.50070260530261       -2.81590424479600       -0.78603166761036
C            3.68744515829320       -3.52300105639316       -0.78604523570128
C            4.75530215986033       -3.16123043244671        0.02818907084985
C            4.59088909328840       -2.03789652742160        0.84038266864716
C            3.42148317795061       -1.30522740095973        0.83832035604673
Cl           5.87973121217688       -1.54360987330678        1.89088193810216
C            6.02874006821293       -3.94070539244410        0.03602617610975
H           -0.25954968133275       -2.51451448936237       -0.45433482094047
H            0.21472576403399        2.12177955357071        0.74202672284123
H           -3.58648907223492       -2.78484644871491       -0.46830767477720
H            1.70241400189078       -3.12273187754574       -1.44626318254926
H            3.79140763744957       -4.38272894044956       -1.43253909499146
H            3.31458487495275       -0.43329161489331        1.46485672494120
H            6.87751405079356       -3.27989806223662       -0.13541494127815
H            6.17432550417180       -4.41269640619649        1.00824887795197
H            6.01562478000876       -4.71134699787819       -0.73089659663356
26
 energy: -48.821065049193 gnorm: 0.003901159263 xtb: 6.7.1 (edcfbbe)
N            1.21392925490438        0.35723883326211        0.44902095146939
C            1.11468526269002       -0.92148966671636        0.08413038872216
C           -0.13937709843063       -1.47924024524875       -0.19209242913553
C           -1.24206953822096       -0.64592720110873       -0.04980875790896
N           -1.11977544377919        0.63257785786931        0.29582423585588
C            0.10491127055963        1.06387763956381        0.51994255787021
C           -2.63445139459075       -1.14827746334197       -0.26477808457041
O           -3.61969414441154       -0.46819981959383       -0.33086004986765
O           -2.67469731135793       -2.48792757635443       -0.37777015567154
C            2.35501606150300       -1.69852181352291        0.03107496372129
C            2.49150593504577       -2.83290442997627       -0.76561847585471
C            3.67869650587064       -3.53917273983307       -0.76723174483992
C            4.75745499277886       -3.16023840972199        0.02406267924900
C            4.60372228852093       -2.01909156536417        0.81304488555691
C            3.43345206203882       -1.28856738909993        0.81512134028072
Cl           5.90937654594509       -1.50323675327279        1.83108566689511
C            6.03019845455804       -3.93974805000272        0.03587876204674
H           -0.26244928252879       -2.51190064657834       -0.46817070869935
H            0.20990427680332        2.10499753282242        0.79789735736117
H           -3.59580292943751       -2.77084076727033       -0.50343849106458
H            1.68369390340353       -3.15340049127196       -1.40637856880018
H            3.77609091685964       -4.41240290190892       -1.39614608391142
H            3.33386950568341       -0.40409420852666        1.42410484466666
H            6.87754091948458       -3.28294525908053       -0.15572462207318
H            6.18312762006932       -4.39084927035990        1.01703094769513
H            6.01044136603904       -4.72657519536260       -0.71383140899397
26
 energy: -48.821129201310 gnorm: 0.003687079444 xtb: 6.7.1 (edcfbbe)
N            1.21071576781645        0.34797314383737        0.47350189045924
C            1.11347717817368       -0.92652709288124        0.09383348374479
C           -0.14022856794251       -1.48225913332149       -0.18935937084465
C           -1.24302796438203       -0.64893102684066       -0.04597726749630
N           -1.12253288900510        0.62431528559038        0.31817921862451
C            0.10125997240804        1.05265117963420        0.55334882346071
C           -2.63478998535229       -1.14178443320888       -0.28466931665112
O           -3.61210885890273       -0.45256353393975       -0.36771447322279
O           -2.68336438188752       -2.48087294155868       -0.39796871734808
C            2.35567833140006       -1.70050580363098        0.03339570974532
C            2.48327528858263       -2.84834378575412       -0.74539778700192
C            3.67089650547601       -3.55402282476204       -0.74958837409172
C            4.75943400438249       -3.15919024346777        0.01992315516992
C            4.61600194766328       -2.00209356795661        0.78743876498186
C            3.44469040443867       -1.27351309202985        0.79367056531394
Cl           5.93732301020250       -1.46471111895254        1.77274119225991
C            6.03185770791021       -3.93886050107925        0.03536575695295
H           -0.26494152756820       -2.51161357901096       -0.47661262090810
H            0.20426885858586        2.08882903406117        0.85162130172297
H           -3.60371395019731       -2.75912756554133       -0.53686387350157
H            1.66619906115718       -3.18129192610349       -1.36699488137771
H            3.76146442185812       -4.43962380498177       -1.36205619938950
H            3.35161820006657       -0.37741926259825        1.38596680785128
H            6.87792875796849       -3.28680572512806       -0.17739816191669
H            6.19257954945797       -4.36890457555188        1.02474480382012
H            6.00533915769029       -4.74166310482299       -0.69676043035855
26
 energy: -48.821168873018 gnorm: 0.002948977486 xtb: 6.7.1 (edcfbbe)
N            1.20780207951375        0.34060450523710        0.49244327743144
C            1.11152029862711       -0.93113578027319        0.10384777808184
C           -0.14166804872594       -1.48589985323464       -0.18246068247089
C           -1.24384294585253       -0.65175489997783       -0.04171331265271
N           -1.12527200953128        0.61800289199171        0.33393356333538
C            0.09756521966773        1.04355758984393        0.57994756670585
C           -2.63533178271221       -1.13587141844949       -0.29980129593887
O           -3.60498488777104       -0.43819719994444       -0.39916845876239
O           -2.69075263527884       -2.47385546776229       -0.41452092915974
C            2.35573644680394       -1.70212331413265        0.03707344807365
C            2.47767569658854       -2.85936201017244       -0.72794225674056
C            3.66576344265846       -3.56440801892315       -0.73528083552809
C            4.76152303408029       -3.15782240151847        0.01643081355512
C            4.62601954474099       -1.98927356453494        0.76694835816867
C            3.45308271333272       -1.26309225839580        0.77737162564829
Cl           5.95816321739190       -1.43458885987210        1.72469225210556
C            6.03358205029021       -3.93844346635428        0.03389005314259
H           -0.26722742211790       -2.51345555240582       -0.47420680975636
H            0.19914905221951        2.07552836912505        0.88670971127674
H           -3.60948861428319       -2.74973005807429       -0.56729237541174
H            1.65406484004658       -3.20162517457847       -1.33427337177170
H            3.75069433207459       -4.45817910619152       -1.33543717366008
H            3.36463636906056       -0.35902981382976        1.35703254328498
H            6.87868512539087       -3.29195105434869       -0.19846550026401
H            6.20216586996020       -4.35023056774790        1.02928402472901
H            6.00003901382593       -4.75452351547502       -0.68267201342325
26
 energy: -48.821166184527 gnorm: 0.004594552217 xtb: 6.7.1 (edcfbbe)
N            1.20428396174766        0.32951284681459        0.52408045513036
C            1.10819309560094       -0.93809806417185        0.11766233979246
C           -0.14482184695892       -1.48854494582713       -0.17994050191468
C           -1.24530369182409       -0.65281603440658       -0.03828381075297
N           -1.12790795391512        0.61209990312001        0.35843539337409
C            0.09416940123134        1.03195397147796        0.61991023780994
C           -2.63627888383008       -1.12714081980962       -0.32351669408582
O           -3.59774395056261       -0.42105547426300       -0.44439076413125
O           -2.69803598570513       -2.46379708214750       -0.43957057208866
C            2.35397313227110       -1.70613481378868        0.04276681799135
C            2.46612247770287       -2.88156649173310       -0.69936574101905
C            3.65535169664212       -3.58467964166014       -0.71054699906040
C            4.76419595022978       -3.15653608385177        0.01343607966198
C            4.64136340673156       -1.96809211537595        0.73794292636022
C            3.46567783611554       -1.24608469501712        0.75291907129644
Cl           5.99093170266092       -1.38179954403499        1.65509656587823
C            6.03686173104152       -3.93684832683151        0.03037647470535
H           -0.27216964220394       -2.51325313237264       -0.48437117262603
H            0.19508991944433        2.05806712978178        0.95211447300097
H           -3.61407731376011       -2.73765478781710       -0.61265608507755
H            1.63292730557453       -3.24195986880499       -1.28435016560966
H            3.72976714146651       -4.49373014244183       -1.29133895493770
H            3.38542534831266       -0.32733444451073        1.31306477250143
H            6.87935782355931       -3.29646074173427       -0.23322805648567
H            6.22121220490549       -4.32248362550007        1.03482518989772
H            5.99073513352287       -4.77242297509308       -0.66470127961256
26
 energy: -48.821201135520 gnorm: 0.002408472451 xtb: 6.7.1 (edcfbbe)
N            1.20477411991280        0.33208562796243        0.51487453909076
C            1.10781655300019       -0.93752631941786        0.11845195311733
C           -0.14519090646883       -1.48953980306934       -0.17418895004015
C           -1.24511752026683       -0.65266567987217       -0.03827464423658
N           -1.12736537107354        0.61451015306339        0.34712694015140
C            0.09462049914236        1.03504580106050        0.60400009265291
C           -2.63603261145306       -1.12802458091027       -0.31915297218313
O           -3.59740119490616       -0.42300307739285       -0.43636727981406
O           -2.69653062158953       -2.46437101922002       -0.43441849803906
C            2.35340969087347       -1.70589932975562        0.04509382755369
C            2.46930495752071       -2.87548121115983       -0.70279792100267
C            3.65885712356532       -3.57799809290652       -0.71515535759319
C            4.76376536463144       -3.15658066774151        0.01441109941083
C            4.63693785502155       -1.97516843080159        0.74540136324850
C            3.46139815262829       -1.25263117270642        0.76048606609882
Cl           5.98155738441277       -1.39509303215203        1.66794026697782
C            6.03674626479778       -3.93679445283038        0.02887990348871
H           -0.27152764097851       -2.51634972651957       -0.47002167179687
H            0.19571394549154        2.06226876275940        0.93369227876547
H           -3.61131767337842       -2.74013670315144       -0.60578099038452
H            1.63915992989643       -3.23160146138986       -1.29219452720343
H            3.73537155463169       -4.48201296889513       -1.30090445502279
H            3.37898181366982       -0.33850664048724        1.32569929723562
H            6.87864522629017       -3.29687669694346       -0.23123363961712
H            6.22125645384193       -4.32661158748859        1.02971884130179
H            5.99146665078767       -4.76789769003337       -0.66891556216153
26
 energy: -48.821214165823 gnorm: 0.001887047717 xtb: 6.7.1 (edcfbbe)
N            1.20485192682660        0.33170572992258        0.51727551624180
C            1.10743290162954       -0.93818682810111        0.12045557727062
C           -0.14591431996199       -1.48919428307444       -0.17241676833150
C           -1.24545045223645       -0.65155810792561       -0.03782558871295
N           -1.12691657597871        0.61605539325645        0.34713720774414
C            0.09505546088388        1.03536353148285        0.60717960435836
C           -2.63590383983267       -1.12757430718130       -0.32073218257598
O           -3.59797319732452       -0.42356438511231       -0.43932671016237
O           -2.69562921198261       -2.46423722870988       -0.43519456417710
C            2.35234466792845       -1.70731300257124        0.04760971719184
C            2.46814002639743       -2.87720581964426       -0.69974827276730
C            3.65788967739662       -3.57921330915018       -0.71270927374296
C            4.76380794674911       -3.15680577774294        0.01509637001960
C            4.63708672149561       -1.97497941535389        0.74553698077379
C            3.46091041758591       -1.25345826133927        0.76161725393639
Cl           5.98189605960736       -1.39376732373645        1.66639251269103
C            6.03746214005533       -3.93592128119937        0.02656976389488
H           -0.27234047437123       -2.51630803788088       -0.46739864206035
H            0.19719536813029        2.06292312412419        0.92689212121612
H           -3.61010899188796       -2.73921842324740       -0.60932661123295
H            1.63863379710998       -3.23399281985574       -1.28943703619276
H            3.73433336743795       -4.48277545234228       -1.29876339731466
H            3.37860204438268       -0.33986294920138        1.32737419390959
H            6.87769286868944       -3.29550683588993       -0.23790140677599
H            6.22630703452378       -4.32376888276260        1.02772009415314
H            5.98989463674723       -4.76849504676294       -0.66970645935589
26
 energy: -48.821233896910 gnorm: 0.002212523872 xtb: 6.7.1 (edcfbbe)
N            1.20364257496259        0.32689825118480        0.53002147286163
C            1.10530441055278       -0.94247033258813        0.13126927189321
C           -0.14858141796764       -1.49019215243319       -0.16506932096050
C           -1.24659657338682       -0.65001013546868       -0.03609240152768
N           -1.12687476375523        0.61708832840115        0.35014429408465
C            0.09482231866330        1.03225319742687        0.61800332530624
C           -2.63584672777262       -1.12327914038632       -0.33082814486226
O           -3.59582340576228       -0.41751892395094       -0.46290461935292
O           -2.69665532151808       -2.45998567956799       -0.44536996669322
C            2.34956159422899       -1.71190403058231        0.05664574880092
C            2.46172433898650       -2.88792705269468       -0.68218436932430
C            3.65257631173398       -3.58779041646579       -0.69891038714839
C            4.76464131589261       -3.15691312054175        0.01545619436238
C            4.64216965021059       -1.96876274731467        0.73667489246496
C            3.46397575834579       -1.25037961741521        0.75715382238514
Cl           5.99451863235978       -1.37413390561074        1.63782093181413
C            6.04026947947566       -3.93300566539293        0.01949197752904
H           -0.27579276351442       -2.51716775307934       -0.45988740746039
H            0.19816744339975        2.05851388586000        0.94210543686148
H           -3.60921428688505       -2.73278681531759       -0.63386524751624
H            1.62923989084544       -3.25249449098227       -1.26380281329474
H            3.72497935403267       -4.49614698463661       -1.27845044578856
H            3.38510504961046       -0.33236882056914        1.31685160423185
H            6.87535517324807       -3.29386206639749       -0.26564463958042
H            6.24460923867851       -4.30754863025872        1.02332632631436
H            5.98402272533579       -4.77496518121760       -0.66558553540192
26
 energy: -48.821253705558 gnorm: 0.002157600796 xtb: 6.7.1 (edcfbbe)
N            1.20279291508444        0.32289708330347        0.54206776022141
C            1.10312638485809       -0.94686890070620        0.14318611566528
C           -0.15146887025248       -1.49124894569379       -0.15805506015279
C           -1.24766004416226       -0.64727818522377       -0.03755140475930
N           -1.12584533896679        0.62055192391220        0.34795481642168
C            0.09554570725404        1.03137311016305        0.62373841467707
C           -2.63520264715075       -1.11882225273429       -0.34281224682911
O           -3.59329215963475       -0.41301929900908       -0.48111020563412
O           -2.69609529492892       -2.45568133514668       -0.45698804615077
C            2.34604009959256       -1.71786402719157        0.06908071249164
C            2.45439637203138       -2.89924989784398       -0.66254792805178
C            3.64668630385445       -3.59636938263828       -0.68441444762931
C            4.76454402999705       -3.15782240697442        0.01679219631729
C            4.64522867930592       -1.96538227052162        0.73161636909561
C            3.46527524366039       -1.24997664762366        0.75777146784135
Cl           6.00519564767195       -1.35930161073132        1.61348268849690
C            6.04346079933915       -3.92845970677209        0.00972463688300
H           -0.27967895173201       -2.51902178524841       -0.45078632899789
H            0.20064556605853        2.05764127078281        0.94983782227359
H           -3.60572812082360       -2.72788449955039       -0.65455714132922
H            1.61896935502662       -3.27030806182501       -1.23664527498846
H            3.71576200429840       -4.50878829547726       -1.25874828748116
H            3.38967279676718       -0.32813953145049        1.31265505227445
H            6.87062179084884       -3.28911142043294       -0.29683027157418
H            6.26666448969914       -4.29050376378276        1.01399348180935
H            5.97964324230464       -4.77822116158278       -0.66448489089214
26
 energy: -48.821270005344 gnorm: 0.001911250761 xtb: 6.7.1 (edcfbbe)
N            1.20224714191709        0.32026610509395        0.54839475096686
C            1.10138579581042       -0.95085058401333        0.15501087096361
C           -0.15366618753262       -1.49302545228964       -0.14747109340221
C           -1.24821807959821       -0.64509565711924       -0.03777361493466
N           -1.12439031929167        0.62449949774626        0.34013397685273
C            0.09663239316191        1.03231542909379        0.62031852679264
C           -2.63421166304488       -1.11535507925096       -0.35018909589446
O           -3.59161147207257       -0.40952991544018       -0.49609548746737
O           -2.69520934247747       -2.45273106392559       -0.46443748962266
C            2.34315846508098       -1.72367328971600        0.08272225139117
C            2.44870662891474       -2.90724686795400       -0.64551373785312
C            3.64205768230233       -3.60227982169841       -0.67296279172360
C            4.76415516934453       -3.15889171576334        0.01798841320187
C            4.64659673613593       -1.96535851517019        0.73108426577077
C            3.46526058872719       -1.25254484114008        0.76391857668457
Cl           6.01162719929471       -1.35447505663863        1.59990009166626
C            6.04650810882227       -3.92343007046724       -0.00135841804160
H           -0.28315576203191       -2.52202539510346       -0.43600523398218
H            0.20313344842725        2.05996291104468        0.94368209309655
H           -3.60324575097324       -2.72338980687115       -0.67166076512638
H            1.61104827938683       -3.28087016177624       -1.21424641627264
H            3.70989361429693       -4.51567272248436       -1.24554451602287
H            3.39103655295948       -0.33049723215828        1.31778859079846
H            6.86480725389817       -3.28247830069090       -0.32733483637908
H            6.28790396349348       -4.27466219827032        1.00244334762097
H            5.97684955504960       -4.77982019503633       -0.66642225908534
26
 energy: -48.821282336547 gnorm: 0.002020030281 xtb: 6.7.1 (edcfbbe)
N            1.20156598456747        0.31643450642476        0.55700562262800
C            1.09934826197708       -0.95618650644605        0.16932942678501
C           -0.15578299860359       -1.49658977662407       -0.13589848425100
C           -1.24826468439255       -0.64407713179707       -0.03944841600047
N           -1.12255749632435        0.62742499072511        0.33089937978994
C            0.09790646740516        1.03271846902623        0.61770900513458
C           -2.63292653635546       -1.11095254889344       -0.36080868053285
O           -3.58829655616314       -0.40336572810575       -0.51191959634834
O           -2.69633854656490       -2.44851689966098       -0.47728789023640
C            2.34048370940543       -1.73084433977802        0.09972146423195
C            2.44253331395326       -2.91628193497722       -0.62504385545608
C            3.63703572183003       -3.60904420317409       -0.66009782754830
C            4.76363775888981       -3.16004322172257        0.01840505421007
C            4.64827390368019       -1.96636582606273        0.73127536836057
C            3.46563868402040       -1.25630400842398        0.77306730169525
Cl           6.02220116920494       -1.34793780742663        1.58268224156402
C            6.05007432275520       -3.91684553043517       -0.01485294157434
H           -0.28798130324835       -2.52639458486865       -0.41827806338456
H            0.20544394120832        2.06237839821962        0.93506998364344
H           -3.60361361134261       -2.71664551503060       -0.69084968843548
H            1.59953125393301       -3.29354192125583       -1.18410866530354
H            3.70268391781608       -4.52509544875495       -1.22939163380521
H            3.39424168656165       -0.33118418442118        1.32333265513832
H            6.85731708887760       -3.27402232600133       -0.36356148281608
H            6.31211721982295       -4.25417813941355        0.98803481123271
H            5.97502732708772       -4.78139878112101       -0.66861508872302
26
 energy: -48.821290865276 gnorm: 0.000808958368 xtb: 6.7.1 (edcfbbe)
N            1.20164389707314        0.31635107724403        0.55624286137359
C            1.09931638361620       -0.95634168846070        0.16855486490417
C           -0.15563066263710       -1.49734885087742       -0.13632557259176
C           -1.24793644354308       -0.64490010873087       -0.03963033352238
N           -1.12256620713597        0.62643450565805        0.33161841879168
C            0.09788782824443        1.03228715630840        0.61805636980615
C           -2.63283407521786       -1.11061861828126       -0.36170905814802
O           -3.58776542763255       -0.40204634357257       -0.50993317178646
O           -2.69752295907962       -2.44776321745019       -0.47935256171282
C            2.34087291462237       -1.73053639690004        0.09876213029422
C            2.44281113489326       -2.91685376298846       -0.62498598191395
C            3.63738437339443       -3.60949363301654       -0.66033467432514
C            4.76431950787878       -3.15925621495331        0.01687775737054
C            4.64893103014684       -1.96517280602785        0.72975136785529
C            3.46617470587659       -1.25558791184082        0.77222905501418
Cl           6.02048573397294       -1.35009045939617        1.58736685940564
C            6.05054737969536       -3.91642696716780       -0.01500532714129
H           -0.28831463013730       -2.52706030225018       -0.41923149691228
H            0.20525219867301        2.06196182006530        0.93466758836994
H           -3.60645206930036       -2.71514842975848       -0.68877760114473
H            1.59968448508777       -3.29451409065455       -1.18234913756962
H            3.70303767412120       -4.52526444131483       -1.22954503937374
H            3.39396267288353       -0.33169884898782        1.32352830526518
H            6.85743634461359       -3.27459923999031       -0.36557384981638
H            6.31316607429180       -4.25089266150299        0.98831884818115
H            5.97540813559998       -4.78227956515176       -0.66685062067498
26
 energy: -48.821295787357 gnorm: 0.001063031918 xtb: 6.7.1 (edcfbbe)
N            1.20196538469899        0.31563129620281        0.55406185044594
C            1.09928179805634       -0.95722105789517        0.16672323639757
C           -0.15544215983453       -1.49887305973780       -0.13783898743373
C           -1.24739053266452       -0.64629224784620       -0.04047036268498
N           -1.12232301837373        0.62472291934165        0.33211413338328
C            0.09822595134596        1.03135910237974        0.61753106972281
C           -2.63369031423873       -1.10977535790608       -0.36032931763288
O           -3.58740207083180       -0.39871795136333       -0.50401696393078
O           -2.70052168624653       -2.44584767216620       -0.48390803055516
C            2.34157239573382       -1.73049443586274        0.09679230398035
C            2.44367773913457       -2.91798333919489       -0.62536332684487
C            3.63868992784563       -3.60994825372421       -0.66138433975904
C            4.76539918944643       -3.15848648458213        0.01530518488709
C            4.64892933690870       -1.96516552379645        0.73006132504048
C            3.46661439647621       -1.25517227505247        0.77133410114121
Cl           6.01783379902944       -1.35343776143602        1.59425313434620
C            6.05204118662825       -3.91499942917867       -0.01513665336641
H           -0.28932864594627       -2.52834299113603       -0.42147499719520
H            0.20515290532729        2.06056095634661        0.93485177143522
H           -3.61217432707937       -2.71124124159342       -0.68678827200035
H            1.59989275719539       -3.29691943183233       -1.17944538276552
H            3.70429201649969       -4.52593988758224       -1.22959323733123
H            3.39322593144657       -0.33219723704946        1.32293264618331
H            6.85778505700580       -3.27463347948701       -0.37047590447307
H            6.31651942919182       -4.24347397537871        0.98924964740244
H            5.97647355324595       -4.78397118046837       -0.66261462839447
26
 energy: -48.821298827326 gnorm: 0.000566956106 xtb: 6.7.1 (edcfbbe)
N            1.20214823319861        0.31471343159362        0.55330765936674
C            1.09927117474515       -0.95797493469245        0.16561879943148
C           -0.15560658374867       -1.49926150546630       -0.13889458576114
C           -1.24745850858361       -0.64653269627593       -0.04066045286660
N           -1.12209909051205        0.62430284129956        0.33231751103524
C            0.09858450254957        1.03069435653637        0.61737621254288
C           -2.63423878127264       -1.10898079739144       -0.36027741052573
O           -3.58796343115631       -0.39700434457921       -0.50002929765367
O           -2.70221605138968       -2.44480537808751       -0.48550261823882
C            2.34146307786873       -1.73145352324164        0.09655875282772
C            2.44408509349582       -2.91877250590557       -0.62553540194219
C            3.63941044175760       -3.61029340151311       -0.66137828756458
C            4.76556789571539       -3.15886711206537        0.01608192417919
C            4.64834038756906       -1.96600531503778        0.73125664819700
C            3.46605808016338       -1.25592165340150        0.77155888205792
Cl           6.01724752220763       -1.35377465214839        1.59501393540574
C            6.05293803514506       -3.91418498896055       -0.01481820258066
H           -0.28994718151630       -2.52857436256860       -0.42271326017313
H            0.20574435288617        2.05992696521743        0.93477247025850
H           -3.61437433857379       -2.70921304377236       -0.68660911656749
H            1.60036391160774       -3.29778843289089       -1.18018510196270
H            3.70559623391878       -4.52603952409129       -1.23013229364792
H            3.39237699771628       -0.33237371702335        1.32254416414023
H            6.85743524440982       -3.27396174641389       -0.37369911349354
H            6.31968592823668       -4.23960618899189        0.99010153008215
H            5.97688685356294       -4.78510777012711       -0.65970334654840
