26
 energy: -48.990347728268 gnorm: 0.076024799140 xtb: 6.7.1 (edcfbbe)
N            1.18740000000000        0.47223000000000        0.17773000000000
C            1.06937000000000       -0.86478000000000        0.03023000000000
C           -0.15933000000000       -1.48273000000000       -0.07974000000000
C           -1.26257000000000       -0.65457000000000       -0.03384000000000
N           -1.18125000000000        0.68766000000000        0.09345000000000
C            0.05299000000000        1.18395000000000        0.19242000000000
C           -2.64901000000000       -1.21033000000000       -0.11227000000000
O           -3.69309000000000       -0.58427000000000       -0.09694000000000
O           -2.66854000000000       -2.55793000000000       -0.20008000000000
C            2.33261000000000       -1.61790000000000        0.01599000000000
C            2.59426000000000       -2.60424000000000       -0.95276000000000
C            3.79637000000000       -3.32303000000000       -0.95250000000000
C            4.76763000000000       -3.07219000000000        0.02027000000000
C            4.51125000000000       -2.09271000000000        0.98030000000000
C            3.32141000000000       -1.36917000000000        0.98009000000000
F            5.42211000000000       -1.83905000000000        1.93109000000000
C            6.05435000000000       -3.83790000000000        0.05484000000000
H           -0.25096000000000       -2.55676000000000       -0.17200000000000
H            0.14749000000000        2.25972000000000        0.29546000000000
H           -3.62817000000000       -2.76450000000000       -0.22612000000000
H            1.86692000000000       -2.81229000000000       -1.73586000000000
H            3.96685000000000       -4.07442000000000       -1.72069000000000
H            3.16980000000000       -0.61254000000000        1.74593000000000
H            6.90630000000000       -3.15034000000000        0.04429000000000
H            6.10081000000000       -4.45528000000000        0.95760000000000
H            6.15071000000000       -4.49883000000000       -0.81284000000000
26
 energy: -48.995078777894 gnorm: 0.026156213233 xtb: 6.7.1 (edcfbbe)
N            1.18628619403306        0.46260018129019        0.18547991080220
C            1.08589781579684       -0.86254460514782        0.03075126881447
C           -0.15498149033815       -1.48133761840776       -0.08788210341196
C           -1.26503637864011       -0.65291771338077       -0.03746450470614
N           -1.16584995994211        0.67344406630127        0.09210466588694
C            0.05912408310103        1.15884341280370        0.19513667419584
C           -2.65085825393221       -1.20302927958260       -0.11141054229368
O           -3.67194625688411       -0.56774215450375       -0.09501772068604
O           -2.67590764589231       -2.54809783458737       -0.20078643662385
C            2.34504304067898       -1.62128246651638        0.01653792531353
C            2.59049120537306       -2.60655209528246       -0.94007623800090
C            3.78535462985002       -3.31096810687022       -0.94401466586932
C            4.76099667737102       -3.07361734987642        0.01669850802759
C            4.50004094601738       -2.09162588223348        0.96882719412710
C            3.32463215075619       -1.36305825501790        0.97214424067130
F            5.41683128923494       -1.83794893880012        1.91828859766251
C            6.04898999768330       -3.83663506628180        0.05022324424977
H           -0.25034945237915       -2.55120748009692       -0.18393670602086
H            0.15153114537333        2.23187715810838        0.29987367547093
H           -3.62136597705133       -2.78724118805089       -0.23123833327039
H            1.85954061498350       -2.80851311695988       -1.71250468329380
H            3.95664215053346       -4.05828421616979       -1.70582051675587
H            3.16999772075851       -0.60748592431480        1.72971087488564
H            6.89741006435306       -3.15194984887910        0.05560669623301
H            6.10461311521944       -4.44171699270267        0.95564379146304
H            6.13858257394235       -4.49520868484065       -0.81282481687108
26
 energy: -48.996049868671 gnorm: 0.007922432514 xtb: 6.7.1 (edcfbbe)
N            1.18632339894804        0.45624715871356        0.19961914899556
C            1.09599978195183       -0.86101203290656        0.03375724550724
C           -0.15084389584402       -1.48064377920633       -0.09836501794734
C           -1.26576339569200       -0.65246959549296       -0.04197700989237
N           -1.15625163797939        0.66533099279047        0.09373143654497
C            0.06361826257088        1.14597568256922        0.20353843183344
C           -2.65417106403463       -1.19668389645903       -0.11685254365272
O           -3.66112313697991       -0.54811829972691       -0.09540901571353
O           -2.67816002873841       -2.54042548027830       -0.20456666607334
C            2.35019874959990       -1.62591886043210        0.01972862483487
C            2.58302582480566       -2.61252151885236       -0.93169143085395
C            3.77518600889112       -3.31109383268912       -0.93659110726983
C            4.75775715845141       -3.07557745049132        0.01475229340483
C            4.49628647751731       -2.08712386909478        0.95969041498940
C            3.32862208966240       -1.35468478665828        0.96858190438991
F            5.42225156578066       -1.83178076321278        1.90564370940833
C            6.04548786241021       -3.83552002229833        0.04765623154788
H           -0.24780796714081       -2.54786662278390       -0.20441607626862
H            0.15470795924376        2.21844300712329        0.31359314100285
H           -3.61007364153980       -2.81708464038562       -0.23725782567793
H            1.84275710252489       -2.81515986363935       -1.69094992148222
H            3.94835867746334       -4.05946503899396       -1.69409179854659
H            3.17605940065165       -0.59063682868299        1.71372334853605
H            6.88980535944628       -3.14851307777868        0.05748961553582
H            6.10444918158571       -4.43246461798319        0.95704106595925
H            6.12900990644395       -4.49343196314969       -0.81232819911194
26
 energy: -48.996275430372 gnorm: 0.006262613965 xtb: 6.7.1 (edcfbbe)
N            1.18679279676218        0.45468679830158        0.21368084475546
C            1.09816256500831       -0.86025906818478        0.03627956242706
C           -0.14910416178821       -1.48006314464405       -0.10690537846149
C           -1.26529335631536       -0.65259798491852       -0.04629194845590
N           -1.15447713927445        0.66400006651895        0.09745357406816
C            0.06445468390057        1.14459217387424        0.21548933106225
C           -2.65603100144657       -1.19437101413327       -0.12066800284698
O           -3.65814572447973       -0.53840885035423       -0.09853550357688
O           -2.67698199576423       -2.53656868981622       -0.21122996322542
C            2.35024411996552       -1.62737969466823        0.02210894284084
C            2.57523859436481       -2.62120681743205       -0.92384384054472
C            3.76824609390813       -3.31848935230881       -0.93046954643405
C            4.75626485197343       -3.07670574223302        0.01438073735140
C            4.49844146414069       -2.08136760221741        0.95360531908547
C            3.33339839763360       -1.34588962626160        0.96449337613907
F            5.43255682939604       -1.82171588120710        1.89357717502392
C            6.04400430206441       -3.83485776604306        0.04665389724792
H           -0.24571743663252       -2.54624262072155       -0.22310175931974
H            0.15491383620391        2.21699623772522        0.33039603109223
H           -3.60138004778190       -2.83466781280439       -0.24556803336697
H            1.82840150912288       -2.82688162608111       -1.67543892454421
H            3.94048468339146       -4.07169026454333       -1.68422167900212
H            3.18377844474752       -0.57382770412686        1.70140452540064
H            6.88682334540457       -3.14605458833239        0.05319187492852
H            6.10502604186677       -4.42798996176832        0.95865397242996
H            6.12560830362816       -4.49523946361969       -0.81104458407440
26
 energy: -48.996485001424 gnorm: 0.004677288749 xtb: 6.7.1 (edcfbbe)
N            1.18703327170444        0.45273505778783        0.23886009359948
C            1.09856861431723       -0.85967033557801        0.03975831949599
C           -0.14751606414654       -1.47817406580691       -0.12231029438315
C           -1.26397102564125       -0.65234666856811       -0.05280736081946
N           -1.15409534564515        0.66376998233618        0.10747216401492
C            0.06434933988090        1.14467269376717        0.23833552641127
C           -2.65785423152646       -1.19134690908994       -0.13262631784613
O           -3.65542765552556       -0.52799343333290       -0.10658839452780
O           -2.67374472606497       -2.53099772156109       -0.22379802623383
C            2.34881714099486       -1.62817820120015        0.02488035429358
C            2.56295895825838       -2.63705309831819       -0.90942147008295
C            3.75666257055873       -3.33488779787518       -0.91818479287032
C            4.75396871429012       -3.07804806296242        0.01435362551749
C            4.50491461781175       -2.06914788098153        0.94221647019819
C            3.34198795211774       -1.33069896330365        0.95479612981362
F            5.45183632996493       -1.79967546462044        1.87009897109422
C            6.04244974546005       -3.83352932620536        0.04542366106251
H           -0.24310577803983       -2.54266576351462       -0.25669735242915
H            0.15406484563197        2.21606376406237        0.36636218021775
H           -3.58824650597176       -2.85547304881902       -0.25857853067072
H            1.80624701902238       -2.85168998745330       -1.64894927247633
H            3.92403521269638       -4.09913386030726       -1.66348932507537
H            3.19771715347128       -0.54528113526309        1.67877209127195
H            6.88396511059862       -3.14255190133371        0.04325754394184
H            6.10796120941199       -4.42118549654206        0.96120343427586
H            6.12213352636977       -4.49971237531659       -0.80828942779339
26
 energy: -48.996604536770 gnorm: 0.004934522088 xtb: 6.7.1 (edcfbbe)
N            1.18651344372937        0.45066362614969        0.25809204946143
C            1.09746084980418       -0.85988150135082        0.04193532070529
C           -0.14733796115278       -1.47569026509468       -0.13401065086528
C           -1.26307562027106       -0.65118262645247       -0.05684123849838
N           -1.15476820717067        0.66421265534733        0.11839914908365
C            0.06356924831199        1.14407292328186        0.25960348872946
C           -2.65843071996123       -1.18968913330630       -0.13965729123685
O           -3.65495080592712       -0.52456081391346       -0.11607560222139
O           -2.67074106604964       -2.52754915126408       -0.23549441807255
C            2.34735725798994       -1.62805845562202        0.02577985668960
C            2.55439034211383       -2.65018331769551       -0.89689190814120
C            3.74778183581228       -3.34938809148376       -0.90652970413064
C            4.75269651986649       -3.07858247743332        0.01447843579236
C            4.51181286398413       -2.05740369540086        0.93139242039268
C            3.34902450390453       -1.31879466947314        0.94412973106425
F            5.46751439108030       -1.77735458092121        1.84800668185896
C            6.04201979603756       -3.83257358549284        0.04463798468507
H           -0.24242705851902       -2.53852341880392       -0.28239069862388
H            0.15325473376522        2.21410440674663        0.39843641939486
H           -3.58015421951039       -2.86309454879404       -0.27269385532077
H            1.79154779179002       -2.87453815491985       -1.62763110590815
H            3.90856581028277       -4.12444893027748       -1.64274132715747
H            3.20930058356358       -0.52330447491383        1.65829695469101
H            6.88307196998901       -3.14067772812487        0.03432113170007
H            6.11183504835399       -4.41574063820548        0.96320487697684
H            6.11987866818274       -4.50403335258155       -0.80570670104890
26
 energy: -48.996755659255 gnorm: 0.005842159135 xtb: 6.7.1 (edcfbbe)
N            1.18547522767194        0.44711887014828        0.27859557149761
C            1.09544872433771       -0.86115483291901        0.04409030610183
C           -0.14832496731796       -1.47219144359157       -0.14615176427722
C           -1.26274403669539       -0.64879702230642       -0.05929795139035
N           -1.15588031132370        0.66495914028074        0.13415614416158
C            0.06273580214214        1.14208267708475        0.28458312124084
C           -2.65841937689655       -1.18752192632760       -0.15168136243591
O           -3.65609235428937       -0.52404365268783       -0.13101071972978
O           -2.66771181238272       -2.52455770699981       -0.24792855419090
C            2.34545312022293       -1.62830653727958        0.02584955572436
C            2.54566974064271       -2.66592194886456       -0.88174374922241
C            3.73850703259538       -3.36638074143194       -0.89164572742937
C            4.75212732081696       -3.07887310567022        0.01480513502282
C            4.52063814819568       -2.04301970928829        0.91775388996722
C            3.35677282002376       -1.30604662025328        0.92960990893093
F            5.48481388797532       -1.74817288282232        1.82005870667223
C            6.04273174323908       -3.83131827481727        0.04366201416792
H           -0.24374365591261       -2.53269134826162       -0.31014169576502
H            0.15305020784541        2.20989829058811        0.43861522539810
H           -3.57459367812041       -2.86334565040702       -0.28783883912302
H            1.77773673147043       -2.90305018415098       -1.60340332548697
H            3.89050146113293       -4.15435528710469       -1.61601239711755
H            3.22231798253572       -0.49983580169645        1.63301502721422
H            6.88328757072239       -3.13871724091441        0.02436836776341
H            6.11779279987030       -4.40964688373731        0.96486142465748
H            6.11815987149789       -4.50831017656969       -0.80311831235193
26
 energy: -48.996974291775 gnorm: 0.006983866137 xtb: 6.7.1 (edcfbbe)
N            1.18376479432473        0.44054965758524        0.30677754524700
C            1.09285928524803       -0.86404723841571        0.04783439090884
C           -0.15071593518676       -1.46710318229799       -0.16088143070793
C           -1.26344961588185       -0.64451992938585       -0.06066241616212
N           -1.15729551435031        0.66547941494149        0.15959009866769
C            0.06198543444139        1.13697705934497        0.32274325259156
C           -2.65810943163959       -1.18426239796214       -0.16684895138014
O           -3.65882030420393       -0.52513407040508       -0.15827738718645
O           -2.66439227932035       -2.52128422002926       -0.26551846059898
C            2.34295310095458       -1.62985075742282        0.02542878299774
C            2.53359308760695       -2.68944615240167       -0.85926080567487
C            3.72597877615927       -3.39038953667738       -0.86880371738180
C            4.75250194476111       -3.07904275280609        0.01506552485916
C            4.53416166256005       -2.02126937229101        0.89608923170122
C            3.36814162301934       -1.28766415401676        0.90628011641048
F            5.51001076130966       -1.70165514015649        1.77553909132839
C            6.04473593870627       -3.82975333041552        0.04205333832555
H           -0.24803580717301       -2.52380722163302       -0.34617915078259
H            0.15384397052518        2.20131323365564        0.49785079362803
H           -3.57149506185144       -2.85647563540740       -0.31431403594712
H            1.75904173712469       -2.94663917623146       -1.56742670095541
H            3.86525435644033       -4.19694259103347       -1.57484535613857
H            3.24207391785492       -0.46569188994088        1.59348011377547
H            6.88449980473533       -3.13658130332355        0.01092667549879
H            6.12693132084981       -4.40082133545716        0.96699980756279
H            6.11569243298561       -4.51413797781661       -0.79959035058660
26
 energy: -48.997208196051 gnorm: 0.006870421618 xtb: 6.7.1 (edcfbbe)
N            1.18156325296690        0.43079727949442        0.34204663901929
C            1.09085050611714       -0.86850450222678        0.05377065651666
C           -0.15376707871743       -1.46189291997964       -0.17558996956766
C           -1.26537463159346       -0.63985769632605       -0.05930806535125
N           -1.15860911868367        0.66396071989460        0.19446994386543
C            0.06147919752088        1.12806351326554        0.37157377013655
C           -2.65771981018599       -1.17930982153017       -0.19022412589160
O           -3.66133661947266       -0.52433656248545       -0.19819892799834
O           -2.66293352889593       -2.51760461935237       -0.28647786117954
C            2.34052774082730       -1.63328518026431        0.02491217794433
C            2.51822594632744       -2.71969322597881       -0.83034373900682
C            3.71100124840809       -3.41931842032943       -0.83918967227432
C            4.75421557156859       -3.07886952064330        0.01454119749824
C            4.55143977983981       -1.99304136556477        0.86584799086241
C            3.38307371312063       -1.26343799243330        0.87478637061620
F            5.54287265764408       -1.64009601498637        1.71421138193311
C            6.04761781144776       -3.82818013576147        0.03995363420693
H           -0.25468443040714       -2.51337325419637       -0.38706674098086
H            0.15505304893031        2.18768196780364        0.57484373612797
H           -3.57277973602491       -2.84435603357672       -0.35021645382584
H            1.73460798421102       -3.00223889607369       -1.51943838461473
H            3.83614082227149       -4.24851204071331       -1.52135235515975
H            3.26831747381225       -0.42078184535783        1.53964370878400
H            6.88646645298633       -3.13489143005610       -0.00500859310319
H            6.13742561917170       -4.38908981498010        0.97032794837659
H            6.11203612680946       -4.52203218764181       -0.79446426693363
26
 energy: -48.997400479962 gnorm: 0.005248297294 xtb: 6.7.1 (edcfbbe)
N            1.17882957484650        0.42009519218686        0.37597491852290
C            1.08986744594591       -0.87335925447133        0.06162397765561
C           -0.15625727858884       -1.45837912456003       -0.18389766296756
C           -1.26783219662145       -0.63708915130361       -0.05531613644830
N           -1.16040739152098        0.65929058582533        0.22979717560879
C            0.06014536740353        1.11660171482358        0.42105817706672
C           -2.65722893975049       -1.17427266535548       -0.21097697506021
O           -3.66156851354313       -0.52028256915182       -0.24394757657519
O           -2.66499299707034       -2.51426651092167       -0.30699082397745
C            2.33939294088219       -1.63670449455071        0.02430071394234
C            2.50413921106733       -2.74782713939191       -0.80123616467735
C            3.69785555445927       -3.44525563589712       -0.80935236261732
C            4.75735314037598       -3.07775828915771        0.01255297085647
C            4.56873125566821       -1.96468297339546        0.83182918758468
C            3.39849179283937       -1.23864508863721        0.84112088717931
F            5.57574076999394       -1.57943297186214        1.64757472585368
C            6.05040368354171       -3.82740537068865        0.03786879411868
H           -0.26132319628146       -2.50415653985781       -0.41796800601077
H            0.15450736329940        2.17110508704014        0.64904803961512
H           -3.57915505491969       -2.82853616273586       -0.39227198511746
H            1.71055822344142       -3.05483384399546       -1.46827466823812
H            3.81110489204778       -4.29602442110483       -1.46653488797532
H            3.29492352340960       -0.37612373805236        1.48205227751803
H            6.88926757265615       -3.13557566609786       -0.02064570264171
H            6.14567433479349       -4.37686088725719        0.97459585089194
H            6.10748892162459       -4.53182008142967       -0.78793474410728
26
 energy: -48.997534669216 gnorm: 0.003411569042 xtb: 6.7.1 (edcfbbe)
N            1.17604224266630        0.41110852127555        0.40189575030795
C            1.08990667337484       -0.87737208629461        0.06933280673181
C           -0.15738136691359       -1.45807440898126       -0.18489358430367
C           -1.26991291873417       -0.63756241550758       -0.05023150425752
N           -1.16241793858059        0.65217388172361        0.25797079821739
C            0.05793471754651        1.10549322148329        0.45924850616486
C           -2.65688980361688       -1.16957031933601       -0.23111297630638
O           -3.65794878417432       -0.51193488625403       -0.28412055987348
O           -2.67102992392528       -2.51105357110907       -0.32346247918616
C            2.34000433718436       -1.63880916485353        0.02386386958164
C            2.49427880539145       -2.76779746493136       -0.77775356694761
C            3.68900620534044       -3.46308512607577       -0.78566529584853
C            4.76097361894155       -3.07585551458488        0.00937312691155
C            4.58231166815265       -1.94235793324264        0.80117803779741
C            3.41109665895942       -1.21863296613208        0.81285331516478
F            5.60155594139020       -1.53438939826478        1.58992752847310
C            6.05245480164878       -3.82719523518124        0.03640235750851
H           -0.26573636901081       -2.49933530188974       -0.43419662326595
H            0.15148207643720        2.15542138153754        0.70750190935147
H           -3.58829125178099       -2.81438717594083       -0.42619978705877
H            1.69172161371462       -3.09249747948321       -1.42400839765597
H            3.79500929510631       -4.32976486041749       -1.42207033185626
H            3.31585988764312       -0.34111843728354        1.43302806725720
H            6.89239067206497       -3.13819346266278       -0.03325075519466
H            6.15022835992563       -4.36589071952935        0.97927418244007
H            6.10306078124831       -4.54151907806412       -0.78083439415248
26
 energy: -48.997620793189 gnorm: 0.004193847998 xtb: 6.7.1 (edcfbbe)
N            1.17322790723914        0.40193795063823        0.42939436211731
C            1.08951613251429       -0.88184517421025        0.07749973513739
C           -0.15835089335996       -1.45974189524448       -0.18570895879947
C           -1.27149488012850       -0.63954489849715       -0.04701049623426
N           -1.16463041474684        0.64423826623032        0.28484367052798
C            0.05518854318382        1.09425458898021        0.49911484723634
C           -2.65749802541267       -1.16368068612944       -0.25068740413030
O           -3.65202023098233       -0.49809372757463       -0.32425490779694
O           -2.67963602262597       -2.50541517405700       -0.34313271498367
C            2.34081310492080       -1.64086192809890        0.02429051861230
C            2.48394945876227       -2.78859509607767       -0.75318980097415
C            3.67932832919027       -3.48244408944983       -0.76160980902083
C            4.76431590208544       -3.07395086311178        0.00584950729846
C            4.59665397889917       -1.91937480264003        0.76955712654987
C            3.42430657753155       -1.19805759013908        0.78485776296708
F            5.62967600578378       -1.48931935406575        1.52992366577460
C            6.05481341853495       -3.82602235143478        0.03480824499548
H           -0.26950354305555       -2.49717481692061       -0.44989611396429
H            0.14743071614992        2.13950266382933        0.76708883757781
H           -3.59716481447871       -2.80280271614029       -0.46094161856474
H            1.67113856481716       -3.13076521844039       -1.37689554028108
H            3.77777099427202       -4.36569527222558       -1.37689882191295
H            3.33707878966139       -0.30481827007363        1.38319731132142
H            6.89578893444720       -3.13973487029622       -0.04734309815714
H            6.15579662773612       -4.35305649774426        0.98426374603290
H            6.09921483906127       -4.55113817710625       -0.77307005132877
26
 energy: -48.997672502304 gnorm: 0.004813374884 xtb: 6.7.1 (edcfbbe)
N            1.17015284078537        0.39482132764363        0.44508676638682
C            1.08898145791394       -0.88581074245735        0.08622601974938
C           -0.15868119737372       -1.46464209173847       -0.17606048932719
C           -1.27251734975175       -0.64435255239797       -0.04098875457535
N           -1.16770235201266        0.63494781564887        0.30218248523078
C            0.05102758136641        1.08390036240985        0.52407314655985
C           -2.65832403507904       -1.15806129751305       -0.26548566549250
O           -3.64322583592847       -0.48106709872426       -0.35832182938158
O           -2.69106282717286       -2.49931524513627       -0.35841826113143
C            2.34287607714710       -1.64102943312814        0.02528082744643
C            2.47965341496545       -2.79894889260034       -0.73503194296689
C            3.67538570760266       -3.49198375326676       -0.74499684150014
C            4.76776425145847       -3.07141479901511        0.00138674150063
C            4.60696239780299       -1.90420157071460        0.74280456073028
C            3.43377446999829       -1.18446277521793        0.76314732921232
F            5.64878117548181       -1.46289172821929        1.48106434193079
C            6.05652907486559       -3.82555711981517        0.03358106877940
H           -0.27132994724537       -2.49988727224426       -0.44382992028482
H            0.14061607632796        2.12482298616171        0.80558766917407
H           -3.60785147352626       -2.79200148514195       -0.48974931126229
H            1.65906208014913       -3.15165410771808       -1.33884378196144
H            3.76985380860729       -4.38533872087107       -1.34384814558538
H            3.35093353570976       -0.28236290661072        1.34478677046234
H            6.89934852282146       -3.14324039700595       -0.05917175170647
H            6.15858722158794       -4.34193820224807        0.98879923085495
H            6.09611532349853       -4.56053030007915       -0.76521026284219
26
 energy: -48.997702794871 gnorm: 0.004844558000 xtb: 6.7.1 (edcfbbe)
N            1.16738612314855        0.38525191844867        0.47303422159770
C            1.08674952066420       -0.89144834136517        0.09626692680632
C           -0.16088792655998       -1.46683335719322       -0.17564694189583
C           -1.27370964560469       -0.64585490692935       -0.03711489359326
N           -1.17002902324910        0.62873628274348        0.32797191397455
C            0.04828662598222        1.07348822115804        0.56266524773756
C           -2.65963326848750       -1.15072971786229       -0.28802535936116
O           -3.63738681751360       -0.46583980443555       -0.39940236280785
O           -2.69901561993190       -2.49126354236744       -0.37941270792898
C            2.34219173270785       -1.64380668815039        0.02776967555658
C            2.46850178577177       -2.82162060151539       -0.70772833667426
C            3.66481070127785       -3.51348617816565       -0.71978028285533
C            4.77023299829279       -3.07004201598352       -0.00167703090273
C            4.62214565268170       -1.88125590131592        0.71150721458075
C            3.44710908169557       -1.16457264536930        0.73532743257048
F            5.67872555840267       -1.41610379660909        1.41886186677015
C            6.05948204894566       -3.82336145064391        0.03097135668684
H           -0.27580210038698       -2.49904371541246       -0.45702868372518
H            0.13715826824773        2.10936016327278        0.86668498498139
H           -3.61420381616476       -2.78185493334649       -0.52707797894940
H            1.63811036444314       -3.19278395895737       -1.28916973792314
H            3.74970509036991       -4.42353516279323       -1.29744419379332
H            3.37262883733030       -0.24594360958060        1.29496788294070
H            6.90221768030798       -3.14258937628574       -0.07663418342729
H            6.16757759908342       -4.32761475227912        0.99245231559185
H            6.09335854854528       -4.56945212906164       -0.75828834595667
26
 energy: -48.997723921874 gnorm: 0.002328693212 xtb: 6.7.1 (edcfbbe)
N            1.16812205614599        0.38740898832718        0.46732446489759
C            1.08623083665544       -0.89092026356610        0.09565337864404
C           -0.16129519181449       -1.46688493808998       -0.17429057745350
C           -1.27333308165963       -0.64513767781812       -0.03801049333227
N           -1.16943700559122        0.63141256652373        0.32056985321972
C            0.04901986346854        1.07638073319470        0.55369579393621
C           -2.65945012887793       -1.15167000433769       -0.28340764692375
O           -3.63818998163574       -0.46878496900623       -0.39017390152968
O           -2.69671591083667       -2.49175399028548       -0.37522290035322
C            2.34139506496768       -1.64377530994460        0.02882096825387
C            2.47077526543608       -2.81705468613412       -0.71203533162181
C            3.66712134802796       -3.50897624583439       -0.72489119567761
C            4.76924148766071       -3.07052200131056       -0.00087182493272
C            4.61852831235668       -1.88730928430431        0.71886134046166
C            3.44353898741365       -1.17034953432357        0.74193025806356
F            5.67140895111223       -1.42726965446713        1.43186699545620
C            6.05928684398657       -3.82308688094412        0.03064509583416
H           -0.27537600532396       -2.50061666204809       -0.45073015938054
H            0.13867711922473        2.11328650553072        0.84967523861320
H           -3.61117512609836       -2.78431650372496       -0.52079754277147
H            1.64321846419553       -3.18434630971509       -1.29856630124094
H            3.75327370608474       -4.41458937769568       -1.30748149922815
H            3.36720689786426       -0.25562496159643        1.30671430411405
H            6.90118781276883       -3.14134235525310       -0.07526832901781
H            6.16800611095092       -4.32950473556800        0.99049535315407
H            6.09444330351751       -4.56685244760847       -0.76045534118445
26
 energy: -48.997739794920 gnorm: 0.001408731557 xtb: 6.7.1 (edcfbbe)
N            1.16776446667434        0.38533437459785        0.47156000961930
C            1.08462307997147       -0.89330502126697        0.10104528115114
C           -0.16292538642048       -1.46810434694473       -0.16917551628593
C           -1.27357661117931       -0.64495949244301       -0.03611438697632
N           -1.16960633113323        0.63185453443655        0.32099060882923
C            0.04885760309574        1.07497348699813        0.55675640527989
C           -2.65986213568423       -1.14945604010363       -0.28657940291319
O           -3.63689899658423       -0.46504451103724       -0.40099200601534
O           -2.69786493582354       -2.48893464799865       -0.37884242588604
C            2.34003039544532       -1.64548098177039        0.03248148176697
C            2.46851220399754       -2.82143069844549       -0.70395151331656
C            3.66543137874381       -3.51241805136267       -0.71942547496659
C            4.76951134378073       -3.07026275571967       -0.00148991246905
C            4.62104956959071       -1.88466085732970        0.71371136879209
C            3.44518067679844       -1.16895556139965        0.73789851070482
F            5.67581843757267       -1.42011806090945        1.41904398174962
C            6.06077502413491       -3.82148633949767        0.02791997007045
H           -0.27702859554713       -2.50226463553504       -0.44391521235837
H            0.13918858030684        2.11092881319139        0.85609763921275
H           -3.61102487809220       -2.78136760065656       -0.53266315951096
H            1.63967952130098       -3.19274020980802       -1.28607998741809
H            3.74868263786584       -4.42012131454764       -1.29834248278079
H            3.37010204834865       -0.25273020173634        1.29979132169488
H            6.90137233134645       -3.13908150997726       -0.08342998688358
H            6.17367298859832       -4.32469587626026        0.98876279645833
H            6.09424558289167       -4.56767249447373       -0.76100790754823
26
 energy: -48.997757550976 gnorm: 0.003393927946 xtb: 6.7.1 (edcfbbe)
N            1.16631802224204        0.37746465458637        0.49156626374937
C            1.08080330345930       -0.90066752502759        0.11694606316237
C           -0.16734238533874       -1.47130006752717       -0.15784103435029
C           -1.27494279310879       -0.64418128548660       -0.03268178628111
N           -1.16992436541554        0.63191652850878        0.32931123290513
C            0.04837194247075        1.06899278272371        0.57764228376665
C           -2.66102747820204       -1.14199685768087       -0.30490677563265
O           -3.63192171208866       -0.45259258345532       -0.43582866198457
O           -2.70289375823292       -2.48046691158082       -0.39574440797867
C            2.33622844496763       -1.65196673427651        0.04398945896888
C            2.45890241830072       -2.83959500769984       -0.67514388166338
C            3.65760046984611       -3.52744207460422       -0.69776285417553
C            4.77065492026475       -3.07004245775718       -0.00314494096585
C            4.63020496644412       -1.87293590867739        0.69409804786170
C            3.45166087062091       -1.16141260081439        0.72315692326248
F            5.69469003206745       -1.38964199157713        1.37117281292657
C            6.06548142178854       -3.81646039386809        0.01902983754855
H           -0.28249297424788       -2.50559897452008       -0.43165316849454
H            0.14069379236442        2.10207314345518        0.88229543935460
H           -3.61217830421372       -2.77165104029297       -0.56858415700853
H            1.62473084438889       -3.22386816634310       -1.24112647902887
H            3.73296113336055       -4.44361946984746       -1.26317092779454
H            3.38281020357675       -0.23542836361468        1.27107591211377
H            6.90204329834252       -3.13196452212588       -0.11059656557673
H            6.19194357040191       -4.30839015583309        0.98406894873034
H            6.09233411594108       -4.57142401666346       -0.76211758341469
26
 energy: -48.997768788551 gnorm: 0.002434236119 xtb: 6.7.1 (edcfbbe)
N            1.16585343165809        0.37533902878286        0.49640317967838
C            1.08026908309346       -0.90276874727118        0.12240222877222
C           -0.16834444091268       -1.47219930349510       -0.15330001654840
C           -1.27553076447738       -0.64355292140154       -0.03230176716443
N           -1.16956818642484        0.63244371565098        0.32885858723452
C            0.04858441925814        1.06791981912996        0.57948192234922
C           -2.66092631119046       -1.13992793665664       -0.30958638818216
O           -3.63045738465726       -0.44931057611713       -0.44606534027903
O           -2.70405283505265       -2.47863650761338       -0.40042959503793
C            2.33538627384031       -1.65431797684147        0.04885099578692
C            2.45584097694098       -2.84500240687192       -0.66574771376511
C            3.65529290685812       -3.53142168332536       -0.69086584517579
C            4.77132454657554       -3.06983484214730       -0.00360101626088
C            4.63231908944837       -1.86988737821233        0.68944013948797
C            3.45314175627087       -1.15962576708379        0.72103688997102
F            5.69882211481464       -1.38275152476475        1.35926740083927
C            6.06716225538460       -3.81437569093096        0.01460241690091
H           -0.28414297044265       -2.50663481077749       -0.42679232690874
H            0.14133243253798        2.10089126158084        0.88871310355127
H           -3.61256406731258       -2.76840957375845       -0.57900222557461
H            1.61927880152628       -3.23326672165361       -1.22632666168445
H            3.72902738580777       -4.45071668176429       -1.25238839806636
H            3.38540167565368       -0.23240033022861        1.26621172876491
H            6.90198653782463       -3.12899014301724       -0.12090320989039
H            6.19887732775300       -4.30318725501842        0.98048917004052
H            6.09139594522422       -4.57157504619347       -0.76439725883838
26
 energy: -48.997784679987 gnorm: 0.001635474797 xtb: 6.7.1 (edcfbbe)
N            1.16518328460936        0.37172406793485        0.50430911639417
C            1.07948651336117       -0.90657622162633        0.13211842471090
C           -0.17011273715588       -1.47389284390441       -0.14506141788793
C           -1.27667614652540       -0.64208667510713       -0.03239397426527
N           -1.16855411966398        0.63407736262600        0.32588863398515
C            0.04937620240837        1.06680785985841        0.58139008439148
C           -2.66037478285245       -1.13646346756581       -0.31692097897478
O           -3.62829275024206       -0.44445822564678       -0.46140310778252
O           -2.70555384874695       -2.47596437591907       -0.40841658054868
C            2.33348078120209       -1.65981792716404        0.05948023098198
C            2.45051146010470       -2.85421390673161       -0.64904760418535
C            3.65105541229611       -3.53829481577684       -0.67843770774162
C            4.77197124649510       -3.07040682542119       -0.00345424992165
C            4.63439982595764       -1.86720201369112        0.68475763591142
C            3.45405790732399       -1.15930439018690        0.72197376635676
F            5.70581103807816       -1.37233811855714        1.34145674508640
C            6.07014681508960       -3.81030195694352        0.00541708068541
H           -0.28770762422772       -2.50861474381154       -0.41700671392915
H            0.14307774076160        2.10049891718989        0.89014908169744
H           -3.61344249216469       -2.76253921810147       -0.59548354003268
H            1.61120461309607       -3.24613486993802       -1.20217679189295
H            3.72458803785503       -4.45982200598842       -1.23624740680315
H            3.38877654760195       -0.22898966817285        1.26233071786749
H            6.90123393354317       -3.12274225174112       -0.14072157742631
H            6.21278630589461       -4.29456943565882        0.97201286242430
H            6.08927683590064       -4.57057424995478       -0.77046272910041
26
 energy: -48.997792306503 gnorm: 0.003477683262 xtb: 6.7.1 (edcfbbe)
N            1.16476957854428        0.36893499119963        0.51131265714944
C            1.07846340503665       -0.91032207490662        0.14236488389414
C           -0.17188723108881       -1.47575113560050       -0.13792331051539
C           -1.27746152268726       -0.64000394167276       -0.03479248570903
N           -1.16689325428481        0.63748941723564        0.31866289714667
C            0.05083072796418        1.06777872734620        0.57963749953613
C           -2.65920660906354       -1.13302775532429       -0.32549286632138
O           -3.62641750106629       -0.44145327433492       -0.46997373290641
O           -2.70561393242637       -2.47329819230461       -0.41846283905904
C            2.33141162936408       -1.66567812329281        0.07279511174781
C            2.44576457607623       -2.86215352628548       -0.63226056845446
C            3.64774017756200       -3.54323513353507       -0.66697279410904
C            4.77302068551046       -3.06987936371044       -0.00350384954684
C            4.63578799261165       -1.86595520765706        0.68378420714122
C            3.45403132276797       -1.16105907629094        0.72866545028633
F            5.70945889711618       -1.36896767030868        1.33209251623658
C            6.07357928419050       -3.80471555155286       -0.00660430391808
H           -0.29199905914700       -2.51108389012640       -0.40631189866139
H            0.14579103242284        2.10359355548935        0.87973693556914
H           -3.61330622063780       -2.75723213421624       -0.60770925619930
H            1.60182334662134       -3.25939821399902       -1.17662568489660
H            3.72053111530921       -4.46854739571405       -1.22145942913780
H            3.38923313031925       -0.23125144931884        1.26791856590241
H            6.89996670655275       -3.11432364255568       -0.16481564477184
H            6.22973194383724       -4.28504455238845        0.95990025638423
H            6.08655977859538       -4.56761538617480       -0.77991231678700
26
 energy: -48.997800637018 gnorm: 0.002127107581 xtb: 6.7.1 (edcfbbe)
N            1.16454970158644        0.36693362663055        0.51491435662964
C            1.07727199605981       -0.91269018399635        0.14750042152509
C           -0.17306769038925       -1.47712137994625       -0.13432339388785
C           -1.27757463372159       -0.63973648154886       -0.03486776002296
N           -1.16640917760350        0.63825943964750        0.31653846294543
C            0.05133022774629        1.06737164904194        0.57973358974058
C           -2.65914145563060       -1.13102763876460       -0.32945284444714
O           -3.62562672985094       -0.43864492947326       -0.47630134836669
O           -2.70653198407344       -2.47116749877659       -0.42355996408812
C            2.33000287030835       -1.66868624908313        0.07888624720607
C            2.44295786639450       -2.86740858515746       -0.62317207972121
C            3.64539587807654       -3.54745499734404       -0.66033840207905
C            4.77285359283834       -3.07050405317758       -0.00303424282663
C            4.63698830194850       -1.86533439762797        0.68254106890983
C            3.45446331343049       -1.16187387361273        0.73060642382629
F            5.71402709650866       -1.36389138669437        1.32419947465168
C            6.07516866994908       -3.80229503174435       -0.01145869122417
H           -0.29448546230482       -2.51250048953049       -0.40160775047686
H            0.14680647791247        2.10353983540934        0.87874250077668
H           -3.61437142701798       -2.75407255184912       -0.61513763062529
H            1.59892913505115       -3.26489547641369       -1.16483707876149
H            3.71823697923165       -4.47199544376643       -1.21438498252307
H            3.39127431612384       -0.22934818581777        1.26685702017426
H            6.89931546090842       -3.11045534232415       -0.17604988782275
H            6.23796556685291       -4.28028262442854        0.95526571734048
H            6.08538110966504       -4.56691774965126       -0.78320922685227
26
 energy: -48.997805166341 gnorm: 0.000889440245 xtb: 6.7.1 (edcfbbe)
N            1.16466758747192        0.36685643712292        0.51426532668650
C            1.07693114747552       -0.91306404230863        0.14750955595275
C           -0.17302005929590       -1.47746148263244       -0.13465191626673
C           -1.27711361058110       -0.64020303047058       -0.03517895133096
N           -1.16634455727999        0.63798026137437        0.31610110742374
C            0.05139051580077        1.06730110207184        0.57922121853458
C           -2.65943102604017       -1.13083684687659       -0.32917508835210
O           -3.62599232372971       -0.43780411456113       -0.47498479391538
O           -2.70704039661833       -2.47054036550037       -0.42498473382008
C            2.33009085975991       -1.66844350114181        0.07849457601559
C            2.44336255785692       -2.86741332130393       -0.62311881804133
C            3.64581486657643       -3.54742459663993       -0.66070983779433
C            4.77300053279927       -3.07011852141162       -0.00358642716981
C            4.63728553247936       -1.86526916301031        0.68251334294162
C            3.45469013663967       -1.16195330538724        0.73051282756499
F            5.71377552492288       -1.36487476577838        1.32657477930245
C            6.07546889657901       -3.80181038729711       -0.01187102511133
H           -0.29457198471338       -2.51279990480101       -0.40180114675523
H            0.14679258663984        2.10316969848271        0.87872005509222
H           -3.61564911796635       -2.75330622701686       -0.61486473080527
H            1.59889518550720       -3.26620117476170       -1.16294724549993
H            3.71769049426137       -4.47255557476281       -1.21357238665838
H            3.39116763370959       -0.22952127794159        1.26711302265087
H            6.89924926148897       -3.10998117003847       -0.17732293551927
H            6.23879376236078       -4.27898767801687        0.95491804056934
H            6.08580599389586       -4.56693704739214       -0.78312381569401
