23
 energy: -49.864899584273 gnorm: 0.073786672370 xtb: 6.7.1 (edcfbbe)
N            1.21149000000000        0.44137000000000        0.17995000000000
C            1.07892000000000       -0.89422000000000        0.03600000000000
C           -0.15531000000000       -1.49991000000000       -0.07792000000000
C           -1.24987000000000       -0.65969000000000       -0.03891000000000
N           -1.15398000000000        0.68183000000000        0.08495000000000
C            0.08472000000000        1.16570000000000        0.18762000000000
C           -2.64197000000000       -1.20046000000000       -0.12122000000000
O           -3.67911000000000       -0.56298000000000       -0.11194000000000
O           -2.67508000000000       -2.54801000000000       -0.20476000000000
C            2.33660000000000       -1.65795000000000        0.02924000000000
C            2.59691000000000       -2.64081000000000       -0.94490000000000
C            3.79556000000000       -3.36044000000000       -0.93856000000000
C            4.74587000000000       -3.10874000000000        0.04459000000000
C            4.51540000000000       -2.14014000000000        1.01630000000000
C            3.32200000000000       -1.41481000000000        1.00541000000000
Cl           5.68430000000000       -1.82935000000000        2.24128000000000
F            5.88490000000000       -3.81639000000000        0.03528000000000
H           -0.25890000000000       -2.57303000000000       -0.16819000000000
H            0.18995000000000        2.24083000000000        0.28770000000000
H           -3.63688000000000       -2.74475000000000       -0.23398000000000
H            1.87361000000000       -2.84120000000000       -1.73391000000000
H            3.99587000000000       -4.11179000000000       -1.69665000000000
H            3.14940000000000       -0.65406000000000        1.76547000000000
23
 energy: -49.869298994038 gnorm: 0.024034167744 xtb: 6.7.1 (edcfbbe)
N            1.21025550381469        0.43179288112720        0.18882267533817
C            1.09575780014595       -0.89199065821258        0.03713082665755
C           -0.15010708338433       -1.49870082053814       -0.08554285724418
C           -1.25193758683272       -0.65796674186114       -0.04214875022116
N           -1.13855401189050        0.66710261690367        0.08406319969512
C            0.09051342591395        1.14058626819516        0.19103445018628
C           -2.64379956414165       -1.19326772922005       -0.12070100590423
O           -3.65719872552787       -0.54634247256566       -0.11023898431423
O           -2.68216642744025       -2.53793207422792       -0.20615273237575
C            2.35037861230990       -1.66145234263636        0.02886872137460
C            2.59246969400307       -2.64218344944545       -0.93460305634783
C            3.78191350301889       -3.35168283771783       -0.93467601260428
C            4.73039140359221       -3.10115712572630        0.04306641175828
C            4.50659796671573       -2.13234504146167        1.01512653648726
C            3.32330738261647       -1.40925859797348        0.99611318119507
Cl           5.68309054542415       -1.82503685507215        2.23515019985748
F            5.87000509036296       -3.80736139999102        0.03632543184644
H           -0.25713270661503       -2.56758688542048       -0.17969193207639
H            0.19363843072011        2.21281224326303        0.29305821243291
H           -3.62992580351472       -2.76804299595645       -0.23972947981649
H            1.86578593146405       -2.83723411154581       -1.71176645353290
H            3.98208276705624       -4.10068413061135       -1.68674836915767
H            3.14903385218869       -0.65106773930520        1.74608978676594
23
 energy: -49.870210324980 gnorm: 0.007567878322 xtb: 6.7.1 (edcfbbe)
N            1.20976274838863        0.42610221831631        0.20356186247805
C            1.10557126809402       -0.88980703911982        0.04008994192440
C           -0.14561483692534       -1.49783546695372       -0.09552278801059
C           -1.25266149683705       -0.65723644195450       -0.04607399482182
N           -1.12934964445242        0.65883978668639        0.08648056921733
C            0.09433599541134        1.12821459603566        0.20074117543618
C           -2.64730388830597       -1.18709185075925       -0.12622786103543
O           -3.64607844441738       -0.52671283640611       -0.11083782970025
O           -2.68395406181541       -2.53010777405858       -0.21096770714232
C            2.35578558794307       -1.66589430645480        0.03100740467169
C            2.58342659931901       -2.64749550705270       -0.92788383047047
C            3.77003574887255       -3.35319087485645       -0.93015293531729
C            4.72066348191730       -3.09723138616515        0.04192296740997
C            4.50526291380836       -2.12316772491888        1.01214151546160
C            3.32526799948595       -1.40104375545438        0.99075735423410
Cl           5.69151164831017       -1.81882564804445        2.22496120477118
F            5.86146507033898       -3.80167669831473        0.03746324877197
H           -0.25381579132463       -2.56408440770077       -0.19965946029795
H            0.19611017646084        2.19979719089069        0.30819482771212
H           -3.61829300214909       -2.79872756401746       -0.24704183420460
H            1.84742601983340       -2.84260115880244       -1.69207804401373
H            3.97201714780428       -4.10423840530818       -1.67641796959691
H            3.15282876023936       -0.63498494558665        1.72839218252276
23
 energy: -49.870438072915 gnorm: 0.006527269930 xtb: 6.7.1 (edcfbbe)
N            1.20980119680244        0.42512255401873        0.21814153206166
C            1.10772684241425       -0.88835046699751        0.04238992003932
C           -0.14359710079795       -1.49700054928625       -0.10412459143721
C           -1.25227230679865       -0.65723064231130       -0.05002420813884
N           -1.12785570225076        0.65738146840311        0.09111520368510
C            0.09468248296108        1.12711272925363        0.21377523330471
C           -2.64933043961400       -1.18487202861249       -0.13032220377630
O           -3.64288454112942       -0.51683300260793       -0.11389001435355
O           -2.68241834131639       -2.52615323956840       -0.21866109880391
C            2.35607590554201       -1.66683905633118        0.03241299392994
C            2.57490236740313       -2.65550542497145       -0.92122945737969
C            3.76227957181695       -3.36073725233118       -0.92464916790505
C            4.71680321860433       -3.09724153289681        0.04165660874162
C            4.50839842427905       -2.11644758682458        1.00768436173746
C            3.32959000285285       -1.39210158297384        0.98570822209602
Cl           5.70335652757229       -1.80939448395871        2.21177822283173
F            5.85827195713213       -3.80084429885682        0.03752996138433
H           -0.25111478656557       -2.56220042104553       -0.21862873451516
H            0.19557173807905        2.19854960972616        0.32722560434690
H           -3.60900564680221       -2.81748164499843       -0.25668677530653
H            1.83187961310733       -2.85332142108910       -1.67766450883969
H            3.96404286699776       -4.11659953572631       -1.66625120376805
H            3.15949614971027       -0.61801219001375        1.71556410006516
23
 energy: -49.870642844217 gnorm: 0.003917526932 xtb: 6.7.1 (edcfbbe)
N            1.20929130739157        0.42504178354601        0.24318549758838
C            1.10829835241135       -0.88590257750106        0.04482717421941
C           -0.14120170597330       -1.49427575298605       -0.11977774787648
C           -1.25085543813826       -0.65686488828319       -0.05593414663700
N           -1.12843103489633        0.65716028535944        0.10285379940318
C            0.09329996740264        1.12819005863265        0.23838788348857
C           -2.65073486838152       -1.18290572979227       -0.14201341987236
O           -3.64006499721881       -0.50815262106011       -0.12075862337284
O           -2.67753066500244       -2.52145413392569       -0.23264861714489
C            2.35526146772646       -1.66564357436108        0.03318699668432
C            2.56245071531485       -2.66896463771352       -0.90939452984769
C            3.74999116151234       -3.37618724539641       -0.91331473114913
C            4.71218961688545       -3.09907344291616        0.04189128496304
C            4.51537000525310       -2.10467577761287        0.99754379754227
C            3.33817355149733       -1.37661911302130        0.97504388415207
Cl           5.72337258707412       -1.78928396338144        2.18668068214875
F            5.85341202836169       -3.80349895568904        0.03846166670218
H           -0.24682276390234       -2.55789331078040       -0.25256861515170
H            0.19257481601308        2.19860893241473        0.36606701690240
H           -3.59417014000739       -2.83999906226302       -0.27131991389323
H            1.80973224574366       -2.87434020990537       -1.65468012915628
H            3.94792160653497       -4.14291639726656       -1.64577822933368
H            3.17287218439774       -0.58934966609721        1.69290901964070
23
 energy: -49.870759122143 gnorm: 0.003793279444 xtb: 6.7.1 (edcfbbe)
N            1.20825506453064        0.42484156211258        0.26218485607003
C            1.10758449409934       -0.88426659041743        0.04622587307415
C           -0.14010254566387       -1.49087195056123       -0.13184674020035
C           -1.24969992935369       -0.65569786024849       -0.05949885451609
N           -1.12998450806538        0.65763845923624        0.11521872552935
C            0.09135983125634        1.12855034915106        0.26069695675634
C           -2.65059698411902       -1.18247831097068       -0.14878716473076
O           -3.63954673400768       -0.50697028220654       -0.12890362596755
O           -2.67257991867718       -2.51919983694210       -0.24548767414992
C            2.35439160468840       -1.66344358156426        0.03267863505318
C            2.55412800902451       -2.67951716540465       -0.89903456201553
C            3.74045137527625       -3.38962639682594       -0.90243647636948
C            4.70970074172086       -3.10141760593788        0.04250127564894
C            4.52181650921701       -2.09442705897148        0.98705538634531
C            3.34568288176238       -1.36444769125585        0.96420751836104
Cl           5.73945761414177       -1.76785860183637        2.16324117736769
F            5.84972918575916       -3.80804845262037        0.03991017942516
H           -0.24436189693717       -2.55291824292856       -0.27897267497810
H            0.18961543370560        2.19755997031608        0.40054514695700
H           -3.58401471367397       -2.84929505629482       -0.28661550953539
H            1.79583698578263       -2.89288677929658       -1.63676637476376
H            3.93220290266328       -4.16677433257057       -1.62619682274584
H            3.18507459686973       -0.56744454396204        1.67293074938454
23
 energy: -49.870903859437 gnorm: 0.005377105954 xtb: 6.7.1 (edcfbbe)
N            1.20668998645271        0.42401703504584        0.28221222482072
C            1.10644875304146       -0.88274736140998        0.04659003726560
C           -0.13956175134072       -1.48589201875877       -0.14555517581483
C           -1.24882693291415       -0.65338288240863       -0.06156256233506
N           -1.13222250926816        0.65834421375658        0.13321883142529
C            0.08897183039199        1.12780677189946        0.28735599882472
C           -2.64926670454596       -1.18232278762325       -0.15979833183121
O           -3.64059436265482       -0.51021622554494       -0.14041041561355
O           -2.66634564384733       -2.51817559177860       -0.25936199554666
C            2.35346234817686       -1.66054933246543        0.03052966137643
C            2.54640884824732       -2.69126175677519       -0.88728127067254
C            3.73047487355831       -3.40517283090953       -0.88875844470170
C            4.70783785259959       -3.10480778998543        0.04403246474157
C            4.52923070762903       -2.08232390551956        0.97355321178762
C            3.35409007184572       -1.35112989907041        0.94962834667775
Cl           5.75659566957555       -1.73912546802904        2.13465121665061
F            5.84567292581580       -3.81512284389943        0.04338946923354
H           -0.24286339788797       -2.54566285834939       -0.30928104023089
H            0.18638365319897        2.19454239215310        0.44379910624769
H           -3.57498661308128       -2.85232692809181       -0.30261597490035
H            1.78416686176256       -2.91481258752871       -1.61804282211167
H            3.91334239103898       -4.19480381717474       -1.60162730303066
H            3.19929114220546       -0.54387352753200        1.64818476773756
23
 energy: -49.871104337418 gnorm: 0.006827950527 xtb: 6.7.1 (edcfbbe)
N            1.20439243068333        0.42207713519702        0.30905409467130
C            1.10567748917106       -0.88072713966718        0.04679272326109
C           -0.13917128215290       -1.47811830738424       -0.16363589567356
C           -1.24847343449328       -0.64919183610853       -0.06248535114770
N           -1.13516244609896        0.65871376075600        0.16183021934679
C            0.08592689300810        1.12477930897342        0.32728358344945
C           -2.64657916756502       -1.18249715128784       -0.17235343962981
O           -3.64294318883360       -0.51775683328150       -0.15997926177309
O           -2.65725527499481       -2.51821805213363       -0.27897913488377
C            2.35274534201903       -1.65688572904881        0.02612734428443
C            2.53626773126454       -2.70787546154099       -0.87107627636188
C            3.71670050020229       -3.42708334160983       -0.86838110723548
C            4.70549384146990       -3.11015734988168        0.04696114746089
C            4.53975418704067       -2.06459423041539        0.95301932144322
C            3.36597156781462       -1.33220766564458        0.92666889232538
Cl           5.78056344207877       -1.69450697424109        2.09173821277124
F            5.83949618781320       -3.82651529686170        0.05054497771643
H           -0.24217742522038       -2.53408215035791       -0.35056246674958
H            0.18247811330885        2.18790659996482        0.50699115152846
H           -3.56544714929291       -2.85088194399418       -0.32948891479573
H            1.76947674136599       -2.94667142222560       -1.59239200205883
H            3.88615826765462       -4.23442088701711       -1.56481564509205
H            3.22050663375679       -0.51008503218926        1.60998782714277
23
 energy: -49.871294646686 gnorm: 0.006286683234 xtb: 6.7.1 (edcfbbe)
N            1.20199202239501        0.41856963442747        0.33896855316030
C            1.10616165264285       -0.87884798455131        0.04774282569187
C           -0.13861868869076       -1.46996988869936       -0.18106698133036
C           -1.24894083280029       -0.64491875170938       -0.06082459584378
N           -1.13775698367532        0.65701628483584        0.19648559313005
C            0.08317737337514        1.11898713999350        0.37274150381951
C           -2.64331695258396       -1.18199221345589       -0.19032931941462
O           -3.64471719689111       -0.52467993827360       -0.18596915800082
O           -2.64886994767038       -2.51866257800744       -0.30014084622885
C            2.35263748985795       -1.65426420987204        0.02087296156727
C            2.52429524742918       -2.72722717423313       -0.85279743874983
C            3.70139478992203       -3.45102194403325       -0.84489998618431
C            4.70295227267577       -3.11545937612408        0.05021864489181
C            4.55187374094309       -2.04401400844931        0.92872563094622
C            3.37947262310843       -1.31048394569086        0.89919653131041
Cl           5.80862804152925       -1.64297779426709        2.04057106234285
F            5.83272220899115       -3.83803523857227        0.05970854302392
H           -0.24235976454766       -2.52097613548270       -0.39378307865557
H            0.17869310452490        2.17763041559989        0.57957128926499
H           -3.55871793497447       -2.84635351183663       -0.36171840288239
H            1.75160010770090       -2.98295479233183       -1.56216311764094
H            3.85692197223334       -4.27740293197147       -1.52206252044127
H            3.24517565450482       -0.47096105729480        1.56380230622349
23
 energy: -49.871433823062 gnorm: 0.003945936758 xtb: 6.7.1 (edcfbbe)
N            1.20006037511133        0.41362312949677        0.36340175225286
C            1.10723282536305       -0.87845013898376        0.05017370534843
C           -0.13825429500943       -1.46462721352824       -0.19086931794622
C           -1.24995696442608       -0.64263685697609       -0.05767911717738
N           -1.13956655333390        0.65285546156001        0.22568854251619
C            0.08119695442035        1.11130317001033        0.41147062721286
C           -2.64097302094990       -1.18067279946271       -0.20330232796096
O           -3.64459117521512       -0.52654636777539       -0.21273545870099
O           -2.64551409183017       -2.51841041796484       -0.31792195890106
C            2.35310395784499       -1.65368317936515        0.01683760930606
C            2.51414360746935       -2.74374495738347       -0.83683575769386
C            3.68962969442551       -3.46961349555735       -0.82484020675346
C            4.70183120018544       -3.11804951070832        0.05201454818358
C            4.56279613568829       -2.02624737404806        0.90662723837659
C            3.39095102064973       -1.29249878105595        0.87485539692158
Cl           5.83355937504901       -1.60034071369275        1.99402938114747
F            5.82872281697351       -3.84433833690631        0.06687164593008
H           -0.24368578958426       -2.51077376587979       -0.42264696623745
H            0.17582376094205        2.16566804267647        0.63829909144416
H           -3.55813081863811       -2.83838165815625       -0.39442424035989
H            1.73512463540448       -3.01363188917801       -1.53380943371435
H            3.83511395199305       -4.31101833612597       -1.48484759472024
H            3.26578239746664       -0.43878401099484        1.52249284152593
23
 energy: -49.871529014020 gnorm: 0.002388560563 xtb: 6.7.1 (edcfbbe)
N            1.19848923436216        0.40780833124131        0.38340008635295
C            1.10820154668137       -0.87967248674888        0.05326788957815
C           -0.13806980991507       -1.46288946894358       -0.19550550890415
C           -1.25101960992315       -0.64270950055079       -0.05436882494294
N           -1.14070076839395        0.64710129315724        0.24954099175852
C            0.07979445748997        1.10317941342058        0.44238864947495
C           -2.64006519875732       -1.17790903582613       -0.21778652858388
O           -3.64221644039807       -0.52187562558961       -0.23804162571746
O           -2.64764764761317       -2.51645258781410       -0.33240121782059
C            2.35402742251455       -1.65454559111918        0.01425487700846
C            2.50594932600799       -2.75806151833433       -0.82291263379908
C            3.68131078291274       -3.48389915252865       -0.80848745987032
C            4.70208289153899       -3.11801211060772        0.05225438157913
C            4.57270625297001       -2.01065121722821        0.88737301183150
C            3.40041660341502       -1.27779014399728        0.85469158872923
Cl           5.85513220449542       -1.56672998861905        1.95355993813934
F            5.82786855347090       -3.84527524846148        0.07108978125171
H           -0.24550839711334       -2.50512415014477       -0.44159854216130
H            0.17346791891027        2.15373514578245        0.68683573989397
H           -3.56220580915700       -2.82986765741224       -0.42119292317951
H            1.72018884858932       -3.03955834698511       -1.50720356180300
H            3.82050617711678       -4.33715345589745       -1.45374899634867
H            3.28169146079536       -0.41264689679263        1.48744088753290
23
 energy: -49.871598460555 gnorm: 0.002503334767 xtb: 6.7.1 (edcfbbe)
N            1.19713854961178        0.40141810466788        0.39946441168108
C            1.10828291962299       -0.88257300839022        0.05696614128571
C           -0.13851795025684       -1.46393946004756       -0.19648352555107
C           -1.25194305336460       -0.64422844921182       -0.05165371636107
N           -1.14170426121802        0.64114358465699        0.26807779962418
C            0.07855740487157        1.09524721272680        0.46809114826135
C           -2.64063401670676       -1.17405161564977       -0.22873971361336
O           -3.63894840685389       -0.51248750702638       -0.26148326488389
O           -2.65361932658034       -2.51271185623638       -0.34520099466656
C            2.35486185822755       -1.65632253022606        0.01317130711864
C            2.50001737614432       -2.77043387799570       -0.81060356617167
C            3.67611532689596       -3.49505599107561       -0.79541976282746
C            4.70371568928930       -3.11647334168840        0.05127290978545
C            4.58164634605174       -1.99730795563974        0.87099283991938
C            3.40810030595657       -1.26627208702230        0.83861242045543
Cl           5.87389918892867       -1.53901738368159        1.91833037839585
F            5.82992527042118       -3.84267842077623        0.07211082257371
H           -0.24803377373712       -2.50333432970831       -0.45203056830359
H            0.17161205692459        2.14250074628482        0.72477782720909
H           -3.56917257190851       -2.82100857789456       -0.44479492652003
H            1.70813486984173       -3.06162356925099       -1.48305344455347
H            3.81146377949029       -4.35761192716375       -1.42853969982279
H            3.29350241834759       -0.39217775965065        1.45898517696500
23
 energy: -49.871654489750 gnorm: 0.002637063138 xtb: 6.7.1 (edcfbbe)
N            1.19601603647706        0.39466017036546        0.41208874187297
C            1.10725705931969       -0.88702835186243        0.06173549547907
C           -0.13987104369767       -1.46689342195566       -0.19479720291278
C           -1.25277140775031       -0.64632249216727       -0.04908918097935
N           -1.14243284941481        0.63595883415117        0.28153830932252
C            0.07776530819242        1.08805272859362        0.48685487883038
C           -2.64230748058801       -1.16919383550318       -0.23987431238661
O           -3.63550961636334       -0.50058423390236       -0.28303181945538
O           -2.66178434017220       -2.50756494470586       -0.35566550328974
C            2.35504957959827       -1.65911260809578        0.01397893961468
C            2.49584355917002       -2.78129252165036       -0.79939342885831
C            3.67340765488148       -3.50365613230625       -0.78523621704403
C            4.70664353116786       -3.11382909664995        0.04915281523908
C            4.58959735074496       -1.98606516284668        0.85733055396083
C            3.41405975447330       -1.25796084670177        0.82665884191074
Cl           5.89014287356490       -1.51515894723298        1.88779277439814
F            5.83445886130154       -3.83758383290914        0.06984070705971
H           -0.25141590097074       -2.50452214136240       -0.45634611108810
H            0.17063660997906        2.13244660880996        0.75599697981156
H           -3.57751207287492       -2.81228455881710       -0.46355599770477
H            1.69878120928576       -3.08087507624204       -1.46145776982853
H            3.80646175188816       -4.37306331574472       -1.40907840236636
H            3.30188357178725       -0.37712682126379        1.43740690841413
23
 energy: -49.871703111676 gnorm: 0.002148770673 xtb: 6.7.1 (edcfbbe)
N            1.19504474511052        0.38782512556466        0.42347348221753
C            1.10533856958151       -0.89258503524436        0.06767027997256
C           -0.14208696885900       -1.47072174479311       -0.19113901391819
C           -1.25363696283677       -0.64821692079095       -0.04682906512899
N           -1.14296631797107        0.63210225997429        0.29150143171859
C            0.07728930372011        1.08162812429424        0.50340058113443
C           -2.64455489864913       -1.16388045592434       -0.24960616209742
O           -3.63246373637472       -0.48824828886825       -0.30332601855598
O           -2.67050729294241       -2.50171511986885       -0.36456446192980
C            2.35443863686509       -1.66281337657109        0.01662786275704
C            2.49280241749263       -2.79109985796050       -0.78872594802523
C            3.67237642646610       -3.51034786224822       -0.77725559631208
C            4.71056396643286       -3.11059501943548        0.04597306688443
C            4.59673532367743       -1.97647469088349        0.84549010092545
C            3.41858322488074       -1.25240601123242        0.81806400627003
Cl           5.90437588226933       -1.49332918681638        1.86038346242482
F            5.84077686752347       -3.83098075497130        0.06435351181263
H           -0.25555801190718       -2.50742109624382       -0.45553298432451
H            0.17081113847131        2.12365431967237        0.77781720213368
H           -3.58611437005072       -2.80349739498347       -0.48052726429738
H            1.69160144188075       -3.09838049579445       -1.44189263793745
H            3.80369558771700       -4.38479416803952       -1.39424787748230
H            3.30785502750185       -0.36670234883500        1.42174204175797
23
 energy: -49.871745675898 gnorm: 0.001724802306 xtb: 6.7.1 (edcfbbe)
N            1.19423948802741        0.38116350782397        0.43266892155224
C            1.10289674281916       -0.89881210976886        0.07511193934194
C           -0.14489547681992       -1.47479219248879       -0.18573012110535
C           -1.25459150985250       -0.64958084066131       -0.04493089792984
N           -1.14310131875993        0.62972370379025        0.29659475854875
C            0.07739512640240        1.07631820939052        0.51316944254103
C           -2.64690392796086       -1.15860135818600       -0.25790726018979
O           -3.62994807076243       -0.47688397325335       -0.32246668369076
O           -2.67864437798357       -2.49589275109406       -0.37153399420714
C            2.35306372517374       -1.66729307971224        0.02122550654702
C            2.49010196324136       -2.80012890141728       -0.77822625006114
C            3.67216483443643       -3.51547265484880       -0.77101805056514
C            4.71500723947963       -3.10701571339974        0.04190385687918
C            4.60300715238367       -1.96850563914804        0.83539996913011
C            3.42192268620365       -1.24912558910522        0.81262479393789
Cl           5.91675777122918       -1.47356219302380        1.83602977818937
F            5.84821474166595       -3.82318243372783        0.05578028319900
H           -0.26010494608296       -2.51123042132243       -0.45081102131020
H            0.17191452870378        2.11654168443950        0.79658691637736
H           -3.59397484525600       -2.79499634451912       -0.49568083061164
H            1.68568822567062       -3.11433870351191       -1.42399978520342
H            3.80204486153588       -4.39317894665268       -1.38359027954402
H            3.31214538650502       -0.36015325960214        1.41164900817441
23
 energy: -49.871799140076 gnorm: 0.001665347875 xtb: 6.7.1 (edcfbbe)
N            1.19326943049695        0.37186783844272        0.44686525610610
C            1.09914374824095       -0.90826502851888        0.08758466321511
C           -0.14946926114837       -1.48050179767641       -0.17650242240095
C           -1.25624479484882       -0.65046527384441       -0.04297300950193
N           -1.14268563091984        0.62846112805400        0.30094111144143
C            0.07817912545043        1.06997231046911        0.52673417763909
C           -2.64994756238159       -1.15123586011540       -0.27120111237571
O           -3.62690510213945       -0.46272312257496       -0.34876693947548
O           -2.68895079042900       -2.48812186940709       -0.38027033548860
C            2.35011895189618       -1.67502055288688        0.03061024887481
C            2.48604893491669       -2.81239050360452       -0.76288577510458
C            3.67226630149280       -3.52107233025711       -0.76390098661947
C            4.72182240668302       -3.10129187181196        0.03458765701457
C            4.61103957898733       -1.95882028839680        0.82257529498149
C            3.42515864065904       -1.24729506681193        0.80876816872324
Cl           5.93289957489399       -1.44720019094467        1.80360879377039
F            5.86011628794117       -3.80998151449228        0.03879729825984
H           -0.26700848075504       -2.51726773295201       -0.44041463429623
H            0.17515450585386        2.10859403056557        0.81165262543178
H           -3.60382734841501       -2.78312417925355       -0.51491217722392
H            1.67751519117165       -3.13612831547324       -1.39905572456251
H            3.80012825312451       -4.40171846737915       -1.37278161759903
H            3.31657803922821       -0.35527134112944        1.40378943919036
23
 energy: -49.871840464871 gnorm: 0.001676696844 xtb: 6.7.1 (edcfbbe)
N            1.19238127334087        0.36384841145178        0.45848846865917
C            1.09604243075765       -0.91671471638194        0.10109150353039
C           -0.15355987369810       -1.48523143305370       -0.16525135943300
C           -1.25792489274405       -0.65051296955801       -0.04131864964924
N           -1.14184050754661        0.62861931449910        0.29979884231472
C            0.07929042998759        1.06538319793999        0.53283913068622
C           -2.65178167020758       -1.14543552616561       -0.28044282506814
O           -3.62462335509160       -0.45234114131137       -0.37354686494968
O           -2.69623782451886       -2.48245177661605       -0.38669286744138
C            2.34717957598401       -1.68262913862588        0.04166838587440
C            2.48160162559285       -2.82278975987947       -0.74824290264392
C            3.67181663756280       -3.52474630624674       -0.75867854231964
C            4.72770836931514       -3.09578130593988        0.02649645140271
C            4.61782275875710       -1.95138301446589        0.81189847623968
C            3.42754058615615       -1.24722596397646        0.80825378444581
Cl           5.94654700473740       -1.42676877537419        1.77625181587445
F            5.87089296440170       -3.79661217059732        0.01909013709863
H           -0.27325512014699       -2.52245066280268       -0.42618255274703
H            0.17843509339551        2.10357194999522        0.82069888465994
H           -3.61114976030940       -2.77258501247216       -0.53300905131235
H            1.66960736003604       -3.15376383243302       -1.37616697282430
H            3.79798984664396       -4.40652691282158       -1.36632750217036
H            3.31991704759405       -0.35447245516335        1.40213420977270
23
 energy: -49.871872779822 gnorm: 0.001410120447 xtb: 6.7.1 (edcfbbe)
N            1.19146613273358        0.35679734768438        0.47239179910221
C            1.09354490638086       -0.92409259164167        0.11472412971046
C           -0.15704874195650       -1.48921550442460       -0.15625289051977
C           -1.25942421546803       -0.64983453400476       -0.04191839509027
N           -1.14049312693198        0.62992526121836        0.29790313131312
C            0.08057574379655        1.06219376254118        0.53959489300200
C           -2.65239720283951       -1.14053583359025       -0.29306937040023
O           -3.62169240251371       -0.44491891556433       -0.39523617588553
O           -2.70110510703207       -2.47799922321041       -0.39440634214720
C            2.34432413083854       -1.69012328976639        0.05389934237130
C            2.47622726744750       -2.83270004580086       -0.73326496082458
C            3.67001692074293       -3.52831738345448       -0.75373333360952
C            4.73223635575089       -3.09046525251349        0.01796707785176
C            4.62361398924161       -1.94500345257055        0.80249474522061
C            3.42938965410091       -1.24765796298443        0.80971365318505
Cl           5.96010318912385       -1.40840967212190        1.75002133332234
F            5.88016733942052       -3.78304466838751       -0.00236786045979
H           -0.27901977046425       -2.52696309672294       -0.41515444625418
H            0.18170874278372        2.10087208056996        0.82687359204922
H           -3.61554679953148       -2.76434058058652       -0.54711283040413
H            1.65945522297602       -3.17110106336318       -1.35164578518372
H            3.79455418619378       -4.41128521233497       -1.36062575841251
H            3.32374358520593       -0.35278016896978        1.40205445206313
23
 energy: -49.871892904116 gnorm: 0.001237699733 xtb: 6.7.1 (edcfbbe)
N            1.19019975200997        0.35042096486927        0.48476694587186
C            1.09111830040669       -0.93068522792465        0.12948175735682
C           -0.16000532846112       -1.49313240156555       -0.14309424896454
C           -1.26049973784564       -0.64964110460091       -0.03946541027594
N           -1.13959882616494        0.63080198194619        0.29533453028029
C            0.08106041883957        1.05915222777195        0.54508551386066
C           -2.65235435192661       -1.13623051534489       -0.30343517245779
O           -3.61890454984078       -0.43797830460992       -0.42015525453837
O           -2.70488845060080       -2.47427424183337       -0.40082859649651
C            2.34196961678405       -1.69644737665149        0.06656867502638
C            2.47073746271757       -2.84126151425485       -0.71787194014890
C            3.66766861338088       -3.53109063551654       -0.74916707896707
C            4.73653345206759       -3.08494071310976        0.00834966131098
C            4.62992921052763       -1.93891121900032        0.79240629296562
C            3.43246767094729       -1.24742122840734        0.81080062413481
Cl           5.97318956486368       -1.39426446063276        1.72459900450175
F            5.88823521594078       -3.77048343848395       -0.02493197912537
H           -0.28429270404788       -2.53117249318873       -0.39932154199860
H            0.18361924808614        2.09831499885732        0.82655887422959
H           -3.61951182794838       -2.75627848104219       -0.56437664983621
H            1.64970857756580       -3.18493709192516       -1.32670429020129
H            3.79043902993074       -4.41456641740144       -1.35556232664206
H            3.32757964276741       -0.35397330794997        1.40381261011361
23
 energy: -49.871902778740 gnorm: 0.000912965315 xtb: 6.7.1 (edcfbbe)
N            1.18937020302031        0.34715293226245        0.49366704615512
C            1.08986523831369       -0.93387925484911        0.13753274642492
C           -0.16133070486634       -1.49501885105906       -0.13848062959385
C           -1.26074346770870       -0.64955860602880       -0.04041732885177
N           -1.13909229067687        0.63124749324554        0.29385696453121
C            0.08114613523948        1.05770571593004        0.54936909036024
C           -2.65170509610944       -1.13423671485284       -0.30969131145226
O           -3.61640480066386       -0.43472174622315       -0.43334263842761
O           -2.70600115705876       -2.47228561153189       -0.40717591203248
C            2.34070945970941       -1.69963810254714        0.07382225584256
C            2.46704059493642       -2.84643281607662       -0.70808933398377
C            3.66511079822887       -3.53368613381341       -0.74537515498439
C            4.73766050633734       -3.08272385944379        0.00341141650945
C            4.63326435012007       -1.93540591925149        0.78633569427501
C            3.43430786355521       -1.24689437298048        0.81097923893857
Cl           5.98247167512976       -1.38411165305987        1.70710989047877
F            5.89143534642409       -3.76411402866536       -0.03750714453504
H           -0.28707831259482       -2.53297920037711       -0.39321028324060
H            0.18412549738657        2.09706265613520        0.83347361109512
H           -3.62011547956313       -2.75297617965570       -0.57496781871964
H            1.64219686743060       -3.19468963191285       -1.30945181888060
H            3.78607592603303       -4.41876138095599       -1.35013008928231
H            3.33209084737671       -0.35005473428759        1.40113150937307
23
 energy: -49.871908242214 gnorm: 0.001308957121 xtb: 6.7.1 (edcfbbe)
N            1.18857666112602        0.34552472405691        0.49986226029225
C            1.08925350561748       -0.93519099810848        0.14277446241253
C           -0.16177574750039       -1.49577278599813       -0.13549671937927
C           -1.26070937655066       -0.64951658346991       -0.04044333388123
N           -1.13908329622700        0.63123137424940        0.29489234626770
C            0.08066275812495        1.05668208986181        0.55369270649530
C           -2.65096363189857       -1.13306212544476       -0.31571647735300
O           -3.61429715388747       -0.43300325449027       -0.44181009635417
O           -2.70604279770796       -2.47102367683276       -0.41326437732128
C            2.34024067878513       -1.70069595102291        0.07791980378479
C            2.46361477414306       -2.85079610644252       -0.70030341681982
C            3.66229567816341       -3.53667300095051       -0.74142487320189
C            4.73849007346957       -3.08090071598413       -0.00017442327318
C            4.63658518411594       -1.93130244079945        0.78023072421813
C            3.43712663325944       -1.24406909932227        0.80854979896213
Cl           5.98872938274156       -1.37757571438085        1.69416453199517
F            5.89275419357202       -3.76087940466208       -0.04489712112021
H           -0.28829945201650       -2.53360069902356       -0.39110804569671
H            0.18348262335455        2.09572514444411        0.84108153308061
H           -3.61952507090086       -2.75126227419116       -0.58322899911970
H            1.63625431340464       -3.20206281871674       -1.29614504002000
H            3.78122548034154       -4.42374139030801       -1.34381785289601
H            3.33580458646975       -0.34703429246273        1.39751260892754
23
 energy: -49.871912478403 gnorm: 0.000423850627 xtb: 6.7.1 (edcfbbe)
N            1.18844144081798        0.34605583864056        0.50039476065004
C            1.08954052943665       -0.93433567915460        0.14228804580061
C           -0.16144088697917       -1.49535382117067       -0.13506307117548
C           -1.26071350114142       -0.64974766281335       -0.03920548080758
N           -1.13974936729757        0.63050462830444        0.29742098456317
C            0.07989284364669        1.05611569361039        0.55660100036368
C           -2.65094967857718       -1.13328584741350       -0.31541054207640
O           -3.61476561708324       -0.43307434785703       -0.44121140055401
O           -2.70505573667216       -2.47109812564005       -0.41572650182957
C            2.34052715933848       -1.69973638536004        0.07699264718804
C            2.46341490523338       -2.85025980512673       -0.69980339585739
C            3.66157341680002       -3.53713746814229       -0.74009685186111
C            4.73786708624990       -3.08191470469655        0.00064244614601
C            4.63681063258193       -1.93146431805233        0.77903705269942
C            3.43765698096202       -1.24339633939584        0.80670264800225
Cl           5.99018633822485       -1.37658633838174        1.69064830585103
F            5.89188429082358       -3.76252568082339       -0.04344488500240
H           -0.28754699994143       -2.53305606325054       -0.39105840131118
H            0.18245459163836        2.09475107472470        0.84253049946650
H           -3.61826004926561       -2.75153381641543       -0.58779581732027
H            1.63553417010965       -3.20209486604420       -1.29435549597898
H            3.77957238881011       -4.42515924977509       -1.34063349352578
H            3.33752506228381       -0.34466671576574        1.39339694656909
