27
 energy: -52.867693218078 gnorm: 0.079726830092 xtb: 6.7.1 (edcfbbe)
N            1.14868000000000        0.45148000000000        0.27562000000000
C            1.04563000000000       -0.88350000000000        0.09519000000000
C           -0.17606000000000       -1.50192000000000       -0.07491000000000
C           -1.28414000000000       -0.67783000000000       -0.05570000000000
N           -1.21437000000000        0.66128000000000        0.10511000000000
C            0.01206000000000        1.15953000000000        0.26281000000000
C           -2.66433000000000       -1.23404000000000       -0.20745000000000
O           -3.71004000000000       -0.61056000000000       -0.21761000000000
O           -2.67593000000000       -2.57828000000000       -0.33624000000000
C            2.32058000000000       -1.62252000000000        0.10027000000000
C            2.58730000000000       -2.64997000000000       -0.81291000000000
C            3.81819000000000       -3.31538000000000       -0.80355000000000
C            4.82232000000000       -2.99098000000000        0.12007000000000
C            4.57518000000000       -1.95792000000000        1.03089000000000
C            3.33647000000000       -1.29232000000000        1.01441000000000
Cl           5.72037000000000       -1.35882000000000        2.17843000000000
O            5.95251000000000       -3.73631000000000       -0.07122000000000
C            6.83135000000000       -3.95078000000000        1.02206000000000
H           -0.26275000000000       -2.57330000000000       -0.19652000000000
H            0.09836000000000        2.23305000000000        0.39302000000000
H           -3.63307000000000       -2.78472000000000       -0.41171000000000
H            1.85498000000000       -2.92912000000000       -1.56802000000000
H            4.00281000000000       -4.09794000000000       -1.53808000000000
H            3.16154000000000       -0.48170000000000        1.72239000000000
H            7.52690000000000       -3.11344000000000        1.12368000000000
H            6.29436000000000       -4.15799000000000        1.95303000000000
H            7.43339000000000       -4.83565000000000        0.79122000000000
27
 energy: -52.873268289837 gnorm: 0.028599337226 xtb: 6.7.1 (edcfbbe)
N            1.14973287488225        0.44243307298130        0.28657890366674
C            1.06447230776430       -0.88061839391415        0.09955227022305
C           -0.16927836673228       -1.50046731096091       -0.08033974534628
C           -1.28433411968736       -0.67690894753237       -0.05829212877356
N           -1.19735408176774        0.64673395920283        0.10444452676844
C            0.02006378924744        1.13414589002705        0.26775134376558
C           -2.66407840671482       -1.22778259579039       -0.20614567943954
O           -3.68697139285225       -0.59505676964763       -0.21425844207209
O           -2.68188138253258       -2.56951682960098       -0.33679599902701
C            2.33363343148402       -1.62316291321293        0.09858743856669
C            2.58452778187711       -2.64821227354353       -0.81202603689568
C            3.79912757118870       -3.30696116131489       -0.80341874366128
C            4.80885195439697       -2.99180576853137        0.11284284120987
C            4.56376811515743       -1.95452257296924        1.01710354032750
C            3.34205740661964       -1.28839124812873        0.99930672029192
Cl           5.71850770599294       -1.38041858429412        2.17244396124144
O            5.93578194350705       -3.73844463317771       -0.05268828324732
C            6.83060764133754       -3.94165492563243        1.02579290749427
H           -0.25938793552053       -2.56781560208973       -0.20436988618113
H            0.10361160977152        2.20515117019406        0.39830209267961
H           -3.62475134622415       -2.80776679481770       -0.41656754478946
H            1.84673219203117       -2.92340172577007       -1.55368560305673
H            3.99155383272589       -4.08882100058709       -1.52352452863393
H            3.17022442984267       -0.48534513254486        1.70327402255168
H            7.51612844728848       -3.09917664396372        1.14011883133639
H            6.29667649402859       -4.13067604905550        1.95854198402036
H            7.41426750288801       -4.83118621532516        0.77175123698049
27
 energy: -52.874478279881 gnorm: 0.009043484829 xtb: 6.7.1 (edcfbbe)
N            1.15090724961574        0.43758468156318        0.30158438609994
C            1.07677632770741       -0.87697951615162        0.10096512015312
C           -0.16258599642791       -1.49880709520688       -0.08939595984085
C           -1.28297268151892       -0.67661611089960       -0.06112279751520
N           -1.18660938693543        0.63855345871658        0.10752482234100
C            0.02541691934800        1.12131829093715        0.27862686176464
C           -2.66485424535893       -1.22222340999909       -0.21019447949237
O           -3.67396814446043       -0.57663689650227       -0.21181815891329
O           -2.68148482471575       -2.56268703145912       -0.33980053117348
C            2.33914805643160       -1.62371165178420        0.09647451845272
C            2.57688676656020       -2.65188934311402       -0.81218408452769
C            3.78394228642119       -3.30746888208362       -0.80397729603009
C            4.79848634279181       -2.99674134738525        0.10944181461649
C            4.55519322668912       -1.95279427273708        1.00880744131114
C            3.34494250123690       -1.28094159392223        0.98833221537915
Cl           5.71879424430065       -1.38899392140198        2.16673218014002
O            5.91788415486684       -3.74691229617005       -0.03614068152575
C            6.82870020493001       -3.93531425279393        1.02960904805591
H           -0.25318111211963       -2.56357183361556       -0.22101268043392
H            0.10644805450846        2.19147143752681        0.41618304111607
H           -3.61043487730743       -2.83905048396800       -0.42191644070833
H            1.83048843381438       -2.92329066045496       -1.54227655086469
H            3.98586932326868       -4.09366037227790       -1.51246140333224
H            3.17875701313101       -0.47237256690383        1.68166839177094
H            7.51029964071576       -3.08998844359313        1.14030426280177
H            6.30777042401566       -4.11434167193947        1.97149126906710
H            7.40167009849103       -4.82358421437993        0.75883569128792
27
 energy: -52.874751974207 gnorm: 0.006708631377 xtb: 6.7.1 (edcfbbe)
N            1.15104643385918        0.43801372910396        0.31437258325924
C            1.07972617749281       -0.87384962065209        0.09971041678046
C           -0.15952321550574       -1.49665814387232       -0.09858553199220
C           -1.28162813233638       -0.67613632226095       -0.06456961865351
N           -1.18529359299383        0.63779888783563        0.11289150895060
C            0.02532697012029        1.12081711337520        0.29252843745905
C           -2.66531752569899       -1.22050302738676       -0.21226692766842
O           -3.67040096889751       -0.56860548507945       -0.21179848869841
O           -2.67763981490867       -2.55931205594721       -0.34576900637899
C            2.33946389458367       -1.62176264611537        0.09305294571632
C            2.57040440494364       -2.65669183889322       -0.81066680117182
C            3.77544199902730       -3.31523944030135       -0.80025362969513
C            4.79277287418997       -3.00366867905564        0.11171126227400
C            4.55355303901243       -1.95158192433499        1.00428787756032
C            3.34791588227229       -1.27258095127150        0.97975381625698
Cl           5.72171383827283       -1.38595599214618        2.16024037595093
O            5.90491928155237       -3.76009168383741       -0.02584418356316
C            6.82900093426219       -3.93383369761712        1.03100323607064
H           -0.24847059711288       -2.56039951645445       -0.23896939800409
H            0.10464856581539        2.19048234835491        0.43795263362513
H           -3.59893471373099       -2.85755227145515       -0.42932067702878
H            1.81829132362377       -2.92756917438312       -1.53481897366188
H            3.98050335266400       -4.10654074502311       -1.50297405323195
H            3.18520021962443       -0.45655646180135        1.66526549899510
H            7.50748086356977       -3.08409058382274        1.12797389087158
H            6.32084227229064       -4.10736581817235        1.98164524079165
H            7.40124623400801       -4.82021599878588        0.75772756518641
27
 energy: -52.875028725747 gnorm: 0.005461836196 xtb: 6.7.1 (edcfbbe)
N            1.15005644422217        0.44066066197420        0.33721047373597
C            1.08171796492935       -0.86761070849020        0.09560390647279
C           -0.15541254331059       -1.49063182153052       -0.11736210009375
C           -1.27927917315823       -0.67408990152880       -0.06994392464571
N           -1.18665899689578        0.63879094356381        0.12782635877679
C            0.02249337145145        1.12308384642110        0.32033623882143
C           -2.66492188722924       -1.21810515488599       -0.22201961852767
O           -3.66701938724081       -0.56096814172053       -0.21390273566226
O           -2.66874080342906       -2.55407477883400       -0.35854954971271
C            2.33896860774679       -1.61653426302158        0.08541566986310
C            2.55972452286261       -2.66649159081168       -0.80542961413731
C            3.76087506833829       -3.33313826655177       -0.78916900907070
C            4.78310883297414       -3.01746199644338        0.11868410328634
C            4.55340520875076       -1.94863980905501        0.99558397489553
C            3.35415167074125       -1.25770750680121        0.96302105544873
Cl           5.72795111132198       -1.37482295597332        2.14579421248039
O            5.88124438963664       -3.78993465649396       -0.00754886697429
C            6.83137729357418       -3.93231272878481        1.03225991515720
H           -0.24065175220044       -2.55246999181659       -0.27607236335213
H            0.09853003947984        2.19071942184738        0.48569865135791
H           -3.57889420209339       -2.88260972567618       -0.44203505462844
H            1.80030361573518       -2.93881974690494       -1.52170223157220
H            3.96505938409062       -4.13617611421905       -1.48068963056955
H            3.19783193493195       -0.42723812447904        1.63383557503211
H            7.50236061103644       -3.07231301765442        1.09700385400285
H            6.34776650615294       -4.09479573985218        1.99899259235189
H            7.40694216758096       -4.81595813227737        0.76143811726382
27
 energy: -52.875185260747 gnorm: 0.006300064443 xtb: 6.7.1 (edcfbbe)
N            1.14866465691751        0.44303096146683        0.35335472296167
C            1.08208927676015       -0.86239351553017        0.09155680060705
C           -0.15306675343533       -1.48388506901981       -0.13287028673587
C           -1.27775881782464       -0.67098527129873       -0.07316874824831
N           -1.18916154986976        0.64035438978232        0.14377585970324
C            0.01920094893833        1.12458502586200        0.34516702033818
C           -2.66394186173547       -1.21704019885223       -0.22672513760091
O           -3.66634143946212       -0.56028439558721       -0.21791511103168
O           -2.66076087112904       -2.55072272254604       -0.37099086915202
C            2.33874536674849       -1.61159631507134        0.07832434791893
C            2.55240572224142       -2.67465139658049       -0.79975422096508
C            3.74940541120944       -3.34910573049154       -0.77730946434767
C            4.77568623804830       -3.02885985051139        0.12560890902928
C            4.55497757969806       -1.94592199953297        0.98750605652756
C            3.35995586019316       -1.24720195522489        0.94817663109957
Cl           5.73368779092962       -1.36370406712148        2.13149948463714
O            5.86286974404395       -3.81697573086461        0.00769983123702
C            6.83433135523064       -3.93043566086153        1.03261801522114
H           -0.23569071672929       -2.54370483952058       -0.30729516583423
H            0.09307200157416        2.18991560671156        0.52615499980328
H           -3.56454386182169       -2.89327410794373       -0.45611717729304
H            1.78967124580111       -2.95103317186331       -1.51125899804650
H            3.94721076713493       -4.16353697198694       -1.45819570075939
H            3.20896921241668       -0.40628547986808        1.60773763694104
H            7.49704694751597       -3.06142711498997        1.06802665591656
H            6.37054285590980       -4.08197456634482        2.01122720009119
H            7.41502289069560       -4.81253585221085        0.76744670798205
27
 energy: -52.875378272193 gnorm: 0.007466816438 xtb: 6.7.1 (edcfbbe)
N            1.14699724061188        0.44548220458036        0.37061248441672
C            1.08224482080037       -0.85607892306561        0.08618560729485
C           -0.15103269703081       -1.47397572522903       -0.15156432731166
C           -1.27657091545179       -0.66574530237285       -0.07447334015010
N           -1.19265923767699        0.64242307188099        0.16805086726568
C            0.01540146820278        1.12533642087906        0.37553473122574
C           -2.66146300595786       -1.21552023899512       -0.23693439862317
O           -3.66722421349385       -0.56397636823944       -0.22630896220833
O           -2.65047284126552       -2.54774544692071       -0.38621928085581
C            2.33864232892686       -1.60590520247436        0.06936772381863
C            2.54409275350124       -2.68542170313126       -0.79121777760450
C            3.73539144518867       -3.36960083683351       -0.76010033194514
C            4.76682343452622       -3.04282658531568        0.13521092688324
C            4.55790850596244       -1.94271008510910        0.97701947117839
C            3.36740117741965       -1.23625878355821        0.92903404494205
Cl           5.74080857746151       -1.34868569926415        2.11178165254662
O            5.84151922145265       -3.85088179901046        0.02766030885176
C            6.83877148923644       -3.92681640437662        1.03212000864910
H           -0.23146932348515       -2.53053963608786       -0.34646947106577
H            0.08710294973071        2.18691859606353        0.57793942098593
H           -3.54981965257742       -2.89743995587316       -0.47291742690266
H            1.77966930904360       -2.96926078572508       -1.49824183211611
H            3.92109134560424       -4.19895382840036       -1.42662180273266
H            3.22344158054252       -0.38379245216027        1.57538624750418
H            7.48915960385453       -3.04730233840090        1.03022635388210
H            6.39943655479186       -4.06312479095974        2.02391917946463
H            7.42709808008122       -4.80724740190051        0.77529992260654
27
 energy: -52.875581342926 gnorm: 0.007910853734 xtb: 6.7.1 (edcfbbe)
N            1.14589781459817        0.44682641672523        0.38793326435147
C            1.08293168600573       -0.84991936062409        0.08096237840396
C           -0.14958548864464       -1.46229723498732       -0.17055278837308
C           -1.27604580025670       -0.65882206424490       -0.07374675347102
N           -1.19576217274394        0.64405633565830        0.19802628432162
C            0.01252417020877        1.12389094997090        0.41043433274213
C           -2.65785282253307       -1.21393543900586       -0.24547644270891
O           -3.66906613808322       -0.57106711524810       -0.24026687526368
O           -2.63906366926970       -2.54547709534311       -0.40402802565183
C            2.33858437797602       -1.60145837688103        0.06037907766944
C            2.53460282550001       -2.69896310581302       -0.77977159873587
C            3.71949165485663       -3.39296615676950       -0.73853123581469
C            4.75709360444004       -3.05802106679372        0.14652665767605
C            4.56181630774074       -1.93901441196193        0.96469194283656
C            3.37574429021351       -1.22577149528433        0.90725568706571
Cl           5.74989661032202       -1.32967450091721        2.08571435863918
O            5.82008783940680       -3.88543037190771        0.05107716165069
C            6.84392517075253       -3.92097732402266        1.03033367622530
H           -0.22945068811046       -2.51435724907974       -0.38796404470997
H            0.08292849737851        2.18091503863326        0.63401265930507
H           -3.53757019586657       -2.89327956968253       -0.49726184083062
H            1.76947395025500       -2.99346020253871       -1.48187349719418
H            3.88964450773509       -4.23872563888091       -1.38802822445400
H            3.24082466606457       -0.36076629988086        1.53868071221637
H            7.48009949207970       -3.03268974155177        0.98816527424516
H            6.43149881554848       -4.03821164337555        2.03541274654992
H            7.43962069442595       -4.80005327619318        0.78217511330954
27
 energy: -52.875751832696 gnorm: 0.006007686443 xtb: 6.7.1 (edcfbbe)
N            1.14607010615332        0.44556319688286        0.40441678177837
C            1.08455767891282       -0.84613047059259        0.07753322568125
C           -0.14872572740434       -1.45260429754093       -0.18593600861480
C           -1.27608847469223       -0.65265508603947       -0.07119128821972
N           -1.19671194239614        0.64369442981513        0.22746606896151
C            0.01226342819940        1.11980668426676        0.44236947055840
C           -2.65368308422165       -1.21095685571946       -0.25808828836957
O           -3.66986947276302       -0.57591924295372       -0.25781488545436
O           -2.63074654731542       -2.54333530297306       -0.42023948923006
C            2.33823321453811       -1.60055501423115        0.05395305975527
C            2.52425613374858       -2.71424408765904       -0.76686215915151
C            3.70372422458589       -3.41570769408422       -0.71642827914219
C            4.74785736673971       -3.07200104207786        0.15718737022744
C            4.56543821621129       -1.93519810525435        0.95244890449867
C            3.38315728014576       -1.21683599550886        0.88696874694353
Cl           5.76047660636330       -1.31024365852073        2.05660178606943
O            5.80267764101613       -3.91176976437568        0.07395740151050
C            6.84907606523171       -3.91308164921959        1.02740304572102
H           -0.23006074435964       -2.49965980952838       -0.42417508033478
H            0.08230783995976        2.17224902097781        0.68667776022283
H           -3.53196004568747       -2.88302083405020       -0.52244650453148
H            1.75772507535903       -3.01940988119894       -1.46282291332361
H            3.86097422729576       -4.27545626000649       -1.34948024877650
H            3.25763438269276       -0.33987158287919        1.50353439414661
H            7.47362133286658       -3.02047891382379        0.94917159412548
H            6.46207657036684       -4.00984552566384        2.04453208839848
H            7.44800864845312       -4.79198225804110        0.78554344655020
27
 energy: -52.875875785353 gnorm: 0.003289667228 xtb: 6.7.1 (edcfbbe)
N            1.14714872278495        0.44114530831117        0.42228300807579
C            1.08650672145918       -0.84544542469095        0.07618018829278
C           -0.14832561522928       -1.44601856428737       -0.19845256235515
C           -1.27616639823976       -0.64800796511625       -0.06981749782611
N           -1.19571799046878        0.64135590784414        0.25371900768489
C            0.01395695317352        1.11331186548681        0.47427498355558
C           -2.65051228598718       -1.20593938940579       -0.26860617608662
O           -3.66836276756270       -0.57350848952077       -0.27848778788424
O           -2.62790962586348       -2.53924063052212       -0.43666254907471
C            2.33725823812313       -1.60316436219236        0.05007675459308
C            2.51256870417419       -2.73189468673195       -0.75224713037603
C            3.68779119771278       -3.43899196376590       -0.69388543431107
C            4.73923278184917       -3.08520005385510        0.16679573008426
C            4.56873679563403       -1.93095290827678        0.93986342700611
C            3.38962917165235       -1.20867861925938        0.86822042445985
Cl           5.77278629115669       -1.29088467684628        2.02494972110701
O            5.78778452152664       -3.93255030344051        0.09629369135288
C            6.85559013632614       -3.90288403068740        1.02334476244425
H           -0.23262390289988       -2.48794153924444       -0.45534829116694
H            0.08466841334520        2.16158358132701        0.73479491107524
H           -3.53296816994516       -2.86844814913978       -0.55184754380134
H            1.74236561611671       -3.04669691009226       -1.43954232010135
H            3.83613633196594       -4.31171099985368       -1.31036398457012
H            3.27289952428365       -0.32007990204911        1.46951743475865
H            7.47166192297620       -3.00857737149878        0.90919925491615
H            6.49447448278121       -3.97686276726951        2.05275499012490
H            7.45368022915443       -4.78336695522273        0.78727298802275
27
 energy: -52.875956668970 gnorm: 0.002542237402 xtb: 6.7.1 (edcfbbe)
N            1.14830842196140        0.43381012881951        0.43730934000777
C            1.08732884434937       -0.84873826083382        0.07707453842309
C           -0.14896148699197       -1.44414467368398       -0.20568829646034
C           -1.27638344090928       -0.64603516115234       -0.06894030770239
N           -1.19390642571517        0.63766409482835        0.27272693427907
C            0.01657479378432        1.10584827477463        0.49781180799483
C           -2.64944291196074       -1.19867937351531       -0.28129454996723
O           -3.66529023912381       -0.56287036985924       -0.29863929544017
O           -2.63244700125815       -2.53294411280100       -0.45026373178798
C            2.33580272432218       -1.60853666509319        0.04920862934846
C            2.50288545300611       -2.74887587065211       -0.73790895516742
C            3.67647307068543       -3.45785400693285       -0.67485117570507
C            4.73471700757935       -3.09320896775559        0.17313290086017
C            4.57189381649661       -1.92628444812106        0.92915873074867
C            3.39414439963315       -1.20297013947524        0.85432073242950
Cl           5.78470508900001       -1.27275898098542        1.99620877436427
O            5.77977743835133       -3.94327146947145        0.11317537037184
C            6.86255405165466       -3.89331120314078        1.01868868194243
H           -0.23676364380620       -2.48187856594531       -0.47636555896522
H            0.08829758279669        2.15057165110587        0.77366729051320
H           -3.54090443980109       -2.85203128072395       -0.57549578177917
H            1.72738336360597       -3.07178659209211       -1.41512985220378
H            3.82052454576557       -4.34115989988806       -1.27697450480922
H            3.28303481260075       -0.30537285006677        1.44259464462923
H            7.47351436572113       -3.00030636262570        0.87781580406452
H            6.52071220349053       -3.94814400391565        2.05519380198581
H            7.45775760476173       -4.77638089079748        0.78774402802572
27
 energy: -52.876013440812 gnorm: 0.004986900111 xtb: 6.7.1 (edcfbbe)
N            1.14888409295081        0.42434865440672        0.45735267231390
C            1.08708252853576       -0.85358926743292        0.07893932635382
C           -0.15035162743175       -1.44275726090945       -0.21469278205048
C           -1.27669097045210       -0.64381271174474       -0.06934448675377
N           -1.19247171405691        0.63398597315708        0.29426998500641
C            0.01864968980904        1.09723124536294        0.52829548360854
C           -2.65014658764543       -1.18810826212073       -0.29637916412603
O           -3.66135647599070       -0.54488485211220       -0.32278372236096
O           -2.64038240855420       -2.52243630390996       -0.46867563200925
C            2.33374046237290       -1.61485868221239        0.04836548313167
C            2.49153763762707       -2.76960971222518       -0.72033846012662
C            3.66295696377529       -3.48157503811000       -0.65200378377452
C            4.72915152185586       -3.10447426682981        0.18108107711829
C            4.57591076501731       -1.92100931799217        0.91583687028838
C            3.39968863452124       -1.19605250658704        0.83770134504362
Cl           5.79940963575070       -1.25182117671718        1.96189020616703
O            5.76760995728716       -3.96196412713339        0.13365638328284
C            6.87270403352939       -3.88156834657253        1.01323526614296
H           -0.24185930813921       -2.47598271799850       -0.50169053783677
H            0.09176400442959        2.13780769994545        0.81934023151859
H           -3.55026137424311       -2.83491527606325       -0.60385480898536
H            1.70904145414442       -3.10184946700459       -1.38472427550942
H            3.80274799173204       -4.37706821921545       -1.23766210324818
H            3.29427625208973       -0.28749813401037        1.41026866320609
H            7.47845400995445       -2.98856531078146        0.83294104605922
H            6.55745795628747       -3.90981584434546        2.06174537025529
H            7.46474287484305       -4.76880677084346        0.79151034728534
27
 energy: -52.876091155675 gnorm: 0.005310712107 xtb: 6.7.1 (edcfbbe)
N            1.14940224176724        0.41072553928811        0.46881678204214
C            1.08413395619543       -0.86506348926974        0.08568299542179
C           -0.15478971852954       -1.44846635024974       -0.21184454303100
C           -1.27806048034845       -0.64490558075888       -0.06951702571881
N           -1.19027072064766        0.62937797640839        0.30121652181074
C            0.02188189526808        1.08723276155314        0.54256824758449
C           -2.65463051809641       -1.17546798747109       -0.30725032883843
O           -3.65719698175051       -0.51859853744504       -0.34548229141572
O           -2.65879224172356       -2.50972164555513       -0.48090934492709
C            2.33082989462686       -1.62596951523240        0.05398044738596
C            2.48593117089598       -2.78693675780065       -0.70383662417127
C            3.66013113310730       -3.49422582984603       -0.63679966788791
C            4.73208658722637       -3.10506186031086        0.18311331100021
C            4.58026080849876       -1.91591068973763        0.90724308053195
C            3.40130535470227       -1.19606669111931        0.83166075111380
Cl           5.81246167419350       -1.23398695465158        1.93453594962774
O            5.77127512996715       -3.95935874286782        0.14125543248104
C            6.88216843583331       -3.87218078675074        1.00655431555745
H           -0.25145808890861       -2.47906721901738       -0.50306607903778
H            0.09817299132424        2.12510966608376        0.83710601152207
H           -3.57103270246054       -2.81222012883372       -0.62387228637991
H            1.69678872544397       -3.12691452556959       -1.35587310904542
H            3.80122697217133       -4.39498006361151       -1.21257784181968
H            3.29609030152664       -0.28287218658579        1.39481803315811
H            7.48803931502843       -2.98600928767719        0.80984351266182
H            6.57717818164398       -3.88377855710260        2.05509967855774
H            7.46915668304424       -4.76433255586903        0.79181407181667
27
 energy: -52.876167522992 gnorm: 0.004923373951 xtb: 6.7.1 (edcfbbe)
N            1.14914106790714        0.39632757792082        0.48621070345287
C            1.07984719670755       -0.87661692349308        0.09352901795143
C           -0.16052583591954       -1.45191902726683       -0.21310063206125
C           -1.27997598300786       -0.64321423265535       -0.07012639907892
N           -1.18872440484602        0.62713210012911        0.31324286631594
C            0.02474002983739        1.07757899570689        0.56212518604718
C           -2.65978332223066       -1.15954246020949       -0.32510932096243
O           -3.65367576738645       -0.49021123336449       -0.37455393945019
O           -2.67637940178698       -2.49313231624359       -0.49834805566194
C            2.32677561700301       -1.63765811864050        0.05966007640534
C            2.47727459446499       -2.81032759433051       -0.68167871897562
C            3.65319257465416       -3.51479134922560       -0.61475558050052
C            4.73240111056531       -3.11143890285183        0.18916397572628
C            4.58580938003288       -1.91062034259694        0.89549016097050
C            3.40472312485100       -1.19449756151480        0.82093879233526
Cl           5.82842914983899       -1.20972678555927        1.89858886605231
O            5.76911793510056       -3.96852449979290        0.15416518860091
C            6.89556922292548       -3.85999334558986        0.99799814213792
H           -0.26251989938540       -2.47939668724186       -0.51440940799213
H            0.10399665274236        2.11138910616742        0.87502185416444
H           -3.58928981792502       -2.78859160026303       -0.64999072733398
H            1.68183361051361       -3.16199659438889       -1.31983383837314
H            3.79037271979235       -4.42597606256767       -1.17615450282652
H            3.30242459683067       -0.27203480811846        1.37015016284054
H            7.49773122727693       -2.97799302868042        0.76912886240854
H            6.60996353474780       -3.84676244041032        2.05199912594685
H            7.47982108669548       -4.75711186491856        0.79492814186109
27
 energy: -52.876239628288 gnorm: 0.002977759350 xtb: 6.7.1 (edcfbbe)
N            1.14818539381042        0.38457504350622        0.50013240679547
C            1.07445827001153       -0.88747893541217        0.10270740715515
C           -0.16719197359156       -1.45555145003899       -0.21068854942755
C           -1.28236833908610       -0.64050283657529       -0.07135734274366
N           -1.18773656455289        0.62853815232806        0.31755030716541
C            0.02663014418080        1.07122840943550        0.57563353766619
C           -2.66523561115082       -1.14518074624646       -0.34040723108122
O           -3.65177455106908       -0.46683920591604       -0.39804110605719
O           -2.69128032550874       -2.47776576028944       -0.51058503423889
C            2.32221941904050       -1.64877986050655        0.06812483750102
C            2.47173750002688       -2.82878454611651       -0.66230879461123
C            3.65014565603709       -3.52979715005996       -0.59798591241446
C            4.73407931786589       -3.11648586385744        0.19391503266788
C            4.59016821869410       -1.90848838164328        0.88781644784139
C            3.40580071256758       -1.19711075440913        0.81643266210735
Cl           5.83960370894590       -1.19247223057608        1.87171740760649
O            5.77133790996499       -3.97412641193197        0.15904003474438
C            6.90746254237020       -3.85002563246921        0.98965255968247
H           -0.27345112984001       -2.48192793289552       -0.51544773992514
H            0.10994019186376        2.10279033978186        0.89120509585336
H           -3.60368282734367       -2.76935470904712       -0.66841362975595
H            1.67379027044261       -3.19045387396582       -1.29122901099998
H            3.78338509271620       -4.44567909311725       -1.15205943362446
H            3.30468162336176       -0.26972554719331        1.35772296416438
H            7.50670985989946       -2.97204628081718        0.73675478256057
H            6.63376664040266       -3.81740667794667        2.04642886072080
H            7.49090884994022       -4.75079806402025        0.79796944064824
27
 energy: -52.876296155395 gnorm: 0.002450667281 xtb: 6.7.1 (edcfbbe)
N            1.14760433481125        0.37434999254990        0.50980572601341
C            1.06912359870559       -0.89823019183964        0.11446743582786
C           -0.17392129438510       -1.45973802350436       -0.20353517074486
C           -1.28460965149122       -0.63737257916228       -0.07341970512996
N           -1.18572817357990        0.63216909505324        0.31211140113131
C            0.02940041632831        1.06719750046900        0.57804168878926
C           -2.67001471639558       -1.13257623828437       -0.35065473111203
O           -3.65021967974882       -0.44671428216361       -0.42023941053162
O           -2.70376416374254       -2.46434009779003       -0.51853532622883
C            2.31701909816019       -1.66060872844523        0.08054189809238
C            2.46668429137223       -2.84458981245732       -0.64348610929903
C            3.64832874541740       -3.54116097043939       -0.58419907974201
C            4.73634810269709       -3.11995550216710        0.19727384951024
C            4.59344024304591       -1.90852741460859        0.88362438896521
C            3.40520441254201       -1.20258707218443        0.81761230801770
Cl           5.84771853082169       -1.18032543242663        1.85105111500134
O            5.77772981791154       -3.97395043076159        0.15678929118665
C            6.91797786881291       -3.84057117510952        0.98024975429174
H           -0.28388388668386       -2.48640327797624       -0.50621684343555
H            0.11672401013106        2.09779504117981        0.89750765912865
H           -3.61554841867834       -2.75228107266630       -0.68507066982363
H            1.66772984029122       -3.21504838980658       -1.26572869591380
H            3.77762778315978       -4.45915030386203       -1.13501066437187
H            3.30515147365970       -0.27257448603114        1.35474771671206
H            7.51530182686248       -2.96713447075385        0.71120524842140
H            6.64988838766123       -3.79341126673601        2.03721780641857
H            7.50097720231337       -4.74391041007570        0.79812911882625
27
 energy: -52.876343917549 gnorm: 0.002610296244 xtb: 6.7.1 (edcfbbe)
N            1.14777407984870        0.36479135944543        0.52304736327914
C            1.06528741128296       -0.90770608567373        0.12611017713857
C           -0.17925051328609       -1.46279727828412       -0.19755092941185
C           -1.28605333551235       -0.63361443302489       -0.07617057338162
N           -1.18258213468809        0.63601109661969        0.30956134967460
C            0.03291154476415        1.06334958195559        0.58633735901064
C           -2.67247139533038       -1.12078564901178       -0.36448013976321
O           -3.64741250278822       -0.42861961797932       -0.44503050352604
O           -2.71316532117070       -2.45262011908033       -0.52846218096979
C            2.31161651562702       -1.67263673348493        0.09373047309175
C            2.45852276964790       -2.86232153695053       -0.62234095835580
C            3.64249699824084       -3.55562841560589       -0.56718733655635
C            4.73636167250479       -3.12506548017339        0.20160492400440
C            4.59610275666539       -1.90858188013623        0.87933126955648
C            3.40498519322808       -1.20690293193624        0.81826249227852
Cl           5.85669162332521       -1.16628524906145        1.82757406344259
O            5.78209546303875       -3.97449060336254        0.15547611166672
C            6.92822923712427       -3.82969897626327        0.96937504423927
H           -0.29276246073912       -2.48948386961105       -0.49951398354221
H            0.12438149514944        2.09342792934096        0.90422261360220
H           -3.62472936777351       -2.73577876082739       -0.70440724968836
H            1.65723384808404       -3.24143339361466       -1.23690296227189
H            3.76763338309201       -4.47750834616881       -1.11307426020274
H            3.30794629864021       -0.27261837493963        1.34947231247338
H            7.52287823943035       -2.96035792395465        0.68184501192651
H            6.66759771295149       -3.76680536714148        2.02754851642614
H            7.50997078864244       -4.73548894107530        0.79590199585983
27
 energy: -52.876383328138 gnorm: 0.002111823075 xtb: 6.7.1 (edcfbbe)
N            1.14834066607452        0.35832795064851        0.53179290326855
C            1.06297904671904       -0.91454633592485        0.13714497698663
C           -0.18271579305527       -1.46530012011835       -0.18982494044100
C           -1.28657612809834       -0.63039178783170       -0.07869213352938
N           -1.17906483006637        0.63996116786014        0.30296913424256
C            0.03643812370726        1.06171432792482        0.58702333994634
C           -2.67255563437614       -1.11229852929876       -0.37602057538751
O           -3.64379768284472       -0.41612729673931       -0.46600007792791
O           -2.71820232140749       -2.44479345416622       -0.53551342659579
C            2.30699275626839       -1.68244586399155        0.10695625765041
C            2.45066122420096       -2.87578459023143       -0.60373370116294
C            3.63617820559233       -3.56693096703918       -0.55266478545361
C            4.73526547565899       -3.12942860667779        0.20476809740184
C            4.59688667867656       -1.91031895161408        0.87798547701999
C            3.40375645926490       -1.21169836425121        0.82219868241577
Cl           5.86287159494565       -1.15833830815747        1.81067596570291
O            5.78593736965153       -3.97257024894265        0.15111020570270
C            6.93586920710314       -3.82041324554913        0.95860429231419
H           -0.29890489298817       -2.49258026016575       -0.48840329694957
H            0.13079259584433        2.09216698008754        0.90357584653370
H           -3.62965290308629       -2.72353860865889       -0.71873003100231
H            1.64687551095768       -3.25957604612441       -1.21201456069221
H            3.75990377595943       -4.48993337072921       -1.09632577785947
H            3.30885521938492       -0.27577912177330        1.35015752574718
H            7.52829895853343       -2.95389255239870        0.65976299233351
H            6.67993072061754       -3.74796184384202        2.01698902111100
H            7.51692659676174       -4.72717195229499        0.79048858862531
27
 energy: -52.876421480601 gnorm: 0.001757376190 xtb: 6.7.1 (edcfbbe)
N            1.14889528706415        0.35223316341404        0.54335091261473
C            1.06104284594519       -0.92068937105345        0.14946276172104
C           -0.18568260536984       -1.46698802929355       -0.18226141318343
C           -1.28662446901022       -0.62651847977085       -0.08171845635120
N           -1.17532518447671        0.64426670123265        0.29767151020501
C            0.03993260300033        1.06047852794767        0.59061018841345
C           -2.67092260300129       -1.10390173646188       -0.38965484500706
O           -3.63898734394261       -0.40468350631207       -0.49217979534900
O           -2.72060324674130       -2.43728901389913       -0.54613947311264
C            2.30206965691230       -1.69238094612913        0.12195053924464
C            2.44031957420051       -2.89143081217252       -0.58045291808289
C            3.62697475995242       -3.58068062391654       -0.53357203620107
C            4.73329606024313       -3.13402697314845        0.20840879775639
C            4.59821962825713       -1.91093485439178        0.87578452668263
C            3.40341300095116       -1.21516340854588        0.82582421219972
Cl           5.87068794139525       -1.14823945855942        1.79038665068861
O            5.78764645222745       -3.97222765190047        0.14757439142969
C            6.94379829302342       -3.81049624506520        0.94474080416457
H           -0.30487929259043       -2.49458646926704       -0.47876586764489
H            0.13681741732116        2.09133677957548        0.90630195131426
H           -3.63194724906791       -2.71099322923062       -0.73826781019820
H            1.63151163741759       -3.28123638174621       -1.17892698632301
H            3.74769071501664       -4.50945043734811       -1.07039077015644
H            3.31229173063231       -0.27484663274272        1.34723767194826
H            7.53227986691212       -2.94596139268753        0.63197894277887
H            6.69583299302415       -3.72743138245434        2.00436967104306
H            7.52454153070340       -4.71780813607287        0.78095683940583
27
 energy: -52.876461337750 gnorm: 0.003369105280 xtb: 6.7.1 (edcfbbe)
N            1.14921519645062        0.33890053397270        0.56711133183893
C            1.05532733408057       -0.93493014607346        0.17870744648729
C           -0.19330810637214       -1.47184390155965       -0.16259801497660
C           -1.28713489892862       -0.61834403356622       -0.08838660911587
N           -1.16784820011298        0.65413574162665        0.28277776000839
C            0.04682260090845        1.05854976053285        0.59435991666756
C           -2.66807989029960       -1.08405665187040       -0.42360166013620
O           -3.62808826049599       -0.37729442805137       -0.55296632972053
O           -2.72754764875438       -2.41929033854551       -0.57104591567100
C            2.29085768679388       -1.71427765275970        0.15778948771046
C            2.41714579525801       -2.92721483965372       -0.52373724136828
C            3.60680933202480       -3.61153997303631       -0.48731683498021
C            4.72918181693063       -3.14449165654298        0.21814739243083
C            4.60141814757970       -1.91241364256017        0.87240555122440
C            3.40287874413068       -1.22247512014153        0.83557570680243
Cl           5.88977890690806       -1.12562714539852        1.74459219779074
O            5.79146246634215       -3.97075639539931        0.13922768155249
C            6.96282858692986       -3.78996981829161        0.91097684549219
H           -0.31987157363177       -2.50048802502513       -0.45195992993258
H            0.14924403554722        2.09051511999074        0.90556704179646
H           -3.63810114181880       -2.68276073305760       -0.78073672187671
H            1.59673395382194       -3.32927687160940       -1.09830409806937
H            3.72424836268115       -4.54650163898802       -1.01212728009483
H            3.31794431341636       -0.27465164126556        1.34331240939693
H            7.54135681152119       -2.92893686855940        0.57004111642378
H            6.73478243096917       -3.68734545956483        1.97335659545341
H            7.54423319811922       -4.69726417460244        0.75311215486690
27
 energy: -52.876479391653 gnorm: 0.002580507480 xtb: 6.7.1 (edcfbbe)
N            1.14854304114918        0.33796493355236        0.56965948851394
C            1.05396401390877       -0.93643313281997        0.18291237330836
C           -0.19455595967833       -1.47252054031528       -0.15994142009715
C           -1.28707389244338       -0.61748852805989       -0.08983160321859
N           -1.16727335712767        0.65544749351104        0.27981091354300
C            0.04701737557973        1.05891452863966        0.59370831843052
C           -2.66754951760201       -1.08161880128623       -0.42848689746421
O           -3.62600676983618       -0.37412090586689       -0.56028492386475
O           -2.72825344757236       -2.41664074550016       -0.57593929039299
C            2.28963441000106       -1.71602137530100        0.16304148072830
C            2.41520750564703       -2.93053276301604       -0.51466016236596
C            3.60539645127325       -3.61396664396080       -0.48029452395066
C            4.72926649448699       -3.14447451482588        0.21949082246966
C            4.60193841553053       -1.91178835707415        0.87187848118299
C            3.40281049012675       -1.22298893783675        0.83723068765140
Cl           5.89147435848597       -1.12452187455258        1.74000829994657
O            5.79126613556465       -3.97059124643679        0.13841329169448
C            6.96537432334538       -3.78802341778932        0.90481050857673
H           -0.32237562071178       -2.50139959668925       -0.44769495264586
H            0.14991456008016        2.09104850717255        0.90400975332676
H           -3.63829551990191       -2.67962495076307       -0.78714685378539
H            1.59244169834925       -3.33592084583584       -1.08334761460952
H            3.72024037021606       -4.55414466878309       -0.99934907211310
H            3.31842473421985       -0.27359243476543        1.34214081262244
H            7.54126368451694       -2.92655170142952        0.56166167420955
H            6.74182903580006       -3.68558705607038        1.96773401705554
H            7.54766698659140       -4.69447242389718        0.74474639124895
27
 energy: -52.876494847708 gnorm: 0.001245248981 xtb: 6.7.1 (edcfbbe)
N            1.14790911005308        0.33915185756794        0.56811233691784
C            1.05330843643416       -0.93594048927486        0.18297230767850
C           -0.19487661148491       -1.47268981426783       -0.15931158705315
C           -1.28730236836291       -0.61819044646069       -0.08918265135326
N           -1.16831418975085        0.65498123477581        0.27994156543035
C            0.04597591697832        1.05944121398668        0.59282986695196
C           -2.66817871315383       -1.08217644421484       -0.42767266212415
O           -3.62607642204787       -0.37428257619876       -0.56071708284903
O           -2.72860845851123       -2.41662713777108       -0.57736470669966
C            2.29015418841640       -1.71443439069492        0.16254284258434
C            2.41569014181928       -2.92996852766388       -0.51274112786665
C            3.60572788204916       -3.61363573153768       -0.47828875314228
C            4.72952519686417       -3.14394079642255        0.22053290635736
C            4.60280927812290       -1.91045626896165        0.87111478764941
C            3.40386675724001       -1.22129571262640        0.83585908841776
Cl           5.89204298661148       -1.12469285322396        1.74105348416916
O            5.79001470638595       -3.97185740155078        0.14058050348472
C            6.96575575079530       -3.78936941146785        0.90350657925869
H           -0.32263113862634       -2.50154263155771       -0.44726612202067
H            0.14835874670686        2.09119820079903        0.90423257265684
H           -3.63811357950740       -2.67982719932520       -0.79049916834122
H            1.59287359912560       -3.33646415421136       -1.07919781571834
H            3.71961658291301       -4.55357022372300       -0.99593408519939
H            3.31919118350565       -0.27203303496262        1.34084721180897
H            7.53972232420836       -2.92584943677338        0.56158839633414
H            6.74533428013355       -3.69019246939543        1.96753474456928
H            7.54851441308149       -4.69538535484292        0.73920656809951
27
 energy: -52.876512450620 gnorm: 0.002337925209 xtb: 6.7.1 (edcfbbe)
N            1.14584190110930        0.34310822939510        0.56430793838775
C            1.05211064588326       -0.93336188523550        0.18205733752422
C           -0.19506347125905       -1.47283844645095       -0.15773751240445
C           -1.28797354983231       -0.62027431633255       -0.08730471328132
N           -1.17196894765472        0.65315638803790        0.28197939806926
C            0.04209809021110        1.06062996040855        0.59264031813881
C           -2.66902362874846       -1.08349739431389       -0.43014185696140
O           -3.62617151388300       -0.37456068358139       -0.56203605592690
O           -2.72937103917756       -2.41668187705959       -0.58327735363665
C            2.29157561444094       -1.70936556669875        0.16196825824806
C            2.41576283140570       -2.92860038380609       -0.50583317258591
C            3.60511405008748       -3.61358649987649       -0.47081361198056
C            4.72922749271936       -3.14327657168926        0.22535400654850
C            4.60468956778887       -1.90717345420463        0.87062274873750
C            3.40710058291334       -1.21561607992163        0.83236947841358
Cl           5.89439302348034       -1.12659146189426        1.74443633817973
O            5.78514984662049       -3.97700478428240        0.14922800137175
C            6.96767164734682       -3.79299132664381        0.89867574799512
H           -0.32238429660378       -2.50195558375197       -0.44521714633163
H            0.14328309064198        2.09267044461809        0.90286914379950
H           -3.63774162189573       -2.68092596308068       -0.79985966997244
H            1.59216084600651       -3.33833273652758       -1.06646826535768
H            3.71546761880248       -4.55463146318350       -0.98341277577215
H            3.32329577084113       -0.26472715861448        1.33438156801490
H            7.53306951565128       -2.92203743990757        0.56016372700769
H            6.75995021634260       -3.70622481712363        1.96701678656120
H            7.55402571676102       -4.69495912827894        0.71831133721451
27
 energy: -52.876520391114 gnorm: 0.001694036621 xtb: 6.7.1 (edcfbbe)
N            1.14574962168306        0.34387173409613        0.56399394935536
C            1.05241102327461       -0.93268556074415        0.18224782736398
C           -0.19472298695499       -1.47250641866629       -0.15751361799395
C           -1.28796312654737       -0.61999069905547       -0.08768627410653
N           -1.17217568978588        0.65342071453930        0.28162442598489
C            0.04183287966977        1.06118949354770        0.59202102671606
C           -2.66903482370587       -1.08372974783764       -0.42978701927120
O           -3.62611084559705       -0.37472343389552       -0.56216149882282
O           -2.72868514710011       -2.41674629174320       -0.58503561184615
C            2.29152483125079       -1.70893494287211        0.16263329829085
C            2.41468395167042       -2.92899112943797       -0.50415268804738
C            3.60360075411197       -3.61471350201782       -0.46849711464998
C            4.72821076679229       -3.14428723559080        0.22728929934451
C            4.60432830098854       -1.90747414152473        0.87154555062920
C            3.40744180034822       -1.21478477554405        0.83212581844601
Cl           5.89461895145088       -1.12759598902162        1.74507006286082
O            5.78369377674724       -3.97878572388279        0.15192501342021
C            6.96854317539483       -3.79274956294631        0.89728807429937
H           -0.32192586681899       -2.50179083322213       -0.44440674583350
H            0.14256638125840        2.09310513365048        0.90296717906655
H           -3.63674613353202       -2.68120830049282       -0.80276662856925
H            1.59063179889604       -3.33883476088753       -1.06476317385619
H            3.71333341457266       -4.55689485865917       -0.98023220094418
H            3.32466254298064       -0.26284522784079        1.33244068932857
H            7.53063503889022       -2.92014418450338        0.55810274644755
H            6.76454484080397       -3.70827264185822        1.96653177582448
H            7.55664076925713       -4.69254711358901        0.71347583656373
27
 energy: -52.876537109253 gnorm: 0.001654224906 xtb: 6.7.1 (edcfbbe)
N            1.14562211392742        0.34746200063859        0.56339674243182
C            1.05426414759190       -0.92901059372928        0.18239084377275
C           -0.19292211313290       -1.47015369148911       -0.15713200129775
C           -1.28768750626159       -0.61814770161621       -0.08954174100625
N           -1.17268413890573        0.65506010839047        0.28033501824323
C            0.04090397403432        1.06374830452503        0.59055316607014
C           -2.66737363961701       -1.08410069410196       -0.43315682756067
O           -3.62581256812303       -0.37603155157885       -0.56180224308389
O           -2.72406592340446       -2.41691650022663       -0.59403564200378
C            2.29107069931901       -1.70741062407617        0.16548204665625
C            2.40917868800819       -2.93163468616261       -0.49586623378835
C            3.59548662248606       -3.62136323206150       -0.45609525670996
C            4.72249236559628       -3.15057038636934        0.23763661405601
C            4.60208900510357       -1.91002043777684        0.87630664969045
C            3.40858352635454       -1.21184982595482        0.83109968713946
Cl           5.89413530845359       -1.13290078437112        1.74950044227544
O            5.77567824254359       -3.98884563772381        0.16646459459982
C            6.97296900367953       -3.79048783229198        0.88994269324798
H           -0.31950028239925       -2.50006323602682       -0.44166163924784
H            0.14000154267454        2.09586505439411        0.90205770196641
H           -3.63145542234748       -2.68271412153927       -0.81314765978237
H            1.58336699790341       -3.34126050000695       -1.05679862108329
H            3.70264485431042       -4.56849423953833       -0.96367149390627
H            3.33053013599902       -0.25545111282041        1.32407303747549
H            7.51673038966022       -2.90929543849778        0.54481523597798
H            6.78818998953073       -3.71532125611943        1.96347731572756
H            7.56985398701449       -4.67974138386895        0.68965757014060
27
 energy: -52.876545368690 gnorm: 0.001045614755 xtb: 6.7.1 (edcfbbe)
N            1.14590025279141        0.34805413220934        0.56303224230313
C            1.05420988492419       -0.92855819216901        0.18237981485408
C           -0.19306921815187       -1.46933185907340       -0.15731878601703
C           -1.28747399298683       -0.61720724701804       -0.09036615467804
N           -1.17222069742348        0.65621455289209        0.27885833994654
C            0.04129492334650        1.06451658825905        0.58989422893854
C           -2.66693359344870       -1.08360528219878       -0.43378237279998
O           -3.62611170652813       -0.37639416711302       -0.56134614049285
O           -2.72243722883756       -2.41622270534073       -0.59682684350627
C            2.29068710440516       -1.70770564267983        0.16611432767471
C            2.40810454698370       -2.93320571416999       -0.49277750582445
C            3.59380629462715       -3.62367488352757       -0.45179405547669
C            4.72114267905061       -3.15268587059779        0.24084820686430
C            4.60156814646885       -1.91128576797653        0.87773078290502
C            3.40842747988380       -1.21246215224392        0.83143743618217
Cl           5.89274475610367       -1.13415338478348        1.75225554469306
O            5.77319998680002       -3.99220397724425        0.17097276250382
C            6.97428531761698       -3.78897381518553        0.88680651335191
H           -0.31983014810659       -2.49925555043859       -0.44163629358022
H            0.14065565720988        2.09691693333374        0.90022024888801
H           -3.62969768777213       -2.68230132269451       -0.81600533859269
H            1.58219566333723       -3.34310234709977       -1.05256754581758
H            3.70032479706664       -4.57128479348249       -0.95741976985645
H            3.33078021382233       -0.25577630881393        1.32364495659315
H            7.51210061874647       -2.90563186797658        0.53785534385258
H            6.79582996062219       -3.71392325226976        1.96133184125111
H            7.57280598944791       -4.67640610259669        0.68273821584105
27
 energy: -52.876559701094 gnorm: 0.000861990402 xtb: 6.7.1 (edcfbbe)
N            1.14736798357302        0.34826743871466        0.56184240131461
C            1.05385932709786       -0.92864617805880        0.18218835447811
C           -0.19371491683813       -1.46749400765766       -0.15878541870014
C           -1.28678123692612       -0.61439705912124       -0.09290360739591
N           -1.17000443963908        0.65972523951398        0.27405263920112
C            0.04387322625478        1.06657722193891        0.58576588459307
C           -2.66573849279803       -1.08115174712465       -0.43670453026351
O           -3.62763194983478       -0.37661128540249       -0.55829287799304
O           -2.71902260566406       -2.41359070261595       -0.60304474463660
C            2.28920362123162       -1.70999038734871        0.16797114127331
C            2.40554168285688       -2.93793382524918       -0.48608563180459
C            3.59026056201613       -3.62959384703082       -0.44229098537942
C            4.71804090305417       -3.15808332223211        0.24856882512194
C            4.59967972436669       -1.91540848802225        0.88254779030237
C            3.40697516045829       -1.21577033821781        0.83377336659522
Cl           5.88779973342904       -1.13728871466038        1.76108850495522
O            5.76786947531261       -3.99994587460207        0.18152662830819
C            6.97769238801949       -3.78374979693936        0.87882992076431
H           -0.32123142338351       -2.49727683538847       -0.44323007970956
H            0.14421133882242        2.09872092291700        0.89634245476055
H           -3.62667814025787       -2.68009909017715       -0.81963255114034
H            1.57958495253806       -3.34847451962784       -1.04381323591817
H            3.69574181362066       -4.57835353197375       -0.94362382684262
H            3.32936649788759       -0.25908295166947        1.32557522858427
H            7.50261918538902       -2.89765977604090        0.51721977436792
H            6.81428222863785       -3.70411278497610        1.95516204323010
H            7.57912340077480       -4.66822575894745        0.67023253193451
27
 energy: -52.876569231790 gnorm: 0.001330260695 xtb: 6.7.1 (edcfbbe)
N            1.14871443280621        0.34811873622586        0.56062298312721
C            1.05363054478603       -0.92892809453775        0.18163036583157
C           -0.19427162661854       -1.46603171251782       -0.16053711092438
C           -1.28616405536022       -0.61150761368630       -0.09624873756310
N           -1.16791720934025        0.66291848299113        0.26945303128018
C            0.04612168369217        1.06792022223252        0.58298739618565
C           -2.66557960061581       -1.07857406476897       -0.43731061045206
O           -3.62931565003310       -0.37574069387907       -0.55382469871532
O           -2.71682367567744       -2.41046961449851       -0.61045938804655
C            2.28758843487433       -1.71255858211319        0.17073658270529
C            2.40253712755123       -2.94304120456365       -0.47878754134786
C            3.58637322920168       -3.63592402098649       -0.43218783444300
C            4.71468748660038       -3.16360971548069        0.25724298149253
C            4.59728287521218       -1.91961559566641        0.88857030331160
C            3.40537430633880       -1.21867874006685        0.83670188198234
Cl           5.88345036359059       -1.14162689812691        1.77046317094430
O            5.76279377037735       -4.00757613261827        0.19302180394695
C            6.98192500207555       -3.77823766230093        0.87039194573711
H           -0.32278428635931       -2.49588361695166       -0.44424615747578
H            0.14832910616104        2.10125386583519        0.88895376070369
H           -3.62472899308555       -2.67707506497828       -0.82581134617438
H            1.57642267318509       -3.35436364563343       -1.03539701902610
H            3.69088278387776       -4.58636031885496       -0.93006557095447
H            3.32819265890333       -0.26111175595148        1.32692185848731
H            7.49372841802736       -2.88963856381296        0.49538968558628
H            6.83475201076017       -3.69400365417680        1.94897691956009
H            7.58708818906837       -4.65930434111342        0.65709134424175
27
 energy: -52.876577305069 gnorm: 0.001002511657 xtb: 6.7.1 (edcfbbe)
N            1.14959099311165        0.34753497517268        0.55892384211171
C            1.05330281176380       -0.93000684637891        0.18177060341127
C           -0.19484502958200       -1.46593591856735       -0.16131295435411
C           -1.28594531813514       -0.61015404359639       -0.09817437887991
N           -1.16650698796280        0.66456270303941        0.26602520966343
C            0.04795196180057        1.06884761108885        0.57883794210741
C           -2.66598914992912       -1.07631449095577       -0.43813935277175
O           -3.63024132794867       -0.37347758129212       -0.54995129182767
O           -2.71737161372194       -2.40769957226786       -0.61572388401911
C            2.28646704166907       -1.71488754507214        0.17343158423013
C            2.40081287185674       -2.94679016424693       -0.47359712921114
C            3.58438621442250       -3.64004707854872       -0.42554668150035
C            4.71293528302337       -3.16684330813800        0.26309435529623
C            4.59549430995698       -1.92226568131830        0.89325662442835
C            3.40410961899626       -1.22067052640093        0.83938085444977
Cl           5.88094469354949       -1.14478417201830        1.77677273817392
O            5.76069867053518       -4.01139365110271        0.20030434690707
C            6.98519122934021       -3.77432595448464        0.86462709232458
H           -0.32426854263238       -2.49575980946177       -0.44465147370337
H            0.15113518362559        2.10224219975861        0.88432615455272
H           -3.62572132287311       -2.67375423695331       -0.82994377780142
H            1.57465331996037       -3.35892649073477       -1.02979797001900
H            3.68853253976076       -4.59150946094631       -0.92190497236182
H            3.32708288984268       -0.26228914178772        1.32813880813733
H            7.48932347648582       -2.88528303380750        0.48086001633774
H            6.84843688278073       -3.68604170249270        1.94419491792301
H            7.59212930030280       -4.65367707848651        0.64907877639581
27
 energy: -52.876586275760 gnorm: 0.000341120314 xtb: 6.7.1 (edcfbbe)
N            1.15039711122331        0.34605941954669        0.55659956054417
C            1.05269506283200       -0.93216721344263        0.18213177785980
C           -0.19582178045712       -1.46695434149079       -0.16144337136178
C           -1.28595135482297       -0.60942169047504       -0.09997051126644
N           -1.16503514349185        0.66558911714542        0.26234884290964
C            0.04993640780528        1.06914344096086        0.57406777368917
C           -2.66712803222887       -1.07320615517510       -0.43921386660986
O           -3.63089569450736       -0.36868078559406       -0.54472303374410
O           -2.72043324478639       -2.40369764175802       -0.62234709067818
C            2.28506685336601       -1.71821688243254        0.17726832604627
C            2.39919957020968       -2.95137839522124       -0.46748517886964
C            3.58291739894402       -3.64449009797961       -0.41839421478646
C            4.71152888712029       -3.16989868821913        0.26949864584154
C            4.59344025893682       -1.92473434306125        0.89870834583162
C            3.40243329859821       -1.22287243294446        0.84298382814501
Cl           5.87852248813188       -1.14753479835927        1.78298193612219
O            5.75986253084774       -4.01402461742958        0.20742599080389
C            6.98941378239565       -3.76983235035538        0.85822649144135
H           -0.32664268818825       -2.49692586605597       -0.44364654444870
H            0.15467769084831        2.10322713590600        0.87684038570357
H           -3.62952650461221       -2.66820402924000       -0.83543239941475
H            1.57304197653940       -3.36467584629431       -1.02341669718001
H            3.68711010644943       -4.59684226029939       -0.91391297842457
H            3.32527614052484       -0.26362425428964        1.33013177954747
H            7.48682792623351       -2.88123725177544        0.46551527636963
H            6.86396017247102       -3.67722884071291        1.93866509975035
H            7.59741677961705       -4.64782033095335        0.64087182617961
27
 energy: -52.876592133941 gnorm: 0.000387923908 xtb: 6.7.1 (edcfbbe)
N            1.15107477531209        0.34480390693628        0.55411839542726
C            1.05198561894309       -0.93431715380504        0.18306823108938
C           -0.19695540862254       -1.46822680895442       -0.16051582107157
C           -1.28606894419167       -0.60900303853323       -0.10129242721119
N           -1.16370159426454        0.66655323907758        0.25842171459225
C            0.05175077165519        1.06961016570845        0.56886900629305
C           -2.66834542432873       -1.07042261293183       -0.43974470065906
O           -3.63122882062232       -0.36387498315807       -0.53987033577109
O           -2.72358071704748       -2.39983773786041       -0.62917985843730
C            2.28377114123453       -1.72127614081454        0.18090589321866
C            2.39766871129689       -2.95567508858645       -0.46155375987799
C            3.58149510070973       -3.64871159579585       -0.41160722721006
C            4.71029298751114       -3.17269784694349        0.27506075418287
C            4.59185646465118       -1.92689724898122        0.90312589904500
C            3.40106210035237       -1.22487474012593        0.84613386504222
Cl           5.87694962455401       -1.15024711712075        1.78775956676576
O            5.75907250555146       -4.01648930338825        0.21367228359466
C            6.99342848038446       -3.76570033494330        0.85250272339415
H           -0.32913228616521       -2.49849521665482       -0.44107719918493
H            0.15758940829912        2.10400143682048        0.87017640264411
H           -3.63328112847503       -2.66256076310554       -0.84198814024390
H            1.57143856613528       -3.36995358414814       -1.01694897125998
H            3.68570174049053       -4.60186244979206       -0.90607360065645
H            3.32397393369504       -0.26474786905507        1.33162905845796
H            7.48409514682843       -2.87626339103200        0.45250301483649
H            6.87822375940389       -3.67053834854465        1.93402524199202
H            7.60315348670848       -4.64194537426794        0.63215999100839
27
 energy: -52.876595778445 gnorm: 0.000439892321 xtb: 6.7.1 (edcfbbe)
N            1.15168415863751        0.34344555333161        0.55292899343400
C            1.05141112779672       -0.93622317876663        0.18416129797951
C           -0.19798692346002       -1.46942932309669       -0.15900675205887
C           -1.28612682253867       -0.60873558176224       -0.10205662154560
N           -1.16246113822054        0.66731744989049        0.25543963393919
C            0.05322843945094        1.06956465190264        0.56591176597360
C           -2.66906664156640       -1.06829172578100       -0.44040908429557
O           -3.63136703514379       -0.36040660246080       -0.53676289150552
O           -2.72576343249919       -2.39692373407114       -0.63413234122839
C            2.28275691367214       -1.72389433770096        0.18363117687230
C            2.39671189983463       -2.95894967513830       -0.45748247925324
C            3.58089551771784       -3.65144710989326       -0.40750856317586
C            4.70997223483857       -3.17415243125644        0.27784690674818
C            4.59103052488927       -1.92818823885100        0.90556454070170
C            3.39998301757669       -1.22670486527820        0.84841913860133
Cl           5.87576442318592       -1.15073955674083        1.78992021875493
O            5.75937757417989       -4.01718768186837        0.21625280615885
C            6.99600869804606       -3.76275592882719        0.84878123486027
H           -0.33124486288581       -2.50008375078896       -0.43770718553063
H            0.16017494009221        2.10457878985286        0.86470413763558
H           -3.63596977456640       -2.65811265983535       -0.84671852950658
H            1.57032204681486       -3.37398130089211       -1.01216307998351
H            3.68524180968044       -4.60507471214190       -0.90113452387133
H            3.32268601857459       -0.26630714167097        1.33330661459680
H            7.48286964492924       -2.87308312978684        0.44511623436631
H            6.88576228153236       -3.66584845808131        1.93037304377591
H            7.60639535943036       -4.63803532028733        0.62700430755731
