26
 energy: -49.953565060875 gnorm: 0.091109723704 xtb: 6.7.1 (edcfbbe)
N            1.19668000000000        0.45163000000000        0.16603000000000
C            1.06279000000000       -0.88492000000000        0.02782000000000
C           -0.17232000000000       -1.48950000000000       -0.08491000000000
C           -1.26584000000000       -0.64832000000000       -0.05121000000000
N           -1.16916000000000        0.69392000000000        0.06602000000000
C            0.07048000000000        1.17647000000000        0.16719000000000
C           -2.65828000000000       -1.18884000000000       -0.13001000000000
O           -3.69517000000000       -0.55090000000000       -0.11945000000000
O           -2.69256000000000       -2.53653000000000       -0.21113000000000
C            2.31605000000000       -1.65709000000000        0.03305000000000
C            3.27995000000000       -1.43018000000000        1.04119000000000
C            4.46289000000000       -2.19153000000000        1.06516000000000
C            4.65840000000000       -3.14192000000000        0.07197000000000
C            3.75505000000000       -3.39340000000000       -0.95478000000000
C            2.57748000000000       -2.63233000000000       -0.95075000000000
O            5.84828000000000       -3.77836000000000        0.25387000000000
C            6.41743000000000       -3.24099000000000        1.36466000000000
C            5.60960000000000       -2.26340000000000        1.89902000000000
H           -0.27521000000000       -2.56327000000000       -0.16878000000000
H            0.17680000000000        2.25197000000000        0.26107000000000
H           -3.65408000000000       -2.73346000000000       -0.23955000000000
H            3.10501000000000       -0.67616000000000        1.80517000000000
H            3.95796000000000       -4.13843000000000       -1.71438000000000
H            1.85931000000000       -2.80255000000000       -1.75213000000000
H            7.37825000000000       -3.65241000000000        1.64088000000000
H            5.81904000000000       -1.67639000000000        2.78162000000000
26
 energy: -49.959784597729 gnorm: 0.031974912420 xtb: 6.7.1 (edcfbbe)
N            1.19934188752811        0.44143532044480        0.17669099506375
C            1.08646645250876       -0.88442574594115        0.03363502214647
C           -0.16191822276267       -1.48924282497335       -0.09051637697675
C           -1.26348645041822       -0.64836323592057       -0.05413681465242
N           -1.15044029301915        0.67814483883506        0.06451009315129
C            0.07947462147942        1.15016476715321        0.17083028131478
C           -2.65593777671388       -1.18234406383209       -0.12959250118814
O           -3.66985323255880       -0.53503560566267       -0.11867129498442
O           -2.69752581047140       -2.52743825905968       -0.21197682468865
C            2.33795533761093       -1.66068987843695        0.04280098398134
C            3.28225652773376       -1.42230890979223        1.03876024285744
C            4.45198180786293       -2.18429825051307        1.06068986432758
C            4.65273849767092       -3.14780406031449        0.06148696321505
C            3.74107188285327       -3.38935719401589       -0.95456260082690
C            2.57768088471042       -2.63864542505290       -0.93743882717749
O            5.83890527045489       -3.77788625235838        0.24985798525363
C            6.39416132977712       -3.22782415190542        1.35955688412269
C            5.60391040939176       -2.26035168382040        1.89592806493762
H           -0.26906029113230       -2.55866281382778       -0.17927463895664
H            0.18255124202370        2.22339116995336        0.26548029069412
H           -3.64569621217339       -2.75503421238879       -0.24467373527852
H            3.09980883659144       -0.67068141291640        1.79366754472959
H            3.93553967111113       -4.12797639351524       -1.71526257132180
H            1.85289405841707       -2.79600210106867       -1.72659813241965
H            7.34965460400229       -3.62768302650931        1.64453543196442
H            5.81635496752189       -1.67797059456101        2.77191367071161
26
 energy: -49.961038273949 gnorm: 0.008973272113 xtb: 6.7.1 (edcfbbe)
N            1.20221732888980        0.43434241132300        0.19341702788804
C            1.10025223359602       -0.88370623313408        0.03810851002255
C           -0.15386059483478       -1.48921981702363       -0.10060258901395
C           -1.26022536708684       -0.64901726856647       -0.05864628778287
N           -1.13761194780725        0.66918605033099        0.06651597726647
C            0.08692980459757        1.13637890460939        0.18094402416080
C           -2.65487935024540       -1.17681009165732       -0.13574252502600
O           -3.65443934050821       -0.51600008806724       -0.11987471623431
O           -2.69639707668337       -2.52061123638495       -0.21677020721129
C            2.34670975892048       -1.66495438511439        0.05134693238837
C            3.28377927769132       -1.41636630342254        1.03797495072415
C            4.44531170487934       -2.18026870210859        1.05554008490186
C            4.65010016307735       -3.15480316181235        0.05571709810812
C            3.72696164200572       -3.39106376656973       -0.95137045164595
C            2.56995211678198       -2.64448390852343       -0.92886739529272
O            5.83404529132682       -3.77844270532336        0.24837885607436
C            6.38264231527139       -3.22012438598012        1.35505211649774
C            5.60324352701902       -2.25486205186608        1.89003841428437
H           -0.26252034941417       -2.55609304492473       -0.19947073193957
H            0.18872209078375        2.20919709641988        0.27984529458072
H           -3.63174756357781       -2.78472303398657       -0.25145753914230
H            3.10289287068187       -0.65650399025127        1.78102998087153
H            3.91416291773255       -4.12950478669220       -1.71246083129659
H            1.83139983901297       -2.79628412606259       -1.70204154623559
H            7.33656633276099       -3.61110847174153        1.64987244118460
H            5.81462237512891       -1.67104290347010        2.76116311186741
26
 energy: -49.961269362192 gnorm: 0.006568030420 xtb: 6.7.1 (edcfbbe)
N            1.20335075563618        0.43316506927600        0.20789110611005
C            1.10224787525261       -0.88276400735510        0.04087306482014
C           -0.15153052697624       -1.48850505572438       -0.10901137207243
C           -1.25858407534927       -0.64896283679041       -0.06321640465181
N           -1.13515561844995        0.66853644177438        0.06980787987924
C            0.08858822774433        1.13573109977141        0.19253667817209
C           -2.65480168003803       -1.17488083675068       -0.14009631302516
O           -3.65023878472758       -0.50774199321235       -0.12404079190796
O           -2.69301951384553       -2.51734640280723       -0.22435335129664
C            2.34590275059809       -1.66593401213219        0.05476030896755
C            3.28765459234372       -1.41034253849669        1.03546178306065
C            4.44583483245033       -2.17802459939580        1.05149071713641
C            4.64850904678898       -3.15969027250164        0.05577506939196
C            3.71820258075005       -3.39806290081362       -0.94539552722764
C            2.56113369094048       -2.65164316171247       -0.92123478312158
O            5.83159670517523       -3.78150228331050        0.24929081868093
C            6.38288814292090       -3.21822598404231        1.35111681590942
C            5.60613938729402       -2.24991291867171        1.88454508134138
H           -0.25933009609480       -2.55455867659293       -0.21790229682417
H            0.19013451656912        2.20831919869580        0.29752930034147
H           -3.62189622544964       -2.80098000022058       -0.26078658820129
H            3.11046717841762       -0.64427204680799        1.77303130257220
H            3.90093623988604       -4.13955539750833       -1.70556838679736
H            1.81533104240895       -2.80315714112717       -1.68687408754764
H            7.33754319509178       -3.60554732906758        1.64961267477509
H            5.81692576066266       -1.66103141447592        2.75239730151500
26
 energy: -49.961495256847 gnorm: 0.004598552690 xtb: 6.7.1 (edcfbbe)
N            1.20367453747653        0.43292966778036        0.23708301439524
C            1.10269696357160       -0.88022302037361        0.04547664529715
C           -0.14887297340713       -1.48516256619934       -0.12607332897828
C           -1.25615323598180       -0.64763561682714       -0.07099591241257
N           -1.13429811015125        0.66951842105689        0.08054843929263
C            0.08856932111653        1.13724952214006        0.21869670053213
C           -2.65437554801548       -1.17215023491002       -0.15480052519512
O           -3.64601858089457       -0.49906368049235       -0.13478135931953
O           -2.68539330407038       -2.51221144930956       -0.24078451582888
C            2.34291452429541       -1.66543320384207        0.05885807970178
C            3.29598477876747       -1.39897172129331        1.02873114696969
C            4.44930241096936       -2.17345311684001        1.04371832143643
C            4.64414744107646       -3.16842658644474        0.05851250870393
C            3.70247908148437       -3.41465478336581       -0.93131094381882
C            2.54643078892763       -2.66522497054173       -0.90630276312103
O            5.82575189883660       -3.78944876803083        0.25284149083541
C            6.38561410771546       -3.21637888350877        1.34418480959597
C            5.61432054825976       -2.23839079895425        1.87152383581213
H           -0.25426558575239       -2.54965199865172       -0.25474387061962
H            0.18939355960969        2.20879332550239        0.33762225700721
H           -3.60442954143742       -2.82397262711625       -0.27833761785896
H            3.12774498484223       -0.62057705984156        1.75601092376771
H            3.87571242753804       -4.16525738538507       -1.68641790684865
H            1.78999731183485       -2.82158669738257       -1.66023221641378
H            7.34136460073534       -3.59947561988919        1.64681038901375
H            5.82653759265319       -1.63803014727974        2.73180239805391
26
 energy: -49.961615076953 gnorm: 0.005092672683 xtb: 6.7.1 (edcfbbe)
N            1.20270329165867        0.43276089530201        0.25825922214907
C            1.10198943087238       -0.87839127529201        0.04868780899438
C           -0.14794507113559       -1.48112233062673       -0.13818474994925
C           -1.25507446946015       -0.64534215843190       -0.07550056085993
N           -1.13515742242144        0.67092415189843        0.09181575749615
C            0.08712330487673        1.13789841060713        0.24119212621804
C           -2.65402448537064       -1.17058544234977       -0.16358589529910
O           -3.64536595861453       -0.49705910716587       -0.14624083308179
O           -2.67990570792680       -2.50904414339604       -0.25571080054397
C            2.34098518719481       -1.66426119639073        0.06045955707163
C            3.30251987327953       -1.39049006680557        1.02160940648668
C            4.45333328550532       -2.16876894224844        1.03754995831722
C            4.63960108628259       -3.17485655071601        0.06258248165428
C            3.69093068174732       -3.42960853620079       -0.91845257663371
C            2.53720120500726       -2.67598247137934       -0.89452663067880
O            5.82025500621556       -3.79706390932500        0.25725704194325
C            6.38869725847447       -3.21411440946363        1.33889216846324
C            5.62227628992915       -2.22780066636847        1.85984250548118
H           -0.25184904438462       -2.54398541339158       -0.28155702501815
H            0.18736963084664        2.20806465560882        0.37269920210695
H           -3.59380295483114       -2.83265943475149       -0.29664596902642
H            3.14103551250362       -0.60365362017567        1.74149745856554
H            3.85647136988040       -4.18911658315911       -1.66689299141389
H            1.77593676590537       -2.83888693635560       -1.64224316308956
H            7.34498184212156       -3.59575507351655        1.64200120795853
H            5.83854409184368       -1.61798984590601        2.71283529268818
26
 energy: -49.961784816428 gnorm: 0.005813530300 xtb: 6.7.1 (edcfbbe)
N            1.20065965465273        0.43182396196340        0.28453243321550
C            1.10083793037585       -0.87641009654782        0.05187993823027
C           -0.14755569782046       -1.47469239359470       -0.15306958436539
C           -1.25454547841237       -0.64123286218737       -0.07895471664588
N           -1.13712353429130        0.67282429486291        0.11110166460193
C            0.08459602709601        1.13741813016819        0.27294200992550
C           -2.65313844747657       -1.16849802094018       -0.17954025710185
O           -3.64659516368637       -0.49822517238805       -0.16489537503327
O           -2.67318821305060       -2.50599114220730       -0.27510416459870
C            2.33909497564293       -1.66272608235177        0.06093813978131
C            3.31061602960060       -1.37974085448092        1.01047693732588
C            4.45930044912319       -2.16147935929790        1.02942773793728
C            4.63283048189170       -3.18295510378476        0.06956774158421
C            3.67662169224401       -3.45028884150593       -0.90034519485542
C            2.52687471253796       -2.69025165660099       -0.87952835989635
O            5.81245140400066       -3.80796907728461        0.26465580123906
C            6.39279399026728       -3.21044226409892        1.33266319650776
C            5.63385207078586       -2.21230728552362        1.84332881529790
H           -0.25034378661221       -2.53486110072514       -0.31558209436821
H            0.18417278005155        2.20523581797751        0.42280107438139
H           -3.58323993406678       -2.83598295579001       -0.32045913587848
H            3.15745225389858       -0.58247211550821        1.72069651588192
H            3.83224752484507       -4.22279458210137       -1.63755713798555
H            1.76217967273662       -2.86338614234129       -1.62162327971041
H            7.34953732446665       -3.59181874177664        1.63407811054908
H            5.85844128119965       -1.58966635393446        2.68520918398015
26
 energy: -49.962009460161 gnorm: 0.006642879547 xtb: 6.7.1 (edcfbbe)
N            1.19772304811327        0.42914271030522        0.31907364675055
C            1.10000936778302       -0.87445540759774        0.05655957406376
C           -0.14747660495663       -1.46547153128339       -0.17073681652122
C           -1.25471572762524       -0.63487434174195       -0.08122149204145
N           -1.13984944863521        0.67460582484580        0.14126624998112
C            0.08136355363398        1.13442334871304        0.31912880514360
C           -2.65127840264349       -1.16576903321164       -0.19955986403974
O           -3.64909004394955       -0.50200999327594       -0.19638694839846
O           -2.66441745458590       -2.50294118412571       -0.30265620638013
C            2.33750578713319       -1.66144789696530        0.06086961018409
C            3.32167325663208       -1.36443522652300        0.99346389323023
C            4.46795348069886       -2.14996106120958        1.01777504753893
C            4.62291239146389       -3.19433598481175        0.08051449388745
C            3.65680286748334       -3.47919680283106       -0.87409176165061
C            2.51301614870480       -2.71026106840160       -0.85911836732409
O            5.80100255286524       -3.82393592795025        0.27649894494006
C            6.39799491055030       -3.20454238174328        1.32431939139284
C            5.65129615729660       -2.18905710374466        1.81883658739565
H           -0.25019531230688       -2.52131174082597       -0.35879782480881
H            0.18012591070135        2.19850275049219        0.49523301058220
H           -3.57269402732814       -2.83368470594271       -0.35978592706264
H            3.17974567622344       -0.55211286944651        1.68912268304354
H            3.79904592897002       -4.27059870477353       -1.59354753584973
H            1.74444607210529       -2.89805276456996       -1.59415298412882
H            7.35518044525303       -3.58700639925145        1.62179623514202
H            5.89074946641964       -1.54810250412916        2.64323755492914
26
 energy: -49.962219988883 gnorm: 0.006633841389 xtb: 6.7.1 (edcfbbe)
N            1.19489179745624        0.42393124431926        0.35775974413320
C            1.10017479397236       -0.87347480543349        0.06232243089859
C           -0.14729375002166       -1.45605761379185       -0.18730359911961
C           -1.25532611838168       -0.62838240989793       -0.08069221909643
N           -1.14228466663111        0.67434355558575        0.17933025045290
C            0.07860515962598        1.12807371350918        0.37347179596631
C           -2.64826719183983       -1.16183309670189       -0.22686925150027
O           -3.65038704166433       -0.50452910084986       -0.23747982979409
O           -2.65615286548536       -2.49970464689484       -0.33398153421045
C            2.33636518633524       -1.66168697846451        0.06082518696623
C            3.33455738939958       -1.34622540408343        0.97253234078760
C            4.47783108043902       -2.13587960616136        1.00327128118038
C            4.61209206903231       -3.20766103751921        0.09341495274987
C            3.63391994705242       -3.51152553027642       -0.84298002427019
C            2.49627204424662       -2.73388848900025       -0.83555538628969
O            5.78823027364074       -3.84165191884656        0.29118075307414
C            6.40362065558419       -3.19680866061327        1.31452822569318
C            5.67192425740505       -2.16149905014876        1.78910353918154
H           -0.25140490881095       -2.50630381945559       -0.40371440504338
H            0.17638195168825        2.18719761458240        0.58044925781135
H           -3.56501000232131       -2.82646177934961       -0.40859709231754
H            3.20505801592223       -0.51568352146467        1.64948523078002
H            3.76179872431400       -4.32411045691072       -1.54110971816320
H            1.72208498623877       -2.93700828180180       -1.56102227611445
H            7.36140347214973       -3.58063009285693        1.60769485456555
H            5.92974474065389       -1.49942982747349        2.59157549167774
26
 energy: -49.962373456977 gnorm: 0.004707998649 xtb: 6.7.1 (edcfbbe)
N            1.19298190953648        0.41676545859589        0.38623410183048
C            1.10055860650646       -0.87497394792673        0.06844174256951
C           -0.14764267070892       -1.45068731920366       -0.19459687745438
C           -1.25627993880169       -0.62471224335488       -0.07787747122954
N           -1.14389188973486        0.67115086562163        0.20982174047662
C            0.07703678702277        1.11938272980924        0.41614057142028
C           -2.64565536853626       -1.15735663343965       -0.24649211274206
O           -3.64920387473488       -0.50221508588302       -0.27548084638255
O           -2.65375541148286       -2.49620896104752       -0.35897315432787
C            2.33572288373583       -1.66407857771018        0.06147421870498
C            3.34445321177026       -1.33317094846612        0.95547569432415
C            4.48567004542044       -2.12503302258188        0.99079597016976
C            4.60547303415045       -3.21722062692998        0.10333377559880
C            3.61728107701414       -3.53490143278743       -0.81766179608942
C            2.48323055354025       -2.75259810064740       -0.81645702159660
O            5.78034562009795       -3.85286288852077        0.30276177985619
C            6.40896669451719       -3.18924270568949        1.30589035364288
C            5.68860153306173       -2.13989305670188        1.76391410121546
H           -0.25451228942274       -2.49579856812410       -0.42980394650227
H            0.17414269142967        2.17363081780515        0.64563196892043
H           -3.56544937993631       -2.81314680400821       -0.45381640538719
H            3.22370582509767       -0.48858743481047        1.61607805076146
H            3.73533545131883       -4.36283749186105       -1.49838487857989
H            1.70325816268388       -2.96670603859719       -1.53228913724253
H            7.36764026244183       -3.57341694518107        1.59579499354191
H            5.96081647401317       -1.46217103835905        2.54768458450057
26
 energy: -49.962479194640 gnorm: 0.002974920693 xtb: 6.7.1 (edcfbbe)
N            1.19173973550580        0.40859688952864        0.41077900066574
C            1.10078034279535       -0.87839450370466        0.07468554241833
C           -0.14816606793463       -1.44953250962701       -0.19816282839325
C           -1.25703112269698       -0.62388571547549       -0.07548802004919
N           -1.14459582223683        0.66601765885702        0.23495881029365
C            0.07635130339346        1.11004717584500        0.45139367027984
C           -2.64400786498550       -1.15153842410516       -0.26686704833161
O           -3.64487705598297       -0.49313903390217       -0.30924089232994
O           -2.65715153409435       -2.49115785561429       -0.38053714271013
C            2.33528380576079       -1.66783082147134        0.06308944226384
C            3.35274056509351       -1.32335341990211        0.94181718227923
C            4.49246199948804       -2.11639844839077        0.97930555502100
C            4.60227164563124       -3.22481847670387        0.11052408294840
C            3.60479650376017       -3.55334154602549       -0.79669092097524
C            2.47257112681877       -2.76893809827150       -0.79991232176500
O            5.77574992616300       -3.86070831599866        0.31230726094836
C            6.41464346115048       -3.18138857648817        1.29737491263771
C            5.70265414942871       -2.12142037554431        1.74192286012636
H           -0.25814241283733       -2.49066109471758       -0.44812042519468
H            0.17293273087566        2.15978863018612        0.70023405399193
H           -3.57118641486029       -2.79849889282016       -0.49091318308578
H            3.23824087778702       -0.46756288840613        1.58817731923274
H            3.71562367629838       -4.39270013720718       -1.46389229756898
H            1.68568611433099       -2.99136499885382       -1.50500624116429
H            7.37452958891309       -3.56384125908978        1.58605706647859
H            5.98493074243497       -1.43086496209688        2.50984456198143
26
 energy: -49.962551457383 gnorm: 0.002577262564 xtb: 6.7.1 (edcfbbe)
N            1.19060475665934        0.40021993197993        0.42926362469447
C            1.10000463058399       -0.88331796989808        0.08088900563975
C           -0.14938290159151       -1.45136349299055       -0.19780124267845
C           -1.25774494416714       -0.62480080458907       -0.07324492024783
N           -1.14517814181960        0.66057317025020        0.25306278741417
C            0.07572909020451        1.10121960386022        0.47827500129790
C           -2.64404286656417       -1.14483849669337       -0.28117234259839
O           -3.63984602727917       -0.47942288172641       -0.33746790453290
O           -2.66480754078396       -2.48450801372828       -0.39908114060960
C            2.33465986924319       -1.67214466272511        0.06531782960559
C            3.35894115085328       -1.31739122111259        0.93209723527110
C            4.49832634146577       -2.11029389567816        0.96972300712125
C            4.60174630292582       -3.23029181571926        0.11520977125507
C            3.59697655326132       -3.56738137732041       -0.78081454915381
C            2.46546037588196       -2.78221298984912       -0.78663581828199
O            5.77458383765670       -3.86508829086117        0.31888253300551
C            6.42081229758116       -3.17394749030896        1.28948922803027
C            5.71384719202989       -2.10680976766014        1.72421443568849
H           -0.26224505434161       -2.48969296946108       -0.45673731397333
H            0.17211247296099        2.14712666225697        0.74130997141375
H           -3.58038237779894       -2.78371298895386       -0.52198079704105
H            3.24852100452382       -0.45378343588397        1.56779302290493
H            3.70299430006788       -4.41452928220390       -1.43866521533267
H            1.67280753595340       -3.01098969346393       -1.48235186810891
H            7.38198033436475       -3.55348368649693        1.57824035438253
H            6.00235180812889       -1.40602414102271        2.47982530483311
26
 energy: -49.962602762125 gnorm: 0.002371738930 xtb: 6.7.1 (edcfbbe)
N            1.18967302665154        0.39266614754019        0.44286909760224
C            1.09837936322626       -0.88877879020355        0.08660028316894
C           -0.15129708229806       -1.45455735350457       -0.19608940277637
C           -1.25845414451055       -0.62610945014444       -0.07160578555285
N           -1.14539505148062        0.65644015047485        0.26522702144255
C            0.07546279539737        1.09418503846123        0.49704474806914
C           -2.64544513801640       -1.13791343010858       -0.29394589480853
O           -3.63540072063367       -0.46483888247072       -0.35839639423470
O           -2.67383772501422       -2.47713191051580       -0.41344974062516
C            2.33359141411518       -1.67665102850528        0.06802106503422
C            3.36288538209643       -1.31464594131196        0.92621144487959
C            4.50299049131177       -2.10631336866125        0.96264833490730
C            4.60258070666778       -3.23393038464297        0.11794290579765
C            3.59279172542994       -3.57773984936006       -0.76989828163863
C            2.46115329893789       -2.79279871885708       -0.77653306081733
O            5.77571453201163       -3.86691874049256        0.32258493498346
C            6.42705397557438       -3.16688585954122        1.28247344701255
C            5.72215404500781       -2.09584468955061        1.71119602871730
H           -0.26646132381914       -2.49134510350677       -0.46045667822876
H            0.17214795105795        2.13720439202780        0.77091056494031
H           -3.58977392936317       -2.77143996200815       -0.54376177000398
H            3.25515133215448       -0.44592701452702        1.55499833813780
H            3.69575923155159       -4.42980599493738       -1.42204270052940
H            1.66442423447869       -3.02684582154048       -1.46530808386575
H            7.38930641122358       -3.54326953369780        1.57197303957347
H            6.01367519824215       -1.38769390041548        2.45842653881381
26
 energy: -49.962641510572 gnorm: 0.002139783243 xtb: 6.7.1 (edcfbbe)
N            1.18896141560022        0.38598700693935        0.45168448270089
C            1.09611576539563       -0.89450857790748        0.09227774403799
C           -0.15397265272294       -1.45816658465742       -0.19216706280854
C           -1.25936048033476       -0.62715170865404       -0.07007848924019
N           -1.14532772665363        0.65389430347774        0.27136739710927
C            0.07558525146588        1.08874151432592        0.50849668122937
C           -2.64774461869368       -1.13139358126596       -0.30185326028573
O           -3.63242434051059       -0.45137851358118       -0.37398587726484
O           -2.68275448938198       -2.46985674520728       -0.42333813436404
C            2.33203356563820       -1.68144292403117        0.07144254166635
C            3.36459837813542       -1.31485704772632        0.92388888885643
C            4.50633705034596       -2.10430930704893        0.95837396181921
C            4.60423617956953       -3.23559015359693        0.11917152654744
C            3.59163255743327       -3.58434593364296       -0.76331742567066
C            2.45897935801754       -2.80079101520515       -0.76906584975643
O            5.77883543881110       -3.86609452943233        0.32314082844770
C            6.43292812570553       -3.16071474531125        1.27645040710641
C            5.72800402008581       -2.08837778565616        1.70240383908609
H           -0.27101325621168       -2.49432002164140       -0.45795010088324
H            0.17321576856957        2.12976564446123        0.78779357444583
H           -3.59872304178160       -2.76087617244091       -0.56055807416621
H            3.25818827399494       -0.44386607258731        1.54941606097831
H            3.69323580741456       -4.43865166191106       -1.41271167703925
H            1.66019455484345       -3.03901970081085       -1.45374325167377
H            7.39632958727427       -3.53407989992656        1.56598449218695
H            6.02073950799059       -1.37548578696119        2.44451677693347
26
 energy: -49.962672272705 gnorm: 0.001396562133 xtb: 6.7.1 (edcfbbe)
N            1.18856977126490        0.38041024704545        0.45876594141473
C            1.09385162680257       -0.89981007046061        0.09749795478162
C           -0.15676491502105       -1.46131864158421       -0.18902697995110
C           -1.26026410695004       -0.62749998451803       -0.06976636239998
N           -1.14473910708082        0.65301196810619        0.27415332613666
C            0.07629671870802        1.08500269317268        0.51570351164516
C           -2.65009158506721       -1.12577432175419       -0.30862971927234
O           -3.63049433628034       -0.44051035497580       -0.38537350207030
O           -2.69005294312028       -2.46349121743503       -0.43055884958566
C            2.33014444547955       -1.68626250610482        0.07539195252345
C            3.36501813701869       -1.31614768823260        0.92374221749296
C            4.50863839977807       -2.10316012253034        0.95609131566610
C            4.60563936051551       -3.23652938888766        0.11984253309921
C            3.59123249523389       -3.58932965413424       -0.75896308955235
C            2.45720634161728       -2.80757427303177       -0.76293192620133
O            5.78217909605362       -3.86456888319853        0.32206151455392
C            6.43820394901221       -3.15494672130263        1.27095160198563
C            5.73240170414090       -2.08266325483655        1.69630471346094
H           -0.27522408505355       -2.49743417667591       -0.45518620792420
H            0.17525251418381        2.12488036904821        0.79954995942509
H           -3.60554624803046       -2.75285196817428       -0.57260069121673
H            3.25945767559627       -0.44384789237005        1.54788782933828
H            3.69211808272273       -4.44483193849599       -1.40710623902823
H            1.65729794627321       -3.04935813506458       -1.44519895533026
H            7.40289543687906       -3.52555051803516        1.55958864560048
H            6.02560362532406       -1.36673356556913        2.43544950540706
26
 energy: -49.962708638660 gnorm: 0.001728771048 xtb: 6.7.1 (edcfbbe)
N            1.18833577768821        0.37278010033103        0.46542588103272
C            1.09038792058570       -0.90772200533688        0.10577189575534
C           -0.16130592416053       -1.46581869606304       -0.18150794998781
C           -1.26183000923829       -0.62738529415336       -0.06881069449942
N           -1.14332985910614        0.65319186899830        0.27331031251293
C            0.07804732330412        1.08070108459682        0.52013514170395
C           -2.65349100592779       -1.11825216679800       -0.31595503426605
O           -3.62891187552192       -0.42684862661816       -0.39962178507622
O           -2.69985187396235       -2.45522516395892       -0.43736287162429
C            2.32685401395061       -1.69405543474996        0.08281062484381
C            3.36342032710324       -1.32099382507591        0.92743686997788
C            4.51041980119573       -2.10350937090904        0.95588896449850
C            4.60824472489742       -3.23602660193853        0.11972063270977
C            3.59238172638187       -3.59313379353677       -0.75544482635889
C            2.45536264409540       -2.81540275196881       -0.75522617443293
O            5.78900028440961       -3.85900991531653        0.31672033782548
C            6.44581612271265       -3.14680404281445        1.26283541797847
C            5.73691894680244       -2.07777727878280        1.69091508766100
H           -0.28179420010971       -2.50240548713066       -0.44490272768279
H            0.17962645619425        2.11977412832871        0.80355404640656
H           -3.61510642222579       -2.74119087516698       -0.58683428164930
H            3.25754875662037       -0.44939277764090        1.55240328723077
H            3.69388138113125       -4.44804989861400       -1.40396671615716
H            1.65490774144125       -3.06093324574054       -1.43574426229943
H            7.41324489963104       -3.51309485407867        1.54768222594808
H            6.03005232210798       -1.36030507586149        2.42840659794781
26
 energy: -49.962739502930 gnorm: 0.001519989178 xtb: 6.7.1 (edcfbbe)
N            1.18839176454669        0.36675517859350        0.47208965608683
C            1.08763973006044       -0.91423168828647        0.11318955413869
C           -0.16510160816914       -1.46908499802519       -0.17680420631169
C           -1.26309726441051       -0.62643400933185       -0.07020282979694
N           -1.14142816228662        0.65477279910622        0.26995531181888
C            0.08029479793447        1.07835884658189        0.52173591301922
C           -2.65572673292733       -1.11252430909715       -0.32202880903398
O           -3.62788868055708       -0.41728161976913       -0.41115588934454
O           -2.70633970227921       -2.44917607597589       -0.44272071919307
C            2.32358538665602       -1.70133893905216        0.09078010524749
C            3.36130845884502       -1.32571891387546        0.93296641698915
C            4.51107900939027       -2.10436380291461        0.95751026049692
C            4.60983051843580       -3.23597913904978        0.11968543321076
C            3.59234930246126       -3.59653862284069       -0.75238601559250
C            2.45268380511728       -2.82247992683455       -0.74786456688374
O            5.79428463930242       -3.85451061300136        0.31073321371323
C            6.45228041318755       -3.13953901072888        1.25486179889954
C            5.74079270627728       -2.07356278979946        1.68716280876271
H           -0.28745049144371       -2.50627753396668       -0.43816717014957
H            0.18438601871957        2.11761548229961        0.80718108682752
H           -3.62123396595629       -2.73274046550028       -0.59751580143902
H            3.25493961859026       -0.45453272706385        1.55907702628660
H            3.69457913132693       -4.45079597179216       -1.40194101072799
H            1.65143735822996       -3.07058745510661       -1.42685553481134
H            7.42293143965964       -3.50155989960987        1.53420126301906
H            6.03430250928967       -1.35513379495864        2.42415270476653
26
 energy: -49.962769492294 gnorm: 0.001488420984 xtb: 6.7.1 (edcfbbe)
N            1.18841685945985        0.36093449673915        0.47768979968044
C            1.08492782027715       -0.92065108108335        0.12165957926836
C           -0.16883320828287       -1.47224033737905       -0.17002779679937
C           -1.26433652153578       -0.62513877605823       -0.07112375571839
N           -1.13927311197742        0.65693221867178        0.26486249880165
C            0.08274278510112        1.07653481334152        0.52145654390257
C           -2.65727456341152       -1.10701983144795       -0.32927392159686
O           -3.62682588019391       -0.40898717624778       -0.42315154798828
O           -2.71217259996225       -2.44387254935452       -0.44740679369874
C            2.32003826391024       -1.70904555050171        0.10061283721655
C            3.35827394069466       -1.33220990116057        0.94148391975611
C            4.51097910047424       -2.10652386079794        0.96098677325678
C            4.61198920192889       -3.23490574388825        0.11892822402536
C            3.59242885848632       -3.59831966210090       -0.74965114162824
C            2.44971866428797       -2.82867334462910       -0.73988322501709
O            5.80115019698969       -3.84706314426463        0.30159464110355
C            6.45961864253613       -3.13154098377454        1.24515610123060
C            5.74387000533229       -2.07184335363514        1.68496999526733
H           -0.29352392689724       -2.51004997037635       -0.42802970301173
H            0.18958838728903        2.11643509835041        0.80122420210592
H           -3.62742149902202       -2.72338507169445       -0.60653997741082
H            3.25045296957264       -0.46277064110321        1.56977426782347
H            3.69605192668752       -4.45101748422097       -1.40114467737021
H            1.64700525799412       -3.07867311660258       -1.41665741236093
H            7.43423866091543       -3.48878683411668        1.51691372890331
H            6.03699976934637       -1.35500821266442        2.42321684025740
26
 energy: -49.962795160421 gnorm: 0.001360989731 xtb: 6.7.1 (edcfbbe)
N            1.18815797338758        0.35494342723725        0.48295605237289
C            1.08196266049952       -0.92730368694069        0.13202291243489
C           -0.17259906122142       -1.47545912952975       -0.16150007419674
C           -1.26545162137046       -0.62375528701442       -0.07207292413732
N           -1.13708777504110        0.65922717065830        0.25678455077367
C            0.08515091656619        1.07496283415093        0.51717710965743
C           -2.65828477715343       -1.10137134358673       -0.33625923403205
O           -3.62557694365027       -0.40063446006616       -0.43885985390022
O           -2.71756692025680       -2.43865813354558       -0.45214572282626
C            2.31605200338641       -1.71730394211980        0.11278395123340
C            3.35490406326090       -1.34009568295435        0.95253168956358
C            4.51052896811422       -2.10996166933123        0.96581247179677
C            4.61412208454697       -3.23390430803508        0.11804291825938
C            3.59182409404948       -3.59992068405476       -0.74591925851896
C            2.44602657715069       -2.83503924270402       -0.72983623064235
O            5.80837737546624       -3.83872618464333        0.29039920533459
C            6.46763723404008       -3.12358404490038        1.23350939602600
C            5.74768473154769       -2.07044746028931        1.68236520613706
H           -0.30025601524605       -2.51366685674368       -0.41560402699031
H            0.19448883604746        2.11574381668063        0.79595546410528
H           -3.63377338212936       -2.71315463568680       -0.61731710588871
H            3.24565212043529       -0.47271011899756        1.58315046780041
H            3.69695895375013       -4.45026652331644       -1.39998233689564
H            1.64149049653496       -3.08627640806783       -1.40357847032746
H            7.44701080166076       -3.47511080530131        1.49561150739638
H            6.04139660562497       -1.35441664089731        2.42161233546299
26
 energy: -49.962812577002 gnorm: 0.001088619977 xtb: 6.7.1 (edcfbbe)
N            1.18781236118884        0.35130320745049        0.49113397047289
C            1.08004407502897       -0.93126196978375        0.13961392187846
C           -0.17479297080837       -1.47702941201761       -0.15866821833549
C           -1.26589348355906       -0.62232107150627       -0.07548091574368
N           -1.13548413341398        0.66134983376857        0.25253071516371
C            0.08665170584124        1.07444386761484        0.52013299299765
C           -2.65824555922908       -1.09769042215801       -0.34395076550932
O           -3.62402458749497       -0.39580833660314       -0.45058665886682
O           -2.71982970848278       -2.43523206852863       -0.45852200360825
C            2.31309727437472       -1.72287688909952        0.12247913727470
C            3.35338002013969       -1.34467460176766        0.96060806467847
C            4.51075579992113       -2.11173493682870        0.96883326691987
C            4.61480102703184       -3.23413228866206        0.11779401077034
C            3.58928601810593       -3.60284579595273       -0.74133636248135
C            2.44197937345545       -2.84054662845857       -0.72067512052916
O            5.81208887908565       -3.83420049454144        0.28265125161230
C            6.47382156502179       -3.11711069972642        1.22340965891119
C            5.75154808100529       -2.06818053214306        1.67906783202717
H           -0.30476295683795       -2.51529478239923       -0.41163713437674
H            0.19777114115310        2.11597446717931        0.79254689172515
H           -3.63624943204100       -2.70762254313054       -0.62484764154212
H            3.24411155565620       -0.47775957075415        1.59213212876642
H            3.69397164426201       -4.45288242930087       -1.39640653070980
H            1.63492362784913       -3.09345312604203       -1.39075901866283
H            7.45636262209743       -3.46456347018576        1.47858262987041
H            6.04570606064941       -1.35273930642244        2.41899389729552
26
 energy: -49.962822371094 gnorm: 0.001150915255 xtb: 6.7.1 (edcfbbe)
N            1.18723516907980        0.34927723964695        0.49535517999062
C            1.07900453963525       -0.93325816984606        0.14437925861562
C           -0.17569479161730       -1.47774619498362       -0.15641044102955
C           -1.26597225640465       -0.62161849533299       -0.07648753037489
N           -1.13486363550302        0.66208087812025        0.25130364501166
C            0.08700770111961        1.07381389618535        0.52080034347427
C           -2.65801551295231       -1.09546269306416       -0.35013324209017
O           -3.62267578413036       -0.39281187913691       -0.45901605318348
O           -2.72099950332644       -2.43312986796086       -0.46321694493656
C            2.31164399880133       -1.72545021423088        0.12798734061485
C            3.35351959623538       -1.34610512708593        0.96398494054237
C            4.51164956031356       -2.11195758041331        0.96941406445466
C            4.61508306363987       -3.23427901959546        0.11789560312629
C            3.58712890265896       -3.60518937021619       -0.73749930965013
C            2.43911257293124       -2.84406769385360       -0.71431298355749
O            5.81419131447287       -3.83142154030421        0.27850311324242
C            6.47756360205101       -3.11323252512847        1.21713989354634
C            5.75411935428666       -2.06695796353433        1.67611699699924
H           -0.30682708625392       -2.51585028887325       -0.40973245553116
H            0.19856669248518        2.11532888848648        0.79510418216309
H           -3.63754529223540       -2.70425101847453       -0.63035896160635
H            3.24485393241572       -0.47923251499043        1.59560404611002
H            3.69056802795085       -4.45589939076663       -1.39214620918187
H            1.63014045397853       -3.09863607190696       -1.38160693662097
H            7.46170045910998       -3.45842505782323        1.46890482926107
H            6.04833492125826       -1.35240822491637        2.41606763060877
26
 energy: -49.962830273628 gnorm: 0.000534886387 xtb: 6.7.1 (edcfbbe)
N            1.18680162590161        0.34853452426991        0.49754108970337
C            1.07850316337968       -0.93385026103461        0.14656520505259
C           -0.17614587837156       -1.47803316997005       -0.15459908686144
C           -1.26625326154028       -0.62175835692699       -0.07576458548171
N           -1.13533841241317        0.66156241803603        0.25236022235117
C            0.08643133783416        1.07292653211309        0.52305770477126
C           -2.65836072555843       -1.09472886805754       -0.35074724286608
O           -3.62229078201264       -0.39108536180113       -0.46277294820848
O           -2.72137510584121       -2.43207830473665       -0.46700224714432
C            2.31119841081916       -1.72603347597342        0.12974763189867
C            3.35400548387203       -1.34615607719661        0.96385242491615
C            4.51236429179418       -2.11179439545706        0.96850051959110
C            4.61461537052035       -3.23500505435048        0.11885015656972
C            3.58587764264455       -3.60663958976972       -0.73488371934151
C            2.43800115574205       -2.84531340116938       -0.71131622021284
O            5.81378395212954       -3.83229614509142        0.27906027302479
C            6.47851665576774       -3.11300597368584        1.21547534390051
C            5.75632000483592       -2.06503804520244        1.67274017238826
H           -0.30722997307554       -2.51589925641966       -0.40827488645845
H            0.19781213249533        2.11390057048215        0.79851746599252
H           -3.63751317002049       -2.70284903253688       -0.63797161741445
H            3.24652354120946       -0.47839195406488        1.59427447205430
H            3.68836589458853       -4.45777970276822       -1.38852838014503
H            1.62872441102233       -3.10027415421468       -1.37775817020291
H            7.46310569884520       -3.45762850225815        1.46651193778287
H            6.05238653543213       -1.34817496221469        2.41020448433859
26
 energy: -49.962839024982 gnorm: 0.000943821778 xtb: 6.7.1 (edcfbbe)
N            1.18600045030365        0.34793311977722        0.50103708889613
C            1.07803887211941       -0.93412322363778        0.14903817411827
C           -0.17644367846855       -1.47833266892201       -0.15251069644257
C           -1.26659477050822       -0.62216200934834       -0.07451160447717
N           -1.13627681308119        0.66060497705769        0.25515296531109
C            0.08525403906549        1.07179357396573        0.52746871476108
C           -2.65808369420337       -1.09390582181211       -0.35501774942715
O           -3.62140978682256       -0.38931884985186       -0.46767252513522
O           -2.72173823009873       -2.43100433451781       -0.47245961640804
C            2.31100442722883       -1.72603796410711        0.13134211128907
C            3.35550781464596       -1.34483259110304        0.96241573245642
C            4.51382053473746       -2.11074117309414        0.96650291636615
C            4.61368543269761       -3.23634775556432        0.12044772131314
C            3.58375353776355       -3.60904465942125       -0.73116308223516
C            2.43646173690793       -2.84679816733282       -0.70772026738764
O            5.81262260021092       -3.83438256562976        0.28066593150689
C            6.47966643018272       -3.11266691976081        1.21312044311880
C            5.75920674230260       -2.06251560966148        1.66833767877377
H           -0.30727227926306       -2.51601642545345       -0.40664959752242
H            0.19623291490437        2.11222431626204        0.80442219757959
H           -3.63757333883097       -2.70145142297166       -0.64642643715724
H            3.24963933895738       -0.47597279991910        1.59151611347952
H            3.68461362228227       -4.46130611256306       -1.38316704524224
H            1.62656565884741       -3.10257273535690       -1.37287995679376
H            7.46445539603377       -3.45704343195535        1.46389584930773
H            6.05769304208594       -1.34286874507781        2.40245493994966
26
 energy: -49.962849247724 gnorm: 0.000851506511 xtb: 6.7.1 (edcfbbe)
N            1.18499333083206        0.34737131451234        0.50562466020897
C            1.07760655602960       -0.93434797403464        0.15192846844117
C           -0.17667495184007       -1.47863171785239       -0.15057347698865
C           -1.26688202686843       -0.62236349214280       -0.07370619307578
N           -1.13717007335044        0.65987053974921        0.25841471986267
C            0.08394430693261        1.07072349073294        0.53324086802465
C           -2.65782252470289       -1.09331918417227       -0.35866357669675
O           -3.62019427909638       -0.38791086604286       -0.47307890806329
O           -2.72172740237172       -2.42997642532033       -0.47942108626189
C            2.31093159726133       -1.72579612032188        0.13287668963649
C            3.35773404701519       -1.34234783062946        0.96018938627845
C            4.51575898306778       -2.10884072840185        0.96389857865439
C            4.61256125559636       -3.23797239868143        0.12217135328508
C            3.58084305256514       -3.61240267903027       -0.72669079358752
C            2.43436166449639       -2.84890712161301       -0.70362488298282
O            5.81119016540988       -3.83687775142141        0.28242731889170
C            6.48087505377880       -3.11199628519271        1.21034176312973
C            5.76251204117539       -2.05934924716649        1.66321314040217
H           -0.30734607886618       -2.51628853734666       -0.40507541295357
H            0.19435030741186        2.11055140544999        0.81286802681222
H           -3.63693120565698       -2.69994959631994       -0.65743189266919
H            3.25391752724515       -0.47172277193306        1.58727863488310
H            3.67951972944323       -4.46681562271975       -1.37633387180363
H            1.62337420458026       -3.10605364719590       -1.36701553166666
H            7.46561459617520       -3.45645104751206        1.46119523916929
H            6.06349012373750       -1.33708570539257        2.39358677906840
26
 energy: -49.962860828822 gnorm: 0.000540813591 xtb: 6.7.1 (edcfbbe)
N            1.18386798337640        0.34649124525029        0.51172511986646
C            1.07733956197885       -0.93455306866709        0.15489311428502
C           -0.17677816133481       -1.47862693734930       -0.14910130172855
C           -1.26705921514497       -0.62236000828350       -0.07295162340787
N           -1.13800205871231        0.65915361689174        0.26273837712086
C            0.08258152304651        1.06933889782303        0.54083677966184
C           -2.65714960427529       -1.09247816948978       -0.36369885231894
O           -3.61896498565408       -0.38656827299174       -0.47897975980104
O           -2.72081880914307       -2.42875209817044       -0.48844840841842
C            2.31076954261024       -1.72563722370123        0.13450204979152
C            3.36024095184956       -1.33927638551826        0.95735039157464
C            4.51777587819707       -2.10647421681911        0.96092805298805
C            4.61136055928273       -3.23959492719269        0.12373792862967
C            3.57710866638454       -3.61669571963267       -0.72102289412744
C            2.43140676055803       -2.85213371278016       -0.69820616343049
O            5.80964411950242       -3.83920906749179        0.28387092689857
C            6.48210611291094       -3.11110325756359        1.20735558207743
C            5.76634106667981       -2.05522857434122        1.65677541667708
H           -0.30746274606114       -2.51602197891779       -0.40486349055257
H            0.19220776772683        2.10827700280628        0.82467923436435
H           -3.63531124502763       -2.69816164495098       -0.67019334207520
H            3.25896339808445       -0.46566666946368        1.58077942765790
H            3.67314537737127       -4.47435042628341       -1.36712629988755
H            1.61868101897086       -3.11140406663270       -1.35878326577311
H            7.46684335466312       -3.45573810855409        1.45794832299931
H            6.06999318216032       -1.33011622797536        2.38289467692723
26
 energy: -49.962872261423 gnorm: 0.000424158222 xtb: 6.7.1 (edcfbbe)
N            1.18276717792722        0.34519065093397        0.51881172304542
C            1.07705776538268       -0.93488279912939        0.15795215954062
C           -0.17693335455790       -1.47811256560461       -0.14848742460693
C           -1.26720315960343       -0.62188553618306       -0.07247801353913
N           -1.13876050112561        0.65861142663334        0.26768910353699
C            0.08131295363111        1.06761965453563        0.54970478209921
C           -2.65636118581169       -1.09129922145718       -0.36856783277388
O           -3.61801450991359       -0.38534153825869       -0.48429778613919
O           -2.71914603442488       -2.42717260581710       -0.49885309537431
C            2.31047985732617       -1.72568057453005        0.13594443256630
C            3.36302872285314       -1.33572904570857        0.95341648716650
C            4.51993055955591       -2.10373708214725        0.95733454836748
C            4.61006333183576       -3.24145596077913        0.12560029084097
C            3.57292279654330       -3.62186676191475       -0.71416578271365
C            2.42794727420887       -2.85631370700153       -0.69180780700821
O            5.80798826980666       -3.84153306282080        0.28556275524974
C            6.48392541282179       -3.10924234410331        1.20349237521415
C            5.77010461534026       -2.05093200679261        1.65008524907154
H           -0.30787922482453       -2.51489839415112       -0.40659207992327
H            0.19031824517658        2.10552418863133        0.83783578043312
H           -3.63295651160071       -2.69599673873191       -0.68440955610871
H            3.26375054372363       -0.45928733626158        1.57317528821834
H            3.66646512122577       -4.48292272191931       -1.35627515784142
H            1.61303025192824       -3.11853235667011       -1.34853902580266
H            7.46882749625285       -3.45396721848433        1.45322385464277
H            6.07616408632306       -1.32304634226705        2.37228473183700
26
 energy: -49.962882020777 gnorm: 0.000473156485 xtb: 6.7.1 (edcfbbe)
N            1.18188805577709        0.34346064708267        0.52551613501427
C            1.07660667087147       -0.93558498350126        0.16060015833046
C           -0.17729056068358       -1.47740342363094       -0.14894329011434
C           -1.26741232716924       -0.62109705434834       -0.07227329388500
N           -1.13928424812178        0.65830712567672        0.27234277467115
C            0.08053078195236        1.06592881910431        0.55755036467066
C           -2.65574523013959       -1.08974366927165       -0.37303034144396
O           -3.61755370571592       -0.38397771384377       -0.48789025750709
O           -2.71770173404722       -2.42523438083447       -0.50873139150475
C            2.30978092184179       -1.72658862532996        0.13770276294319
C            3.36486111734663       -1.33355315642045        0.95066546312775
C            4.52150996304087       -2.10181366263102        0.95466601339458
C            4.60918229699305       -3.24301071842837        0.12731199340568
C            3.56945882898122       -3.62675951539155       -0.70777859179344
C            2.42479240711993       -2.86079767890074       -0.68561664479153
O            5.80717282795995       -3.84281293004269        0.28659693960659
C            6.48567250510677       -3.10728960360860        1.20024874658837
C            5.77368943041185       -2.04640668754148        1.64361113968814
H           -0.30871777420543       -2.51335987669983       -0.41009665761085
H            0.18922957631895        2.10263006830134        0.85021292559113
H           -3.63107433601056       -2.69345564063518       -0.69717041142259
H            3.26744949066275       -0.45402692366857        1.56638579371936
H            3.66092504631257       -4.49090054787557       -1.34609721575057
H            1.60803496407997       -3.12597719949482       -1.33882932450083
H            7.47093876163502       -3.45178946714325        1.44870171877825
H            6.08188626968171       -1.31563320092166        2.36198449079419
26
 energy: -49.962889883720 gnorm: 0.000404772829 xtb: 6.7.1 (edcfbbe)
N            1.18134541405706        0.34137884826118        0.53097850145121
C            1.07609667151399       -0.93669224809673        0.16250463619185
C           -0.17778368135708       -1.47686653602798       -0.14998751658090
C           -1.26763152630985       -0.62031849546561       -0.07224357924237
N           -1.13946105788994        0.65802144513711        0.27620688827773
C            0.08026836694326        1.06416583105805        0.56393460367068
C           -2.65557494413843       -1.08793544013987       -0.37611581796887
O           -3.61762960837031       -0.38213302330347       -0.48942749522955
O           -2.71701890848241       -2.42302834238623       -0.51703244850594
C            2.30900605537457       -1.72802212595478        0.13932102657316
C            3.36589119478853       -1.33242223216326        0.94876123131183
C            4.52261388023817       -2.10047647886803        0.95273062610969
C            4.60865082313600       -3.24433888893432        0.12894862068838
C            3.56703050591568       -3.63097632672036       -0.70238475669546
C            2.42239112447052       -2.86502797941424       -0.68034272518668
O            5.80698867953708       -3.84345544875948        0.28751489540114
C            6.48759468832338       -3.10473059377438        1.19713073312594
C            5.77633998977221       -2.04267175659787        1.63869169800685
H           -0.30979822558024       -2.51186153146926       -0.41448156347284
H            0.18919139926151        2.10006021625454        0.85924463440867
H           -3.63016463755140       -2.69055087842380       -0.70750508509014
H            3.26947752147728       -0.45093427963465        1.56174200833482
H            3.65715906009778       -4.49730910557177       -1.33785503729515
H            1.60439834218910       -3.13273336743126       -1.33088609929833
H            7.47350658353915       -3.44845023630076        1.44410716685073
H            6.08594228904504       -1.30958102527189        2.35408485416239
26
 energy: -49.962896683167 gnorm: 0.000317890031 xtb: 6.7.1 (edcfbbe)
N            1.18104619516426        0.33898575598404        0.53532540723442
C            1.07542336402266       -0.93831569314872        0.16419444370541
C           -0.17847133953006       -1.47663524006739       -0.15135958526143
C           -1.26788586088783       -0.61964341948820       -0.07236879627704
N           -1.13933544317552        0.65774485352538        0.27920920159503
C            0.08050523079150        1.06250546426403        0.56845542583826
C           -2.65575636549644       -1.08591255466155       -0.37837715171648
O           -3.61782783519899       -0.37975305990434       -0.48933369252316
O           -2.71729833202835       -2.42051670234520       -0.52426201874535
C            2.30812787389335       -1.72997022600050        0.14094649953770
C            3.36623577050113       -1.33227121491207        0.94776921518417
C            4.52333674029143       -2.09970638896073        0.95152656314264
C            4.60847655089112       -3.24549034991608        0.13047868781880
C            3.56548056345188       -3.63468176253169       -0.69786293237662
C            2.42064558377612       -2.86900065463947       -0.67595740353042
O            5.80756806032753       -3.84333638659782        0.28799636300967
C            6.48957034270336       -3.10192666234657        1.19437216145172
C            5.77845990152133       -2.03929953832803        1.63476980593491
H           -0.31117500415747       -2.51066265129963       -0.41910356769940
H            0.18986516318914        2.09756073250697        0.86648096182978
H           -3.63046421670292       -2.68711484698030       -0.71602151742740
H            3.27034896800341       -0.44945236071569        1.55885780970001
H            3.65481822684613       -4.50257485020418       -1.33120039741361
H            1.60177026910119       -3.13898802401615       -1.32435934364228
H            7.47632960081515       -3.44433529456926        1.43980517721288
H            6.08903599188752       -1.30409892464592        2.34765868341663
26
 energy: -49.962902959459 gnorm: 0.000254749313 xtb: 6.7.1 (edcfbbe)
N            1.18090976250848        0.33618686142407        0.53922482872455
C            1.07467901615462       -0.94034262587769        0.16543364553681
C           -0.17932635924732       -1.47673958779183       -0.15283434898442
C           -1.26816272381960       -0.61908650428803       -0.07259675605547
N           -1.13898417745021        0.65737411437778        0.28193523261164
C            0.08099681143253        1.06057590100372        0.57287704073699
C           -2.65626995642923       -1.08359988585959       -0.38014667198186
O           -3.61815538570176       -0.37664505387451       -0.48799269515125
O           -2.71844120213295       -2.41760942588767       -0.53128194341244
C            2.30710676795513       -1.73250341642842        0.14272458381019
C            3.36603784963915       -1.33292206854815        0.94756608460490
C            4.52382753226801       -2.09928692279862        0.95084246113030
C            4.60868534255837       -3.24641226279141        0.13179863316500
C            3.56459751807668       -3.63810485593209       -0.69394329932508
C            2.41926488924143       -2.87313182882464       -0.67194474683527
O            5.80873721925363       -3.84267682615958        0.28819966684499
C            6.49172283656766       -3.09870000931005        1.19166554220756
C            5.78033146284668       -2.03594807382232        1.63133250377101
H           -0.31284910447406       -2.50986904193230       -0.42350353154694
H            0.19124132152896        2.09526853613339        0.87156642762716
H           -3.63181423133443       -2.68300320550911       -0.72386577718704
H            3.27046998704502       -0.44899166275125        1.55708964832848
H            3.65345876885710       -4.50729089862718       -1.32550258742231
H            1.59983074183480       -3.14513195709163       -1.31872301831878
H            7.47943219927287       -3.43942009238384        1.43564326074692
H            6.09150311354908       -1.29887920644808        2.34207581637320
26
 energy: -49.962908752310 gnorm: 0.000239297034 xtb: 6.7.1 (edcfbbe)
N            1.18090095865961        0.33322770714155        0.54236244130194
C            1.07384807526584       -0.94277970786600        0.16691858974645
C           -0.18032588485259       -1.47727522811182       -0.15379949417261
C           -1.26845698259024       -0.61874536445558       -0.07271367554348
N           -1.13842462089421        0.65698993277910        0.28390256594471
C            0.08181214395701        1.05878957163902        0.57569312979394
C           -2.65700703037869       -1.08111435848347       -0.38161751408690
O           -3.61846721863195       -0.37296292597633       -0.48603778742510
O           -2.72026656577196       -2.41443362961415       -0.53818052103318
C            2.30611308942837       -1.73526229022819        0.14452919971381
C            3.36573554928139       -1.33377233523824        0.94755007072559
C            4.52428971077420       -2.09893151889647        0.95032442205065
C            4.60910061216922       -3.24724926093798        0.13302230142180
C            3.56409203116080       -3.64136713074114       -0.69037214941199
C            2.41814702940124       -2.87727391813329       -0.66821015920039
O            5.81029892402133       -3.84163303920497        0.28811293684852
C            6.49402722120414       -3.09516159195769        1.18889771576703
C            5.78192248705722       -2.03284767701897        1.62844783543283
H           -0.31472579343220       -2.50958276861091       -0.42709579599328
H            0.19281032414660        2.09279591387990        0.87656683945857
H           -3.63395928439815       -2.67833683586281       -0.73140849320328
H            3.27014843412990       -0.44919001189374        1.55607361362792
H            3.65276894824379       -4.51154129621094       -1.32055656553501
H            1.59820427489799       -3.15123720769530       -1.31348861178245
H            7.48282388782373       -3.43384167347790        1.43136632341445
H            6.09341967932825       -1.29415335482269        2.33735278213835
26
 energy: -49.962913740730 gnorm: 0.000196680421 xtb: 6.7.1 (edcfbbe)
N            1.18090389502271        0.33037847825020        0.54521362176811
C            1.07301618370603       -0.94522511349205        0.16848808805251
C           -0.18137550456049       -1.47807029263186       -0.15414622599943
C           -1.26873591503681       -0.61854053174718       -0.07284207523477
N           -1.13782211653161        0.65662243824587        0.28542312610933
C            0.08257985473254        1.05700858391684        0.57847819301478
C           -2.65772965402005       -1.07876436636916       -0.38298184837549
O           -3.61860074023913       -0.36937087759232       -0.48389864225235
O           -2.72224891165504       -2.41132922945284       -0.54492235909923
C            2.30516306814343       -1.73793997784632        0.14631240059823
C            3.36532897469306       -1.33477554980705        0.94780339373815
C            4.52467032621411       -2.09869654077013        0.94998604852494
C            4.60962763546366       -3.24789534978809        0.13396779359790
C            3.56380585265221       -3.64420534311964       -0.68732507329252
C            2.41722526852324       -2.88101429806714       -0.66491243396072
O            5.81198715508707       -3.84036294861972        0.28764078627187
C            6.49618639288131       -3.09188335237475        1.18635157121162
C            5.78337395149750       -2.03000653925584        1.62586815092351
H           -0.31667124053857       -2.50982541329032       -0.42903194197615
H            0.19447772129818        2.09071883979037        0.87993729813164
H           -3.63629292672200       -2.67363449822694       -0.73872723993816
H            3.26969227596440       -0.44957529573419        1.55541457092108
H            3.65245252898430       -4.51515406162100       -1.31642828141472
H            1.59670570744650       -3.15686606651216       -1.30865741289331
H            7.48599792168397       -3.42860962519123        1.42741966504365
H            6.09511229531010       -1.28987306869236        2.33320882652841
